 guideXOS

 Timestamp is 694864c1 (Sun Dec 21 13:21:05 2025)

 Preferred load address is 0000000010000000

 Start         Length     Name                   Class
 0001:00000000 0000073aH .text                   CODE
 0002:00000000 00000039H .unbox$M                CODE
 0003:00000000 0007863cH .managedcode$I          CODE
 0004:00000000 00014274H .rdata                  DATA
 0004:00014274 00000018H .rdata$voltmd           DATA
 0004:0001428c 0000017cH .rdata$zzzdbg           DATA
 0004:00014408 00014e12H .xdata                  DATA
 0004:0002921a 00000000H .edata                  DATA
 0005:00000000 0036f7f0H .data                   DATA
 0005:0036f7f0 00000bc8H .bss                    DATA
 0006:00000000 000043e0H .pdata                  DATA
 0007:00000000 00000008H .modules$I              DATA
 0008:00000000 000000a0H .rsrc$01                DATA
 0008:000000a0 00000440H .rsrc$02                DATA

  Address         Publics by Value              Rva+Base               Lib:Object

 0000:00000000       __AbsoluteZero             0000000000000000     <absolute>
 0000:00000000       ___safe_se_handler_count   0000000000000000     <absolute>
 0000:00000000       ___safe_se_handler_table   0000000000000000     <absolute>
 0000:00000000       __arm64x_extra_rfe_table   0000000000000000     <absolute>
 0000:00000000       __arm64x_extra_rfe_table_size 0000000000000000     <absolute>
 0000:00000000       __arm64x_native_entrypoint 0000000000000000     <absolute>
 0000:00000000       __arm64x_redirection_metadata 0000000000000000     <absolute>
 0000:00000000       __arm64x_redirection_metadata_count 0000000000000000     <absolute>
 0000:00000000       __dynamic_value_reloc_table 0000000000000000     <absolute>
 0000:00000000       __enclave_config           0000000000000000     <absolute>
 0000:00000000       __guard_check_icall_a64n_fptr 0000000000000000     <absolute>
 0000:00000000       __guard_eh_cont_count      0000000000000000     <absolute>
 0000:00000000       __guard_eh_cont_table      0000000000000000     <absolute>
 0000:00000000       __guard_fids_count         0000000000000000     <absolute>
 0000:00000000       __guard_fids_table         0000000000000000     <absolute>
 0000:00000000       __guard_flags              0000000000000000     <absolute>
 0000:00000000       __guard_iat_count          0000000000000000     <absolute>
 0000:00000000       __guard_iat_table          0000000000000000     <absolute>
 0000:00000000       __guard_longjmp_count      0000000000000000     <absolute>
 0000:00000000       __guard_longjmp_table      0000000000000000     <absolute>
 0000:00000000       __hybrid_auxiliary_delayload_iat 0000000000000000     <absolute>
 0000:00000000       __hybrid_auxiliary_delayload_iat_copy 0000000000000000     <absolute>
 0000:00000000       __hybrid_auxiliary_iat     0000000000000000     <absolute>
 0000:00000000       __hybrid_auxiliary_iat_copy 0000000000000000     <absolute>
 0000:00000000       __hybrid_code_map          0000000000000000     <absolute>
 0000:00000000       __hybrid_code_map_count    0000000000000000     <absolute>
 0000:00000000       __hybrid_image_info_bitfield 0000000000000000     <absolute>
 0000:00000000       __x64_code_ranges_to_entry_points 0000000000000000     <absolute>
 0000:00000000       __x64_code_ranges_to_entry_points_count 0000000000000000     <absolute>
 0001:00000000       __GetNonGCStaticBase_guideXOS_Program 0000000010001000     guideXOS.obj
 0001:00000008       __GetNonGCStaticBase_guideXOS_Allocator 0000000010001008     guideXOS.obj
 0001:00000010       __GetNonGCStaticBase_guideXOS_GDT 0000000010001010     guideXOS.obj
 0001:00000018       __GetNonGCStaticBase_guideXOS_IDT 0000000010001018     guideXOS.obj
 0001:00000020       __GetNonGCStaticBase_guideXOS_System_StringPool 0000000010001020     guideXOS.obj
 0001:0000003d       __GetNonGCStaticBase_guideXOS_System_Windows_Forms_Control 000000001000103d     guideXOS.obj
 0001:00000045       __GetNonGCStaticBase_guideXOS_guideXOS_Kbd2Mouse 0000000010001045     guideXOS.obj
 0001:0000004d       __GetNonGCStaticBase_guideXOS_guideXOS_Console 000000001000104d     guideXOS.obj
 0001:00000055       __GetNonGCStaticBase_guideXOS_guideXOS_PageTable 0000000010001055     guideXOS.obj
 0001:0000005d       __GetNonGCStaticBase_guideXOS_guideXOS_Intel825xx 000000001000105d     guideXOS.obj
 0001:00000065       __GetNonGCStaticBase_guideXOS_guideXOS_NETv4 0000000010001065     guideXOS.obj
 0001:0000006d       __GetNonGCStaticBase_guideXOS_guideXOS_RTL8111 000000001000106d     guideXOS.obj
 0001:00000075       __GetNonGCStaticBase_guideXOS_guideXOS_SMP 0000000010001075     guideXOS.obj
 0001:0000007d       __GetNonGCStaticBase_guideXOS_guideXOS_Network_Http 000000001000107d     guideXOS.obj
 0001:00000085       __GetNonGCStaticBase_guideXOS_guideXOS_Kernel_Drivers_AC97 0000000010001085     guideXOS.obj
 0001:0000008d       __GetNonGCStaticBase_guideXOS_guideXOS_Kernel_Drivers_ACPI 000000001000108d     guideXOS.obj
 0001:00000095       __GetNonGCStaticBase_guideXOS_guideXOS_Kernel_Drivers_DisplayManager 0000000010001095     guideXOS.obj
 0001:0000009d       __GetNonGCStaticBase_guideXOS_guideXOS_Kernel_Drivers_EHCI 000000001000109d     guideXOS.obj
 0001:000000a5       __GetNonGCStaticBase_guideXOS_guideXOS_Kernel_Drivers_Framebuffer 00000000100010a5     guideXOS.obj
 0001:000000ad       __GetNonGCStaticBase_guideXOS_guideXOS_Kernel_Drivers_HPET 00000000100010ad     guideXOS.obj
 0001:000000b5       __GetNonGCStaticBase_guideXOS_guideXOS_Kernel_Drivers_Keyboard 00000000100010b5     guideXOS.obj
 0001:000000bd       __GetNonGCStaticBase_guideXOS_guideXOS_Kernel_Drivers_PS2Keyboard 00000000100010bd     guideXOS.obj
 0001:000000c5       __GetNonGCStaticBase_guideXOS_guideXOS_Kernel_Drivers_PS2Mouse 00000000100010c5     guideXOS.obj
 0001:000000cd       __GetNonGCStaticBase_guideXOS_guideXOS_Kernel_Drivers_RTC 00000000100010cd     guideXOS.obj
 0001:000000d5       __GetNonGCStaticBase_guideXOS_guideXOS_Kernel_Drivers_SATA 00000000100010d5     guideXOS.obj
 0001:000000dd       __GetNonGCStaticBase_guideXOS_guideXOS_Kernel_Drivers_Timer 00000000100010dd     guideXOS.obj
 0001:000000e5       __GetNonGCStaticBase_guideXOS_guideXOS_Kernel_Drivers_VMwareTools 00000000100010e5     guideXOS.obj
 0001:000000ed       __GetNonGCStaticBase_guideXOS_guideXOS_Kernel_Drivers_USBStorage 00000000100010ed     guideXOS.obj
 0001:0000010a       __GetNonGCStaticBase_guideXOS_guideXOS_OS_Configuration 000000001000110a     guideXOS.obj
 0001:00000112       __GetNonGCStaticBase_guideXOS_guideXOS_OS_Firewall 0000000010001112     guideXOS.obj
 0001:0000012f       __GetNonGCStaticBase_guideXOS_guideXOS_OS_SystemMode 000000001000112f     guideXOS.obj
 0001:00000137       __GetNonGCStaticBase_guideXOS_guideXOS_Misc_Audio 0000000010001137     guideXOS.obj
 0001:0000013f       __GetNonGCStaticBase_guideXOS_guideXOS_Misc_BootSplash 000000001000113f     guideXOS.obj
 0001:00000147       __GetNonGCStaticBase_guideXOS_guideXOS_Misc_Panic 0000000010001147     guideXOS.obj
 0001:0000014f       __GetNonGCStaticBase_guideXOS_guideXOS_Misc_ThreadPool 000000001000114f     guideXOS.obj
 0001:00000157       __GetNonGCStaticBase_guideXOS_guideXOS_GUI_BackgroundRotationManager 0000000010001157     guideXOS.obj
 0001:0000015f       __GetNonGCStaticBase_guideXOS_guideXOS_GUI_Busy 000000001000115f     guideXOS.obj
 0001:00000167       __GetNonGCStaticBase_guideXOS_guideXOS_GUI_Desktop 0000000010001167     guideXOS.obj
 0001:0000016f       __GetNonGCStaticBase_guideXOS_guideXOS_GUI_Icons 000000001000116f     guideXOS.obj
 0001:0000018c       __GetNonGCStaticBase_guideXOS_guideXOS_GUI_SpecialEffects 000000001000118c     guideXOS.obj
 0001:00000194       __GetNonGCStaticBase_guideXOS_guideXOS_GUI_StartMenu 0000000010001194     guideXOS.obj
 0001:0000019c       __GetNonGCStaticBase_guideXOS_guideXOS_GUI_UISettings 000000001000119c     guideXOS.obj
 0001:000001a4       __GetNonGCStaticBase_guideXOS_guideXOS_GUI_WindowManager 00000000100011a4     guideXOS.obj
 0001:000001ac       __GetNonGCStaticBase_guideXOS_guideXOS_GUI_WorkspaceManager 00000000100011ac     guideXOS.obj
 0001:000001c9       __GetNonGCStaticBase_guideXOS_guideXOS_DockableWidgets_Clock 00000000100011c9     guideXOS.obj
 0001:000001d1       __GetNonGCStaticBase_guideXOS_guideXOS_DockableWidgets_Uptime 00000000100011d1     guideXOS.obj
 0001:000001d9       __GetNonGCStaticBase_guideXOS_guideXOS_DefaultApps_nexIRC 00000000100011d9     guideXOS.obj
 0001:000001e1       __GetNonGCStaticBase_guideXOS_guideXOS_DefaultApps_WAVPlayer 00000000100011e1     guideXOS.obj
 0001:000001e9       __GetNonGCStaticBase_guideXOS_guideXOS_DefaultApps_WebBrowser 00000000100011e9     guideXOS.obj
 0001:000001f1       __GetGCStaticBase_guideXOS_Program 00000000100011f1     guideXOS.obj
 0001:000001fc       __GetGCStaticBase_guideXOS_Allocator 00000000100011fc     guideXOS.obj
 0001:00000207       __GetGCStaticBase_guideXOS_IDT 0000000010001207     guideXOS.obj
 0001:00000212       __GetGCStaticBase_guideXOS_System_DateTime 0000000010001212     guideXOS.obj
 0001:0000021d       __GetGCStaticBase_guideXOS_System_StringPool 000000001000121d     guideXOS.obj
 0001:0000023d       __GetGCStaticBase_guideXOS_guideXOS_Animator 000000001000123d     guideXOS.obj
 0001:00000248       __GetGCStaticBase_guideXOS_guideXOS_ASC16 0000000010001248     guideXOS.obj
 0001:00000253       __GetGCStaticBase_guideXOS_guideXOS_Console 0000000010001253     guideXOS.obj
 0001:0000025e       __GetGCStaticBase_guideXOS_guideXOS_NETv4 000000001000125e     guideXOS.obj
 0001:00000269       __GetGCStaticBase_guideXOS_guideXOS_FS_Disk 0000000010001269     guideXOS.obj
 0001:00000274       __GetGCStaticBase_guideXOS_guideXOS_FS_File 0000000010001274     guideXOS.obj
 0001:0000027f       __GetGCStaticBase_guideXOS_guideXOS_Kernel_Drivers_AC97 000000001000127f     guideXOS.obj
 0001:0000028a       __GetGCStaticBase_guideXOS_guideXOS_Kernel_Drivers_ACPI 000000001000128a     guideXOS.obj
 0001:00000295       __GetGCStaticBase_guideXOS_guideXOS_Kernel_Drivers_DisplayManager 0000000010001295     guideXOS.obj
 0001:000002a0       __GetGCStaticBase_guideXOS_guideXOS_Kernel_Drivers_Framebuffer 00000000100012a0     guideXOS.obj
 0001:000002ab       __GetGCStaticBase_guideXOS_guideXOS_Kernel_Drivers_IDE 00000000100012ab     guideXOS.obj
 0001:000002b6       __GetGCStaticBase_guideXOS_guideXOS_Kernel_Drivers_Keyboard 00000000100012b6     guideXOS.obj
 0001:000002c1       __GetGCStaticBase_guideXOS_guideXOS_Kernel_Drivers_PCI 00000000100012c1     guideXOS.obj
 0001:000002cc       __GetGCStaticBase_guideXOS_guideXOS_Kernel_Drivers_PS2Mouse 00000000100012cc     guideXOS.obj
 0001:000002d7       __GetGCStaticBase_guideXOS_guideXOS_Kernel_Drivers_SATA 00000000100012d7     guideXOS.obj
 0001:000002e2       __GetGCStaticBase_guideXOS_guideXOS_Kernel_Drivers_USBStorage 00000000100012e2     guideXOS.obj
 0001:00000302       __GetGCStaticBase_guideXOS_guideXOS_OS_Firewall 0000000010001302     guideXOS.obj
 0001:00000322       __GetGCStaticBase_guideXOS_guideXOS_OS_Session 0000000010001322     guideXOS.obj
 0001:0000032d       __GetGCStaticBase_guideXOS_guideXOS_OS_SystemMode 000000001000132d     guideXOS.obj
 0001:00000338       __GetGCStaticBase_guideXOS_guideXOS_Modules_ModuleManager 0000000010001338     guideXOS.obj
 0001:00000358       __GetGCStaticBase_guideXOS_guideXOS_Misc_BootSplash 0000000010001358     guideXOS.obj
 0001:00000363       __GetGCStaticBase_guideXOS_guideXOS_Misc_Interrupts 0000000010001363     guideXOS.obj
 0001:0000036e       __GetGCStaticBase_guideXOS_guideXOS_Misc_ThreadPool 000000001000136e     guideXOS.obj
 0001:00000379       __GetGCStaticBase_guideXOS_guideXOS_GUI_BackgroundRotationManager 0000000010001379     guideXOS.obj
 0001:00000384       __GetGCStaticBase_guideXOS_guideXOS_GUI_Desktop 0000000010001384     guideXOS.obj
 0001:0000038f       __GetGCStaticBase_guideXOS_guideXOS_GUI_Icons 000000001000138f     guideXOS.obj
 0001:000003af       __GetGCStaticBase_guideXOS_guideXOS_GUI_Lockscreen 00000000100013af     guideXOS.obj
 0001:000003ba       __GetGCStaticBase_guideXOS_guideXOS_GUI_NotificationManager 00000000100013ba     guideXOS.obj
 0001:000003c5       __GetGCStaticBase_guideXOS_guideXOS_GUI_OnScreenKeyboard 00000000100013c5     guideXOS.obj
 0001:000003e5       __GetGCStaticBase_guideXOS_guideXOS_GUI_PinnedManager 00000000100013e5     guideXOS.obj
 0001:00000405       __GetGCStaticBase_guideXOS_guideXOS_GUI_RecentManager 0000000010001405     guideXOS.obj
 0001:00000425       __GetGCStaticBase_guideXOS_guideXOS_GUI_SpecialEffects 0000000010001425     guideXOS.obj
 0001:00000430       __GetGCStaticBase_guideXOS_guideXOS_GUI_WindowManager 0000000010001430     guideXOS.obj
 0001:0000043b       __GetGCStaticBase_guideXOS_guideXOS_GUI_WorkspaceManager 000000001000143b     guideXOS.obj
 0001:0000045b       __GetGCStaticBase_guideXOS_guideXOS_DockableWidgets_Clock 000000001000145b     guideXOS.obj
 0001:00000466       __GetGCStaticBase_guideXOS_guideXOS_DockableWidgets_Uptime 0000000010001466     guideXOS.obj
 0001:00000471       __GetGCStaticBase_guideXOS_guideXOS_DefaultApps_WAVPlayer 0000000010001471     guideXOS.obj
 0001:0000047c       __GetGCStaticBase_guideXOS_Program___c 000000001000147c     guideXOS.obj
 0001:00000487       __GetGCStaticBase_guideXOS_guideXOS_Modules_ModuleManager___c 0000000010001487     guideXOS.obj
 0001:00000492       __GetGCStaticBase_guideXOS_guideXOS_GUI_DisplayOptions___c 0000000010001492     guideXOS.obj
 0001:0000049d       __GetGCStaticBase_guideXOS_guideXOS_GUI_SaveDialog___O 000000001000149d     guideXOS.obj
 0001:000004a8       __GetGCStaticBase_guideXOS_System_Array_EmptyArray_1<String> 00000000100014a8     guideXOS.obj
 0001:000004c8       __DelegateCtor_guideXOS_System_Delegate__InitializeClosedInstance__guideXOS_guideXOS_GUI_GXMScriptWindow__Keyboard_OnKeyChanged 00000000100014c8     guideXOS.obj
 0001:000004d4       __DelegateCtor_guideXOS_System_Delegate__InitializeClosedInstance__guideXOS_guideXOS_GUI_GXMScriptWindow___OpenSaveDialogForTextBox_b__40_0 00000000100014d4     guideXOS.obj
 0001:000004e0       __DelegateCtor_guideXOS_System_Delegate__InitializeClosedInstance__guideXOS_guideXOS_GUI_GXMScriptWindow___OpenOpenDialogForTextBox_b__41_0 00000000100014e0     guideXOS.obj
 0001:000004ec       __DelegateCtor_guideXOS_System_Delegate__InitializeClosedInstance__guideXOS_guideXOS_GUI_NetworkConfigurationDialog__Keyboard_OnKeyChanged 00000000100014ec     guideXOS.obj
 0001:000004f8       __DelegateCtor_guideXOS_System_Delegate__InitializeClosedInstance__guideXOS_guideXOS_GUI_OpenDialog__Keyboard_OnKeyChanged 00000000100014f8     guideXOS.obj
 0001:00000504       __DelegateCtor_guideXOS_System_Delegate__InitializeClosedInstance__guideXOS_guideXOS_GUI_SaveDialog__Keyboard_OnKeyChanged 0000000010001504     guideXOS.obj
 0001:00000510       __DelegateCtor_guideXOS_System_Delegate__InitializeClosedInstance__guideXOS_guideXOS_DefaultApps_ComputerFiles__Keyboard_OnKeyChanged 0000000010001510     guideXOS.obj
 0001:0000051c       __DelegateCtor_guideXOS_System_Delegate__InitializeClosedInstance__guideXOS_guideXOS_DefaultApps_FConsole__Keyboard_OnKeyChanged 000000001000151c     guideXOS.obj
 0001:00000528       __DelegateCtor_guideXOS_System_Delegate__InitializeClosedInstance__guideXOS_guideXOS_DefaultApps_FConsole__Console_OnWrite 0000000010001528     guideXOS.obj
 0001:00000534       __DelegateCtor_guideXOS_System_Delegate__InitializeClosedInstance__guideXOS_guideXOS_DefaultApps_nexIRC__Keyboard_OnKeyChanged 0000000010001534     guideXOS.obj
 0001:00000540       __DelegateCtor_guideXOS_System_Delegate__InitializeClosedInstance__guideXOS_guideXOS_DefaultApps_Notepad__Keyboard_OnKeyChanged 0000000010001540     guideXOS.obj
 0001:0000054c       __DelegateCtor_guideXOS_System_Delegate__InitializeClosedInstance__guideXOS_guideXOS_DefaultApps_Notepad___OnSetVisible_b__19_0 000000001000154c     guideXOS.obj
 0001:00000558       __DelegateCtor_guideXOS_System_Delegate__InitializeClosedInstance__guideXOS_guideXOS_DefaultApps_Notepad___OnSetVisible_b__19_3 0000000010001558     guideXOS.obj
 0001:00000564       __DelegateCtor_guideXOS_System_Delegate__InitializeClosedInstance__guideXOS_guideXOS_DefaultApps_Notepad___OnSetVisible_b__19_1 0000000010001564     guideXOS.obj
 0001:00000570       __DelegateCtor_guideXOS_System_Delegate__InitializeClosedInstance__guideXOS_guideXOS_DefaultApps_Notepad___OnSetVisible_b__19_2 0000000010001570     guideXOS.obj
 0001:0000057c       __DelegateCtor_guideXOS_System_Delegate__InitializeClosedInstance__guideXOS_guideXOS_DefaultApps_WebBrowser__OnKey 000000001000157c     guideXOS.obj
 0001:00000588       __DelegateCtor_guideXOS_System_Delegate__InitializeClosedInstance__guideXOS_Program___c___SMain_b__22_0 0000000010001588     guideXOS.obj
 0001:00000594       __DelegateCtor_guideXOS_System_Delegate__InitializeClosedInstance__guideXOS_guideXOS_FS_FAT___c__DisplayClass50_0___FindPath_b__0 0000000010001594     guideXOS.obj
 0001:000005a0       __DelegateCtor_guideXOS_System_Delegate__InitializeClosedInstance__guideXOS_guideXOS_FS_FAT___c__DisplayClass50_1___FindPath_b__1 00000000100015a0     guideXOS.obj
 0001:000005ac       __DelegateCtor_guideXOS_System_Delegate__InitializeClosedInstance__guideXOS_guideXOS_FS_FAT___c__DisplayClass60_0___GetFiles_b__0 00000000100015ac     guideXOS.obj
 0001:000005b8       __DelegateCtor_guideXOS_System_Delegate__InitializeClosedInstance__guideXOS_guideXOS_Modules_ModuleManager___c___InitializeBuiltins_b__7_0 00000000100015b8     guideXOS.obj
 0001:000005c4       __DelegateCtor_guideXOS_System_Delegate__InitializeClosedInstance__guideXOS_guideXOS_GUI_DisplayOptions___c___OnInput_b__40_0 00000000100015c4     guideXOS.obj
 0001:000005d0       __DelegateCtor_guideXOS_System_Delegate__InitializeClosedInstance__guideXOS_guideXOS_GUI_DisplayOptions___c___OnInput_b__40_1 00000000100015d0     guideXOS.obj
 0001:000005dc       __DelegateCtor_guideXOS_System_Delegate__InitializeClosedInstance__guideXOS_guideXOS_DefaultApps_DiskManager___c__DisplayClass38_0___ReadMBRForEntry_b__0 00000000100015dc     guideXOS.obj
 0001:000005e8       __DelegateCtor_guideXOS_System_Delegate__InitializeClosedInstance__guideXOS_guideXOS_DefaultApps_DiskManager___c__DisplayClass54_0___TryCreatePartitionLargestFree_b__0 00000000100015e8     guideXOS.obj
 0001:000005f4       __DelegateCtor_guideXOS_System_Delegate__InitializeClosedInstance__guideXOS_guideXOS_DefaultApps_DiskManager___c__DisplayClass54_0___TryCreatePartitionLargestFree_b__1 00000000100015f4     guideXOS.obj
 0001:00000600       __DelegateCtor_guideXOS_System_Delegate__InitializeClosedInstance__guideXOS_guideXOS_DefaultApps_Notepad___c__DisplayClass24_0___OpenSaveAs_b__0 0000000010001600     guideXOS.obj
 0001:0000060c       __DelegateCtor_guideXOS_System_Delegate__InitializeOpenStaticThunk__guideXOS_guideXOS_GUI_Icons__DocumentIcon__guideXOS_System_Func_2<Int32__System___Canon>__InvokeOpenStaticThunk 000000001000160c     guideXOS.obj
 0001:0000061f       __GenericLookupFromType_guideXOS_System_Array_EmptyArray_1<System___Canon>_GCStaticBase_guideXOS_System_Array_EmptyArray_1<T_System___Canon> 000000001000161f     guideXOS.obj
 0001:00000650       cpuid_supported            0000000010001650     cpuid_safe.obj
 0001:00000656       cpuid_safe                 0000000010001656     cpuid_safe.obj
 0001:00000670       __modules_a                0000000010001670     native_stubs.obj
 0001:00000678       Hlt                        0000000010001678     native_stubs.obj
 0001:0000067a       Cli                        000000001000167a     native_stubs.obj
 0001:0000067c       Sti                        000000001000167c     native_stubs.obj
 0001:0000067e       Nop                        000000001000167e     native_stubs.obj
 0001:00000680       Rdtsc                      0000000010001680     native_stubs.obj
 0001:0000068a       ReadCR2                    000000001000168a     native_stubs.obj
 0001:0000068e       WriteCR3                   000000001000168e     native_stubs.obj
 0001:00000692       Invlpg                     0000000010001692     native_stubs.obj
 0001:00000696       Out8                       0000000010001696     native_stubs.obj
 0001:0000069d       In8                        000000001000169d     native_stubs.obj
 0001:000006a4       Out16                      00000000100016a4     native_stubs.obj
 0001:000006ad       In16                       00000000100016ad     native_stubs.obj
 0001:000006b5       Out32                      00000000100016b5     native_stubs.obj
 0001:000006bc       In32                       00000000100016bc     native_stubs.obj
 0001:000006c1       Stosb                      00000000100016c1     native_stubs.obj
 0001:000006cc       Stosd                      00000000100016cc     native_stubs.obj
 0001:000006d7       Movsb                      00000000100016d7     native_stubs.obj
 0001:000006e3       Movsd                      00000000100016e3     native_stubs.obj
 0001:000006ef       Load_GDT                   00000000100016ef     native_stubs.obj
 0001:000006f3       Load_IDT                   00000000100016f3     native_stubs.obj
 0001:000006f7       set_idt_entries            00000000100016f7     native_stubs.obj
 0001:000006f8       enable_sse                 00000000100016f8     native_stubs.obj
 0001:00000713       vmware_send                0000000010001713     native_stubs.obj
 0001:00000716       Insw                       0000000010001716     native_stubs.obj
 0001:00000723       Outsw                      0000000010001723     native_stubs.obj
 0001:00000730       mystrtoul                  0000000010001730     native_stubs.obj
 0001:00000733       lodepng_decode_memory      0000000010001733     native_stubs.obj
 0001:00000739       Schedule_Next              0000000010001739     native_stubs.obj
 0002:00000000       unbox_UInt8__ToString      0000000010002000     guideXOS.obj
 0002:0000000c       unbox_Int32__ToString      000000001000200c     guideXOS.obj
 0002:00000018       unbox_UInt16__ToString     0000000010002018     guideXOS.obj
 0002:00000024       unbox_UInt32__ToString     0000000010002024     guideXOS.obj
 0002:00000030       unbox_UInt64__ToString     0000000010002030     guideXOS.obj
 0003:00000000       guideXOS_Program__SMain    0000000010003000     guideXOS.obj
 0003:00000c5c       guideXOS_Program__RefreshCachedIcons 0000000010003c5c     guideXOS.obj
 0003:00000d80       guideXOS_Allocator__FindOrAddOwner 0000000010003d80     guideXOS.obj
 0003:00000e90       guideXOS_Allocator__Initialize 0000000010003e90     guideXOS.obj
 0003:00000f84       guideXOS_Allocator__get_MemoryInUse 0000000010003f84     guideXOS.obj
 0003:00000f9c       guideXOS_Allocator__GetPageIndexStart 0000000010003f9c     guideXOS.obj
 0003:00000ff0       guideXOS_Allocator__Free   0000000010003ff0     guideXOS.obj
 0003:00001244       guideXOS_Allocator__SuspiciousSize 0000000010004244     guideXOS.obj
 0003:00001264       guideXOS_Allocator__Allocate_0 0000000010004264     guideXOS.obj
 0003:000015d4       guideXOS_Allocator__Reallocate 00000000100045d4     guideXOS.obj
 0003:000016fc       guideXOS_Allocator__ClearAllocate_0 00000000100046fc     guideXOS.obj
 0003:000017a4       guideXOS_Allocator__GetTagBytes 00000000100047a4     guideXOS.obj
 0003:000017cc       guideXOS_Allocator__GetOwnerBytes 00000000100047cc     guideXOS.obj
 0003:00001904       guideXOS_Allocator__GetOwnerListSnapshot 0000000010004904     guideXOS.obj
 0003:00001a4c       guideXOS_GDT__FillEntry    0000000010004a4c     guideXOS.obj
 0003:00001a8c       guideXOS_GDT__Initialise   0000000010004a8c     guideXOS.obj
 0003:00001bdc       guideXOS_GDT__SetKernelStack 0000000010004bdc     guideXOS.obj
 0003:00001c00       guideXOS_IDT__Initialize   0000000010004c00     guideXOS.obj
 0003:00001cf4       guideXOS_IDT__AllowUserSoftwareInterrupt 0000000010004cf4     guideXOS.obj
 0003:00001d8c       guideXOS_IDT__intr_handler 0000000010004d8c     guideXOS.obj
 0003:00001d8c       intr_handler               0000000010004d8c     guideXOS.obj
 0003:00001f40       guideXOS_Native__Load_GDT  0000000010004f40     guideXOS.obj
 0003:00001f94       guideXOS_Native__Load_IDT  0000000010004f94     guideXOS.obj
 0003:00001fe8       guideXOS_Internal_Runtime_EEType__get_IsArray 0000000010004fe8     guideXOS.obj
 0003:0000200c       guideXOS_Internal_Runtime_EEType__get_ArrayRank 000000001000500c     guideXOS.obj
 0003:0000202c       __imp_GetCurrentThreadId   000000001000502c     guideXOS.obj
 0003:0000202c       guideXOS_Internal_Runtime_CompilerHelpers_StartupCodeHelpers____imp_GetCurrentThreadId 000000001000502c     guideXOS.obj
 0003:00002030       __CheckForDebuggerJustMyCode 0000000010005030     guideXOS.obj
 0003:00002030       guideXOS_Internal_Runtime_CompilerHelpers_StartupCodeHelpers____CheckForDebuggerJustMyCode 0000000010005030     guideXOS.obj
 0003:00002034       __fail_fast                0000000010005034     guideXOS.obj
 0003:00002034       guideXOS_Internal_Runtime_CompilerHelpers_StartupCodeHelpers__FailFast 0000000010005034     guideXOS.obj
 0003:00002038       guideXOS_Internal_Runtime_CompilerHelpers_StartupCodeHelpers__MemSet 0000000010005038     guideXOS.obj
 0003:00002038       memset                     0000000010005038     guideXOS.obj
 0003:00002054       guideXOS_Internal_Runtime_CompilerHelpers_StartupCodeHelpers__MemCpy 0000000010005054     guideXOS.obj
 0003:00002054       memcpy                     0000000010005054     guideXOS.obj
 0003:00002070       RhpFallbackFailFast        0000000010005070     guideXOS.obj
 0003:00002070       guideXOS_Internal_Runtime_CompilerHelpers_StartupCodeHelpers__RhpFallbackFailFast 0000000010005070     guideXOS.obj
 0003:00002074       RhpReversePInvoke2         0000000010005074     guideXOS.obj
 0003:00002074       guideXOS_Internal_Runtime_CompilerHelpers_StartupCodeHelpers__RhpReversePInvoke2 0000000010005074     guideXOS.obj
 0003:00002078       RhpReversePInvokeReturn2   0000000010005078     guideXOS.obj
 0003:00002078       guideXOS_Internal_Runtime_CompilerHelpers_StartupCodeHelpers__RhpReversePInvokeReturn2 0000000010005078     guideXOS.obj
 0003:0000207c       RhpReversePInvoke          000000001000507c     guideXOS.obj
 0003:0000207c       guideXOS_Internal_Runtime_CompilerHelpers_StartupCodeHelpers__RhpReversePInvoke 000000001000507c     guideXOS.obj
 0003:00002080       RhpReversePInvokeReturn    0000000010005080     guideXOS.obj
 0003:00002080       guideXOS_Internal_Runtime_CompilerHelpers_StartupCodeHelpers__RhpReversePInvokeReturn 0000000010005080     guideXOS.obj
 0003:00002084       RhpPInvoke                 0000000010005084     guideXOS.obj
 0003:00002084       guideXOS_Internal_Runtime_CompilerHelpers_StartupCodeHelpers__RhpPinvoke 0000000010005084     guideXOS.obj
 0003:00002088       RhpPInvokeReturn           0000000010005088     guideXOS.obj
 0003:00002088       guideXOS_Internal_Runtime_CompilerHelpers_StartupCodeHelpers__RhpPinvokeReturn 0000000010005088     guideXOS.obj
 0003:0000208c       RhpNewFast                 000000001000508c     guideXOS.obj
 0003:0000208c       guideXOS_Internal_Runtime_CompilerHelpers_StartupCodeHelpers__RhpNewFast 000000001000508c     guideXOS.obj
 0003:00002118       RhpNewArray                0000000010005118     guideXOS.obj
 0003:00002118       guideXOS_Internal_Runtime_CompilerHelpers_StartupCodeHelpers__RhpNewArray 0000000010005118     guideXOS.obj
 0003:000021dc       RhpAssignRef               00000000100051dc     guideXOS.obj
 0003:000021dc       guideXOS_Internal_Runtime_CompilerHelpers_StartupCodeHelpers__RhpAssignRef 00000000100051dc     guideXOS.obj
 0003:000021e0       RhpByRefAssignRef          00000000100051e0     guideXOS.obj
 0003:000021e0       guideXOS_Internal_Runtime_CompilerHelpers_StartupCodeHelpers__RhpByRefAssignRef 00000000100051e0     guideXOS.obj
 0003:000021e4       RhpCheckedAssignRef        00000000100051e4     guideXOS.obj
 0003:000021e4       guideXOS_Internal_Runtime_CompilerHelpers_StartupCodeHelpers__RhpCheckedAssignRef 00000000100051e4     guideXOS.obj
 0003:000021e8       RhpStelemRef               00000000100051e8     guideXOS.obj
 0003:000021e8       guideXOS_Internal_Runtime_CompilerHelpers_StartupCodeHelpers__RhpStelemRef 00000000100051e8     guideXOS.obj
 0003:00002220       RhTypeCast_IsInstanceOfClass 0000000010005220     guideXOS.obj
 0003:00002220       guideXOS_Internal_Runtime_CompilerHelpers_StartupCodeHelpers__RhTypeCast_IsInstanceOfClass 0000000010005220     guideXOS.obj
 0003:0000224c       guideXOS_Internal_Runtime_CompilerHelpers_StartupCodeHelpers__InitializeModules 000000001000524c     guideXOS.obj
 0003:00002404       guideXOS_Internal_Runtime_CompilerHelpers_StartupCodeHelpers__InitializeStatics 0000000010005404     guideXOS.obj
 0003:000024e8       guideXOS_Internal_Runtime_CompilerHelpers_SynchronizedMethodHelpers__MonitorEnterStatic 00000000100054e8     guideXOS.obj
 0003:000024ec       guideXOS_Internal_Runtime_CompilerHelpers_SynchronizedMethodHelpers__MonitorExitStatic 00000000100054ec     guideXOS.obj
 0003:000024f0       guideXOS_Internal_Runtime_CompilerHelpers_ThrowHelpers__Error 00000000100054f0     guideXOS.obj
 0003:000025a0       guideXOS_Internal_Runtime_CompilerHelpers_ThrowHelpers__ThrowOverflowException 00000000100055a0     guideXOS.obj
 0003:000025b8       guideXOS_Internal_Runtime_CompilerHelpers_ThrowHelpers__ThrowIndexOutOfRangeException 00000000100055b8     guideXOS.obj
 0003:000025d0       UInt8__ToString            00000000100055d0     guideXOS.obj
 0003:000025ec       guideXOS_System_Delegate__InitializeOpenStaticThunk 00000000100055ec     guideXOS.obj
 0003:00002610       guideXOS_System_Delegate__InitializeClosedInstance 0000000010005610     guideXOS.obj
 0003:0000263c       Int32__ToString            000000001000563c     guideXOS.obj
 0003:0000265c       Int32__op_Implicit         000000001000565c     guideXOS.obj
 0003:00002660       Int64__ToString            0000000010005660     guideXOS.obj
 0003:00002750       guideXOS_System_Math__Sqrt 0000000010005750     guideXOS.obj
 0003:000027b4       guideXOS_System_Math__Ceiling 00000000100057b4     guideXOS.obj
 0003:000027d4       guideXOS_System_MathF__Floor 00000000100057d4     guideXOS.obj
 0003:00002834       Object___ctor              0000000010005834     guideXOS.obj
 0003:00002838       Object__ToString           0000000010005838     guideXOS.obj
 0003:00002840       Object__Dispose            0000000010005840     guideXOS.obj
 0003:00002890       String__FromASCII          0000000010005890     guideXOS.obj
 0003:00002928       String__Ctor               0000000010005928     guideXOS.obj
 0003:00002948       String__Ctor_1             0000000010005948     guideXOS.obj
 0003:00002994       String__Ctor_2             0000000010005994     guideXOS.obj
 0003:00002a4c       String__LastIndexOf        0000000010005a4c     guideXOS.obj
 0003:00002a78       String__Ctor_3             0000000010005a78     guideXOS.obj
 0003:00002abc       String__ToString           0000000010005abc     guideXOS.obj
 0003:00002ac0       String__Equals_0           0000000010005ac0     guideXOS.obj
 0003:00002b08       String__Concat             0000000010005b08     guideXOS.obj
 0003:00002bf4       String__IndexOf            0000000010005bf4     guideXOS.obj
 0003:00002c24       String__Concat_0           0000000010005c24     guideXOS.obj
 0003:00002c98       String__Concat_1           0000000010005c98     guideXOS.obj
 0003:00002d5c       String__Concat_2           0000000010005d5c     guideXOS.obj
 0003:00002e44       String__Format             0000000010005e44     guideXOS.obj
 0003:00003050       String__Split              0000000010006050     guideXOS.obj
 0003:00003160       String__Substring          0000000010006160     guideXOS.obj
 0003:000031a0       String__Substring_0        00000000100061a0     guideXOS.obj
 0003:000031dc       String__EndsWith_0         00000000100061dc     guideXOS.obj
 0003:00003268       String__ToUpper            0000000010006268     guideXOS.obj
 0003:000032fc       String__ToLower            00000000100062fc     guideXOS.obj
 0003:00003390       guideXOS_System_StringPool___cctor 0000000010006390     guideXOS.obj
 0003:00003510       guideXOS_System_StringPool__GetPercentage 0000000010006510     guideXOS.obj
 0003:000035e4       guideXOS_System_StringPool__GetNumber 00000000100065e4     guideXOS.obj
 0003:000036ac       guideXOS_System_StringPool__GetNumber_0 00000000100066ac     guideXOS.obj
 0003:00003754       guideXOS_System_StringPool__GetMemorySize 0000000010006754     guideXOS.obj
 0003:000039dc       guideXOS_System_StringPool__GetTransferRate 00000000100069dc     guideXOS.obj
 0003:00003ac8       guideXOS_System_StringPool__FormatUptime 0000000010006ac8     guideXOS.obj
 0003:00003d6c       UInt16__ToString           0000000010006d6c     guideXOS.obj
 0003:00003d88       UInt32__ToString           0000000010006d88     guideXOS.obj
 0003:00003da4       UInt64__ToString           0000000010006da4     guideXOS.obj
 0003:00003e6c       UInt64__ToStringHex        0000000010006e6c     guideXOS.obj
 0003:00003f14       guideXOS_System_Threading_Monitor__Unlock 0000000010006f14     guideXOS.obj
 0003:00003f58       RhTypeCast_CheckCastClass  0000000010006f58     guideXOS.obj
 0003:00003f58       guideXOS_System_Runtime_TypeCast__CheckCastClass 0000000010006f58     guideXOS.obj
 0003:00003f80       RhTypeCast_CheckCastArray  0000000010006f80     guideXOS.obj
 0003:00003f80       guideXOS_System_Runtime_TypeCast__CheckCastArray 0000000010006f80     guideXOS.obj
 0003:00003fa8       RhTypeCast_IsInstanceOfArray 0000000010006fa8     guideXOS.obj
 0003:00003fa8       guideXOS_System_Runtime_TypeCast__IsInstanceOfArray 0000000010006fa8     guideXOS.obj
 0003:00004004       guideXOS_System_Runtime_CompilerServices_ClassConstructorRunner__CheckStaticClassConstructionReturnNonGCStaticBase 0000000010007004     guideXOS.obj
 0003:0000401c       guideXOS_System_Runtime_CompilerServices_ClassConstructorRunner__CheckStaticClassConstructionReturnGCStaticBase 000000001000701c     guideXOS.obj
 0003:00004034       guideXOS_System_Runtime_CompilerServices_ClassConstructorRunner__CheckStaticClassConstruction 0000000010007034     guideXOS.obj
 0003:00004068       guideXOS_System_Drawing_Image___ctor 0000000010007068     guideXOS.obj
 0003:000040a4       guideXOS_System_Drawing_Image___ctor_0 00000000100070a4     guideXOS.obj
 0003:000040a8       guideXOS_System_Drawing_Image__Resample 00000000100070a8     guideXOS.obj
 0003:00004450       guideXOS_System_Drawing_Image__ResizeImage 0000000010007450     guideXOS.obj
 0003:000045c4       guideXOS_System_Drawing_Image__Dispose 00000000100075c4     guideXOS.obj
 0003:0000464c       guideXOS_guideXOS_Animation___ctor 000000001000764c     guideXOS.obj
 0003:0000465c       guideXOS_guideXOS_API__HandleSystemCall 000000001000765c     guideXOS.obj
 0003:000049f8       guideXOS_guideXOS_API__API_SndWrite 00000000100079f8     guideXOS.obj
 0003:00004a00       guideXOS_guideXOS_API__API_Calloc 0000000010007a00     guideXOS.obj
 0003:00004a08       guideXOS_guideXOS_API__API_StartThread 0000000010007a08     guideXOS.obj
 0003:00004a44       guideXOS_guideXOS_API__API_Error 0000000010007a44     guideXOS.obj
 0003:00004a4c       guideXOS_guideXOS_API__API_GetTime 0000000010007a4c     guideXOS.obj
 0003:00004ac8       guideXOS_guideXOS_API__API_DrawImage 0000000010007ac8     guideXOS.obj
 0003:00004afc       guideXOS_guideXOS_API__API_WriteString 0000000010007afc     guideXOS.obj
 0003:00004b5c       guideXOS_guideXOS_API__API_Width 0000000010007b5c     guideXOS.obj
 0003:00004b70       guideXOS_guideXOS_API__API_Height 0000000010007b70     guideXOS.obj
 0003:00004b84       guideXOS_guideXOS_API__API_Update 0000000010007b84     guideXOS.obj
 0003:00004b8c       guideXOS_guideXOS_API__API_Clear 0000000010007b8c     guideXOS.obj
 0003:00004bac       DebugWrite                 0000000010007bac     guideXOS.obj
 0003:00004bac       guideXOS_guideXOS_API__API_DebugWrite 0000000010007bac     guideXOS.obj
 0003:00004bb4       DebugWriteLine             0000000010007bb4     guideXOS.obj
 0003:00004bb4       guideXOS_guideXOS_API__API_DebugWriteLine 0000000010007bb4     guideXOS.obj
 0003:00004bd0       Lock                       0000000010007bd0     guideXOS.obj
 0003:00004bd0       guideXOS_guideXOS_API__API_Lock 0000000010007bd0     guideXOS.obj
 0003:00004bf8       Unlock                     0000000010007bf8     guideXOS.obj
 0003:00004bf8       guideXOS_guideXOS_API__API_Unlock 0000000010007bf8     guideXOS.obj
 0003:00004c38       guideXOS_guideXOS_API__API_DrawPoint 0000000010007c38     guideXOS.obj
 0003:00004c6c       guideXOS_guideXOS_API__API_SwitchToConsoleMode 0000000010007c6c     guideXOS.obj
 0003:00004c74       guideXOS_guideXOS_API__API_ReadAllBytes 0000000010007c74     guideXOS.obj
 0003:00004d7c       guideXOS_guideXOS_API__API_Sleep 0000000010007d7c     guideXOS.obj
 0003:00004d84       guideXOS_guideXOS_API__API_GetTick 0000000010007d84     guideXOS.obj
 0003:00004d98       guideXOS_guideXOS_API__API_Write 0000000010007d98     guideXOS.obj
 0003:00004da4       guideXOS_guideXOS_API__API_WriteLine 0000000010007da4     guideXOS.obj
 0003:00004dac       guideXOS_guideXOS_API__API_Allocate 0000000010007dac     guideXOS.obj
 0003:00004db4       guideXOS_guideXOS_API__API_Free 0000000010007db4     guideXOS.obj
 0003:00004dbc       guideXOS_guideXOS_API__API_Reallocate 0000000010007dbc     guideXOS.obj
 0003:00004dc4       guideXOS_guideXOS_API__SayHello 0000000010007dc4     guideXOS.obj
 0003:00004dd0       guideXOS_guideXOS_Kbd2Mouse__OnKeyChanged 0000000010007dd0     guideXOS.obj
 0003:00004f54       guideXOS_guideXOS_ASC16__DrawChar 0000000010007f54     guideXOS.obj
 0003:00004fe8       guideXOS_guideXOS_Console__add_OnWrite 0000000010007fe8     guideXOS.obj
 0003:00005070       guideXOS_guideXOS_Console__Setup 0000000010008070     guideXOS.obj
 0003:00005128       guideXOS_guideXOS_Console__Write 0000000010008128     guideXOS.obj
 0003:000051d8       guideXOS_guideXOS_Console__Write_0 00000000100081d8     guideXOS.obj
 0003:0000525c       guideXOS_guideXOS_Console__WriteFramebuffer 000000001000825c     guideXOS.obj
 0003:00005368       guideXOS_guideXOS_Console__MoveUp 0000000010008368     guideXOS.obj
 0003:0000539c       guideXOS_guideXOS_Console__MoveUpFramebuffer 000000001000839c     guideXOS.obj
 0003:00005448       guideXOS_guideXOS_Console__UpdateCursorFramebuffer 0000000010008448     guideXOS.obj
 0003:000054f8       guideXOS_guideXOS_Console__WriteLine 00000000100084f8     guideXOS.obj
 0003:00005590       guideXOS_guideXOS_Console__WriteLine_0 0000000010008590     guideXOS.obj
 0003:000055d4       guideXOS_guideXOS_Console__Clear 00000000100085d4     guideXOS.obj
 0003:000055f0       guideXOS_guideXOS_Console__ClearFramebuffer 00000000100085f0     guideXOS.obj
 0003:000056ac       guideXOS_guideXOS_PageTable__Initialise 00000000100086ac     guideXOS.obj
 0003:00005780       guideXOS_guideXOS_PageTable__GetPageInternal 0000000010008780     guideXOS.obj
 0003:0000583c       guideXOS_guideXOS_PageTable__MapOnRoot 000000001000883c     guideXOS.obj
 0003:000058cc       guideXOS_guideXOS_PageTable__Next_0 00000000100088cc     guideXOS.obj
 0003:0000599c       guideXOS_guideXOS_Intel825xx__Initialize 000000001000899c     guideXOS.obj
 0003:000063a8       guideXOS_guideXOS_Intel825xx__Reset 00000000100093a8     guideXOS.obj
 0003:000063dc       guideXOS_guideXOS_Intel825xx__TXsetup 00000000100093dc     guideXOS.obj
 0003:0000644c       guideXOS_guideXOS_Intel825xx__RXsetup 000000001000944c     guideXOS.obj
 0003:000064e4       guideXOS_guideXOS_Intel825xx__ReadROM 00000000100094e4     guideXOS.obj
 0003:00006518       guideXOS_guideXOS_Intel825xx__OnInterrupt 0000000010009518     guideXOS.obj
 0003:0000659c       guideXOS_guideXOS_Intel825xx__Linkup 000000001000959c     guideXOS.obj
 0003:000065d8       guideXOS_guideXOS_Intel825xx__Send 00000000100095d8     guideXOS.obj
 0003:00006638       guideXOS_guideXOS_NETv4__Initialize 0000000010009638     guideXOS.obj
 0003:00006720       guideXOS_guideXOS_NETv4__SwapLeftRight 0000000010009720     guideXOS.obj
 0003:0000673c       guideXOS_guideXOS_NETv4__SwapLeftRight_0 000000001000973c     guideXOS.obj
 0003:0000676c       guideXOS_guideXOS_NETv4__SwapLeftRight_1 000000001000976c     guideXOS.obj
 0003:00006788       guideXOS_guideXOS_NETv4__SwapLeftRight_2 0000000010009788     guideXOS.obj
 0003:000067c4       guideXOS_guideXOS_NETv4__OnData_0 00000000100097c4     guideXOS.obj
 0003:00006838       guideXOS_guideXOS_NETv4__DNSQuery 0000000010009838     guideXOS.obj
 0003:00006d24       guideXOS_guideXOS_NETv4__DHCPDiscover 0000000010009d24     guideXOS.obj
 0003:00007244       guideXOS_guideXOS_NETv4__MakeDHCPRequestPacket 000000001000a244     guideXOS.obj
 0003:00007314       guideXOS_guideXOS_NETv4__UDPBind 000000001000a314     guideXOS.obj
 0003:00007370       guideXOS_guideXOS_NETv4__UDPSend 000000001000a370     guideXOS.obj
 0003:000074d0       guideXOS_guideXOS_NETv4__MakeUDPPacket 000000001000a4d0     guideXOS.obj
 0003:000075dc       guideXOS_guideXOS_NETv4__UDPOnData_0 000000001000a5dc     guideXOS.obj
 0003:0000773c       guideXOS_guideXOS_NETv4__TCPOnData 000000001000a73c     guideXOS.obj
 0003:00007d58       guideXOS_guideXOS_NETv4__TCPConnect 000000001000ad58     guideXOS.obj
 0003:00007df8       guideXOS_guideXOS_NETv4__TCPClose 000000001000adf8     guideXOS.obj
 0003:00007e30       guideXOS_guideXOS_NETv4__TCPSendData 000000001000ae30     guideXOS.obj
 0003:00007ec0       guideXOS_guideXOS_NETv4__TCPSend 000000001000aec0     guideXOS.obj
 0003:00008018       guideXOS_guideXOS_NETv4__MakeTCPPacket 000000001000b018     guideXOS.obj
 0003:000081dc       guideXOS_guideXOS_NETv4__IPOnData 000000001000b1dc     guideXOS.obj
 0003:00008308       guideXOS_guideXOS_NETv4__MakeIPPacket 000000001000b308     guideXOS.obj
 0003:00008370       guideXOS_guideXOS_NETv4__IPChecksum 000000001000b370     guideXOS.obj
 0003:000083c0       guideXOS_guideXOS_NETv4__ICMPOnData 000000001000b3c0     guideXOS.obj
 0003:00008530       guideXOS_guideXOS_NETv4__ICMPPing 000000001000b530     guideXOS.obj
 0003:0000869c       guideXOS_guideXOS_NETv4__ARPLookup 000000001000b69c     guideXOS.obj
 0003:00008828       guideXOS_guideXOS_NETv4__ARPOnData 000000001000b828     guideXOS.obj
 0003:00008a44       guideXOS_guideXOS_NETv4__MakeARPPacket 000000001000ba44     guideXOS.obj
 0003:00008abc       guideXOS_guideXOS_NETv4__ARPRequire 000000001000babc     guideXOS.obj
 0003:00008bc0       guideXOS_guideXOS_NETv4__MakeEthernetPacket 000000001000bbc0     guideXOS.obj
 0003:00008bfc       guideXOS_guideXOS_RTL8111__Initialize 000000001000bbfc     guideXOS.obj
 0003:000096b0       guideXOS_guideXOS_RTL8111__ResetRXDesc 000000001000c6b0     guideXOS.obj
 0003:000096e8       guideXOS_guideXOS_RTL8111__Send 000000001000c6e8     guideXOS.obj
 0003:000097a8       guideXOS_guideXOS_RTL8111__OnInterrupt 000000001000c7a8     guideXOS.obj
 0003:00009894       guideXOS_guideXOS_SMP__ApplicationProcessorMain 000000001000c894     guideXOS.obj
 0003:0000991c       guideXOS_guideXOS_SMP__Initialize 000000001000c91c     guideXOS.obj
 0003:00009b0c       guideXOS_guideXOS_Network_Http__NextEphemeralPort 000000001000cb0c     guideXOS.obj
 0003:00009b40       guideXOS_guideXOS_Network_Http__PostJson 000000001000cb40     guideXOS.obj
 0003:00009bd0       guideXOS_guideXOS_Network_Http__BuildPost 000000001000cbd0     guideXOS.obj
 0003:00009db8       guideXOS_guideXOS_Network_Http__Send 000000001000cdb8     guideXOS.obj
 0003:0000a33c       guideXOS_guideXOS_Network_Http__Resolve 000000001000d33c     guideXOS.obj
 0003:0000a470       guideXOS_guideXOS_Network_Http__IsZero 000000001000d470     guideXOS.obj
 0003:0000a490       guideXOS_guideXOS_Network_Http__EqualsIp 000000001000d490     guideXOS.obj
 0003:0000a4d0       guideXOS_guideXOS_Network_Http__ReceiveAll 000000001000d4d0     guideXOS.obj
 0003:0000a610       guideXOS_guideXOS_Network_Http__IsHttpComplete 000000001000d610     guideXOS.obj
 0003:0000a784       guideXOS_guideXOS_Network_Http__HeaderContentLengthBytes 000000001000d784     guideXOS.obj
 0003:0000a830       guideXOS_guideXOS_Network_Http__HeaderChunkedBytes 000000001000d830     guideXOS.obj
 0003:0000a878       guideXOS_guideXOS_Network_Http__ParseHttp 000000001000d878     guideXOS.obj
 0003:0000aca0       guideXOS_guideXOS_Network_Http__DecodeChunked 000000001000dca0     guideXOS.obj
 0003:0000adfc       guideXOS_guideXOS_Network_Http__IndexOf 000000001000ddfc     guideXOS.obj
 0003:0000ae64       guideXOS_guideXOS_Network_Http__Match 000000001000de64     guideXOS.obj
 0003:0000af18       guideXOS_guideXOS_Network_Http__ToAsciiBytes 000000001000df18     guideXOS.obj
 0003:0000afac       guideXOS_guideXOS_Network_Http__BytesToAscii_0 000000001000dfac     guideXOS.obj
 0003:0000b060       guideXOS_guideXOS_Network_Http__SetHeader 000000001000e060     guideXOS.obj
 0003:0000b124       guideXOS_guideXOS_Network_Http__GetHeader 000000001000e124     guideXOS.obj
 0003:0000b18c       guideXOS_guideXOS_Network_Http__EqualsIgnoreCase 000000001000e18c     guideXOS.obj
 0003:0000b200       guideXOS_guideXOS_Network_Http__IndexOfIgnoreCase 000000001000e200     guideXOS.obj
 0003:0000b294       guideXOS_guideXOS_Network_Http__IndexOf_0 000000001000e294     guideXOS.obj
 0003:0000b2c4       guideXOS_guideXOS_Network_Http__HasPrefix 000000001000e2c4     guideXOS.obj
 0003:0000b30c       guideXOS_guideXOS_Network_Http__TrimSpaces 000000001000e30c     guideXOS.obj
 0003:0000b370       guideXOS_guideXOS_Network_Http__ParseInt 000000001000e370     guideXOS.obj
 0003:0000b3a8       guideXOS_guideXOS_Network_Http__ParseIntToString 000000001000e3a8     guideXOS.obj
 0003:0000b4d8       guideXOS_guideXOS_Network_Http__ParseHex 000000001000e4d8     guideXOS.obj
 0003:0000b538       guideXOS_guideXOS_Graph_Graphics__FromImage 000000001000e538     guideXOS.obj
 0003:0000b59c       guideXOS_guideXOS_Graph_Graphics__Update 000000001000e59c     guideXOS.obj
 0003:0000b5a0       guideXOS_guideXOS_Graph_Graphics__Clear 000000001000e5a0     guideXOS.obj
 0003:0000b608       guideXOS_guideXOS_Graph_Graphics__Copy 000000001000e608     guideXOS.obj
 0003:0000b6a4       guideXOS_guideXOS_Graph_Graphics__FillRectangle 000000001000e6a4     guideXOS.obj
 0003:0000b71c       guideXOS_guideXOS_Graph_Graphics__AFillRectangle 000000001000e71c     guideXOS.obj
 0003:0000b888       guideXOS_guideXOS_Graph_Graphics__GetPoint 000000001000e888     guideXOS.obj
 0003:0000b8b4       guideXOS_guideXOS_Graph_Graphics__DrawPoint 000000001000e8b4     guideXOS.obj
 0003:0000b9a4       guideXOS_guideXOS_Graph_Graphics__DrawRectangle 000000001000e9a4     guideXOS.obj
 0003:0000ba60       guideXOS_guideXOS_Graph_Graphics__Save 000000001000ea60     guideXOS.obj
 0003:0000bb40       guideXOS_guideXOS_Graph_Graphics__ADrawImage 000000001000eb40     guideXOS.obj
 0003:0000bbf0       guideXOS_guideXOS_Graph_Graphics__DrawImage 000000001000ebf0     guideXOS.obj
 0003:0000be48       guideXOS_guideXOS_Graph_Graphics__FPartOfNumber 000000001000ee48     guideXOS.obj
 0003:0000be78       guideXOS_guideXOS_Graph_Graphics__DrawPoint_0 000000001000ee78     guideXOS.obj
 0003:0000bee0       guideXOS_guideXOS_Graph_Graphics__DrawLine 000000001000eee0     guideXOS.obj
 0003:0000c0b8       guideXOS_guideXOS_Graph_Graphics__BlurRectangle 000000001000f0b8     guideXOS.obj
 0003:0000c638       guideXOS_guideXOS_Graph_Graphics__ResetBlurBuffers 000000001000f638     guideXOS.obj
 0003:0000c730       guideXOS_guideXOS_FS_AutoFS___ctor 000000001000f730     guideXOS.obj
 0003:0000c8b8       guideXOS_guideXOS_FS_AutoFS___ctor_0 000000001000f8b8     guideXOS.obj
 0003:0000ca40       guideXOS_guideXOS_FS_AutoFS__LooksLikeTar 000000001000fa40     guideXOS.obj
 0003:0000ca84       guideXOS_guideXOS_FS_AutoFS__LooksLikeFat 000000001000fa84     guideXOS.obj
 0003:0000cb14       guideXOS_guideXOS_FS_AutoFS__LooksLikeExt 000000001000fb14     guideXOS.obj
 0003:0000cb90       guideXOS_guideXOS_FS_AutoFS__LooksLikeExt_0 000000001000fb90     guideXOS.obj
 0003:0000cbb8       guideXOS_guideXOS_FS_AutoFS__GetFiles 000000001000fbb8     guideXOS.obj
 0003:0000cbc4       guideXOS_guideXOS_FS_AutoFS__ReadAllBytes 000000001000fbc4     guideXOS.obj
 0003:0000cbd0       guideXOS_guideXOS_FS_AutoFS__WriteAllBytes 000000001000fbd0     guideXOS.obj
 0003:0000cbdc       guideXOS_guideXOS_FS_AutoFS__Format 000000001000fbdc     guideXOS.obj
 0003:0000cbe8       guideXOS_guideXOS_FS_EXT2___ctor 000000001000fbe8     guideXOS.obj
 0003:0000cda8       guideXOS_guideXOS_FS_EXT2___ctor_0 000000001000fda8     guideXOS.obj
 0003:0000cf5c       guideXOS_guideXOS_FS_EXT2__ReadBytes 000000001000ff5c     guideXOS.obj
 0003:0000d084       guideXOS_guideXOS_FS_EXT2__WriteBytes 0000000010010084     guideXOS.obj
 0003:0000d1c4       guideXOS_guideXOS_FS_EXT2__ReadBlock 00000000100101c4     guideXOS.obj
 0003:0000d264       guideXOS_guideXOS_FS_EXT2__WriteBlock 0000000010010264     guideXOS.obj
 0003:0000d39c       guideXOS_guideXOS_FS_EXT2__ReadBlockRange 000000001001039c     guideXOS.obj
 0003:0000d448       guideXOS_guideXOS_FS_EXT2__ReadU32 0000000010010448     guideXOS.obj
 0003:0000d4b0       guideXOS_guideXOS_FS_EXT2__WriteU16 00000000100104b0     guideXOS.obj
 0003:0000d4e4       guideXOS_guideXOS_FS_EXT2__WriteU32 00000000100104e4     guideXOS.obj
 0003:0000d544       guideXOS_guideXOS_FS_EXT2__ReadInode 0000000010010544     guideXOS.obj
 0003:0000d658       guideXOS_guideXOS_FS_EXT2__WriteInode 0000000010010658     guideXOS.obj
 0003:0000d730       guideXOS_guideXOS_FS_EXT2__EnumDirectory 0000000010010730     guideXOS.obj
 0003:0000db7c       guideXOS_guideXOS_FS_EXT2__ResolvePathToInode 0000000010010b7c     guideXOS.obj
 0003:0000dcf4       guideXOS_guideXOS_FS_EXT2__StrEq 0000000010010cf4     guideXOS.obj
 0003:0000dd3c       guideXOS_guideXOS_FS_EXT2__GetFiles 0000000010010d3c     guideXOS.obj
 0003:0000ded4       guideXOS_guideXOS_FS_EXT2__ReadAllBytes 0000000010010ed4     guideXOS.obj
 0003:0000e16c       guideXOS_guideXOS_FS_EXT2__WriteAllBytes 000000001001116c     guideXOS.obj
 0003:0000e4d0       guideXOS_guideXOS_FS_EXT2__Format 00000000100114d0     guideXOS.obj
 0003:0000e4e0       guideXOS_guideXOS_FS_FAT___ctor 00000000100114e0     guideXOS.obj
 0003:0000e674       guideXOS_guideXOS_FS_FAT___ctor_0 0000000010011674     guideXOS.obj
 0003:0000e7f8       guideXOS_guideXOS_FS_FAT__InvalidateSector 00000000100117f8     guideXOS.obj
 0003:0000e848       guideXOS_guideXOS_FS_FAT__ReadSectorsCached 0000000010011848     guideXOS.obj
 0003:0000ea2c       guideXOS_guideXOS_FS_FAT__WriteSector 0000000010011a2c     guideXOS.obj
 0003:0000eaac       guideXOS_guideXOS_FS_FAT__ReadFatEntry 0000000010011aac     guideXOS.obj
 0003:0000ec8c       guideXOS_guideXOS_FS_FAT__WriteFatEntry 0000000010011c8c     guideXOS.obj
 0003:0000f144       guideXOS_guideXOS_FS_FAT__IsEOC 0000000010012144     guideXOS.obj
 0003:0000f17c       guideXOS_guideXOS_FS_FAT__EOC 000000001001217c     guideXOS.obj
 0003:0000f19c       guideXOS_guideXOS_FS_FAT__GetClusterChain 000000001001219c     guideXOS.obj
 0003:0000f248       guideXOS_guideXOS_FS_FAT__ReadCluster 0000000010012248     guideXOS.obj
 0003:0000f38c       guideXOS_guideXOS_FS_FAT__ZeroCluster 000000001001238c     guideXOS.obj
 0003:0000f464       guideXOS_guideXOS_FS_FAT__ReadAllClusterChain 0000000010012464     guideXOS.obj
 0003:0000f618       guideXOS_guideXOS_FS_FAT__ComposeShortName 0000000010012618     guideXOS.obj
 0003:0000f6c8       guideXOS_guideXOS_FS_FAT__AssembleLfn 00000000100126c8     guideXOS.obj
 0003:0000f7b4       guideXOS_guideXOS_FS_FAT__IterateDirectory 00000000100127b4     guideXOS.obj
 0003:0000f8c4       guideXOS_guideXOS_FS_FAT__IterateDirSectorRangeCluster 00000000100128c4     guideXOS.obj
 0003:0000f974       guideXOS_guideXOS_FS_FAT__IterateDirEntries 0000000010012974     guideXOS.obj
 0003:0000fb04       guideXOS_guideXOS_FS_FAT__EqualsIgnoreCase 0000000010012b04     guideXOS.obj
 0003:0000fb70       guideXOS_guideXOS_FS_FAT__FindPath 0000000010012b70     guideXOS.obj
 0003:0000ff8c       guideXOS_guideXOS_FS_FAT__FindEntryLoc 0000000010012f8c     guideXOS.obj
 0003:00010704       guideXOS_guideXOS_FS_FAT__NextFreeCluster 0000000010013704     guideXOS.obj
 0003:00010764       guideXOS_guideXOS_FS_FAT__AllocateClustersForSize 0000000010013764     guideXOS.obj
 0003:000108c0       guideXOS_guideXOS_FS_FAT__FreeClusterChain 00000000100138c0     guideXOS.obj
 0003:00010928       guideXOS_guideXOS_FS_FAT__WriteDataToChain 0000000010013928     guideXOS.obj
 0003:00010c40       guideXOS_guideXOS_FS_FAT__WriteDirEntry 0000000010013c40     guideXOS.obj
 0003:00010dd4       guideXOS_guideXOS_FS_FAT__GenerateShortName 0000000010013dd4     guideXOS.obj
 0003:0001101c       guideXOS_guideXOS_FS_FAT__EnsureDirHasFreeSlot 000000001001401c     guideXOS.obj
 0003:00011104       guideXOS_guideXOS_FS_FAT__GetFiles 0000000010014104     guideXOS.obj
 0003:00011238       guideXOS_guideXOS_FS_FAT__ReadAllBytes 0000000010014238     guideXOS.obj
 0003:000112dc       guideXOS_guideXOS_FS_FAT__WriteAllBytes 00000000100142dc     guideXOS.obj
 0003:000115a8       guideXOS_guideXOS_FS_FAT__Format 00000000100145a8     guideXOS.obj
 0003:00011f78       guideXOS_guideXOS_FS_FileInfo__Dispose 0000000010014f78     guideXOS.obj
 0003:00012000       guideXOS_guideXOS_FS_FileInfo___ctor 0000000010015000     guideXOS.obj
 0003:00012004       guideXOS_guideXOS_FS_File__Exists 0000000010015004     guideXOS.obj
 0003:000120b4       guideXOS_guideXOS_FS_FileSystem__SizeToSec 00000000100150b4     guideXOS.obj
 0003:000120d4       guideXOS_guideXOS_FS_FileSystem__IsInDirectory 00000000100150d4     guideXOS.obj
 0003:00012138       guideXOS_guideXOS_FS_TarFS___ctor_0 0000000010015138     guideXOS.obj
 0003:0001216c       guideXOS_guideXOS_FS_TarFS__GetFiles 000000001001516c     guideXOS.obj
 0003:000123f8       guideXOS_guideXOS_FS_TarFS__ReadAllBytes 00000000100153f8     guideXOS.obj
 0003:00012718       guideXOS_guideXOS_FS_TarFS__WriteAllBytes 0000000010015718     guideXOS.obj
 0003:0001271c       guideXOS_guideXOS_FS_TarFS__Format 000000001001571c     guideXOS.obj
 0003:00012720       _putchar                   0000000010015720     guideXOS.obj
 0003:00012720       guideXOS_guideXOS_Kernel_Libraries_stdio___putchar 0000000010015720     guideXOS.obj
 0003:00012734       fopen                      0000000010015734     guideXOS.obj
 0003:00012734       guideXOS_guideXOS_Kernel_Libraries_stdio__fopen 0000000010015734     guideXOS.obj
 0003:000128a4       fseek                      00000000100158a4     guideXOS.obj
 0003:000128a4       guideXOS_guideXOS_Kernel_Libraries_stdio__fseek 00000000100158a4     guideXOS.obj
 0003:000128bc       fread                      00000000100158bc     guideXOS.obj
 0003:000128bc       guideXOS_guideXOS_Kernel_Libraries_stdio__fread 00000000100158bc     guideXOS.obj
 0003:00012920       guideXOS_guideXOS_Kernel_Libraries_stdlib__malloc 0000000010015920     guideXOS.obj
 0003:00012920       malloc                     0000000010015920     guideXOS.obj
 0003:00012934       free                       0000000010015934     guideXOS.obj
 0003:00012934       guideXOS_guideXOS_Kernel_Libraries_stdlib__free 0000000010015934     guideXOS.obj
 0003:00012944       guideXOS_guideXOS_Kernel_Libraries_stdlib__realloc 0000000010015944     guideXOS.obj
 0003:00012944       realloc                    0000000010015944     guideXOS.obj
 0003:00012954       calloc                     0000000010015954     guideXOS.obj
 0003:00012954       guideXOS_guideXOS_Kernel_Libraries_stdlib__calloc 0000000010015954     guideXOS.obj
 0003:000129cc       guideXOS_guideXOS_Kernel_Libraries_stdlib__kmalloc 00000000100159cc     guideXOS.obj
 0003:000129cc       kmalloc                    00000000100159cc     guideXOS.obj
 0003:000129e0       guideXOS_guideXOS_Kernel_Libraries_stdlib__kfree 00000000100159e0     guideXOS.obj
 0003:000129e0       kfree                      00000000100159e0     guideXOS.obj
 0003:000129f0       guideXOS_guideXOS_Kernel_Libraries_stdlib__krealloc 00000000100159f0     guideXOS.obj
 0003:000129f0       krealloc                   00000000100159f0     guideXOS.obj
 0003:00012a00       guideXOS_guideXOS_Kernel_Libraries_stdlib__kcalloc 0000000010015a00     guideXOS.obj
 0003:00012a00       kcalloc                    0000000010015a00     guideXOS.obj
 0003:00012a78       guideXOS_guideXOS_Kernel_Drivers_ACPI__GetRSDP 0000000010015a78     guideXOS.obj
 0003:00012a9c       guideXOS_guideXOS_Kernel_Drivers_ACPI__Shutdown 0000000010015a9c     guideXOS.obj
 0003:00012b58       guideXOS_guideXOS_Kernel_Drivers_ACPI__Initialize 0000000010015b58     guideXOS.obj
 0003:00012c1c       guideXOS_guideXOS_Kernel_Drivers_ACPI__ParseDT 0000000010015c1c     guideXOS.obj
 0003:00012dec       guideXOS_guideXOS_Kernel_Drivers_ACPI__RemapIRQ 0000000010015dec     guideXOS.obj
 0003:00012e44       guideXOS_guideXOS_Kernel_Drivers_ACPITimer__Sleep 0000000010015e44     guideXOS.obj
 0003:00012f28       guideXOS_guideXOS_Kernel_Drivers_ACPITimer__SleepMicroseconds 0000000010015f28     guideXOS.obj
 0003:0001304c       guideXOS_guideXOS_Kernel_Drivers_Resolution__ToString 000000001001604c     guideXOS.obj
 0003:000130c0       guideXOS_guideXOS_Kernel_Drivers_DisplayManager__EnsureSvga 00000000100160c0     guideXOS.obj
 0003:0001319c       guideXOS_guideXOS_Kernel_Drivers_DisplayManager__TrySetResolution 000000001001619c     guideXOS.obj
 0003:0001328c       guideXOS_guideXOS_Kernel_Drivers_DisplayManager__ToASCII 000000001001628c     guideXOS.obj
 0003:000132d0       guideXOS_guideXOS_Kernel_Drivers_DisplayManager__SaveResolution 00000000100162d0     guideXOS.obj
 0003:00013380       guideXOS_guideXOS_Kernel_Drivers_EHCI__SendAndReceive 0000000010016380     guideXOS.obj
 0003:00013670       guideXOS_guideXOS_Kernel_Drivers_EHCI__WaitForComplete 0000000010016670     guideXOS.obj
 0003:00013718       guideXOS_guideXOS_Kernel_Drivers_EHCI__BulkTransfer 0000000010016718     guideXOS.obj
 0003:000139a8       guideXOS_guideXOS_Kernel_Drivers_Framebuffer__set_TripleBuffered 00000000100169a8     guideXOS.obj
 0003:00013a2c       guideXOS_guideXOS_Kernel_Drivers_Framebuffer__Update 0000000010016a2c     guideXOS.obj
 0003:00013afc       guideXOS_guideXOS_Kernel_Drivers_Framebuffer__Initialize 0000000010016afc     guideXOS.obj
 0003:00013c38       guideXOS_guideXOS_Kernel_Drivers_HPET__Initialize 0000000010016c38     guideXOS.obj
 0003:00013ca8       guideXOS_guideXOS_Kernel_Drivers_HPET__WriteRegister 0000000010016ca8     guideXOS.obj
 0003:00013ccc       guideXOS_guideXOS_Kernel_Drivers_HPET__ReadRegister 0000000010016ccc     guideXOS.obj
 0003:00013cec       guideXOS_guideXOS_Kernel_Drivers_IDE__Initialize 0000000010016cec     guideXOS.obj
 0003:00013d50       guideXOS_guideXOS_Kernel_Drivers_IDE__ScanPorts 0000000010016d50     guideXOS.obj
 0003:0001437c       guideXOS_guideXOS_Kernel_Drivers_IDE___ScanPorts_g__WaitForIdentifyData_3_2 000000001001737c     guideXOS.obj
 0003:000143e8       guideXOS_guideXOS_Kernel_Drivers_IDEDevice__ReadOrWrite 00000000100173e8     guideXOS.obj
 0003:000146ac       guideXOS_guideXOS_Kernel_Drivers_IDEDevice__WaitForReadyStatus 00000000100176ac     guideXOS.obj
 0003:00014710       guideXOS_guideXOS_Kernel_Drivers_IDEDevice__Read 0000000010017710     guideXOS.obj
 0003:00014770       guideXOS_guideXOS_Kernel_Drivers_IDEDevice__Write 0000000010017770     guideXOS.obj
 0003:000147d4       guideXOS_guideXOS_Kernel_Drivers_IDEDevice___ctor 00000000100177d4     guideXOS.obj
 0003:000147f4       guideXOS_guideXOS_Kernel_Drivers_IOAPIC__Initialize 00000000100177f4     guideXOS.obj
 0003:00014850       guideXOS_guideXOS_Kernel_Drivers_IOAPIC__In 0000000010017850     guideXOS.obj
 0003:0001487c       guideXOS_guideXOS_Kernel_Drivers_IOAPIC__Out 000000001001787c     guideXOS.obj
 0003:000148ac       guideXOS_guideXOS_Kernel_Drivers_IOAPIC__SetEntry 00000000100178ac     guideXOS.obj
 0003:000148e0       guideXOS_guideXOS_Kernel_Drivers_IOAPIC__SetEntry_0 00000000100178e0     guideXOS.obj
 0003:00014900       guideXOS_guideXOS_Kernel_Drivers_Keyboard__InvokeOnKeyChanged 0000000010017900     guideXOS.obj
 0003:00014930       guideXOS_guideXOS_Kernel_Drivers_Keyboard__SimulateKey 0000000010017930     guideXOS.obj
 0003:000149d8       guideXOS_guideXOS_Kernel_Drivers_Keyboard__CleanKeyInfo 00000000100179d8     guideXOS.obj
 0003:00014a04       guideXOS_guideXOS_Kernel_Drivers_LocalAPIC__ReadRegister 0000000010017a04     guideXOS.obj
 0003:00014a24       guideXOS_guideXOS_Kernel_Drivers_LocalAPIC__Initialize 0000000010017a24     guideXOS.obj
 0003:00014a50       guideXOS_guideXOS_Kernel_Drivers_LocalAPIC__SendIPI 0000000010017a50     guideXOS.obj
 0003:00014aa0       guideXOS_guideXOS_Kernel_Drivers_LocalAPICTimer__StartTimer 0000000010017aa0     guideXOS.obj
 0003:00014b0c       guideXOS_guideXOS_Kernel_Drivers_LocalAPICTimer__EstimateBusSpeed 0000000010017b0c     guideXOS.obj
 0003:00014bc0       guideXOS_guideXOS_Kernel_Drivers_PCIDevice__WriteRegister 0000000010017bc0     guideXOS.obj
 0003:00014c2c       guideXOS_guideXOS_Kernel_Drivers_PCIDevice___ctor 0000000010017c2c     guideXOS.obj
 0003:00014c30       guideXOS_guideXOS_Kernel_Drivers_PCI__GetDevice 0000000010017c30     guideXOS.obj
 0003:00014ca0       guideXOS_guideXOS_Kernel_Drivers_PCI__Initialise 0000000010017ca0     guideXOS.obj
 0003:00014d38       guideXOS_guideXOS_Kernel_Drivers_PCI__CheckBus 0000000010017d38     guideXOS.obj
 0003:00015274       guideXOS_guideXOS_Kernel_Drivers_PCI__ReadRegister16 0000000010018274     guideXOS.obj
 0003:0001531c       guideXOS_guideXOS_Kernel_Drivers_PCI__ReadRegister8 000000001001831c     guideXOS.obj
 0003:000153c4       guideXOS_guideXOS_Kernel_Drivers_PCI__WriteRegister16 00000000100183c4     guideXOS.obj
 0003:00015464       guideXOS_guideXOS_Kernel_Drivers_PCI__GetVendorID 0000000010018464     guideXOS.obj
 0003:000154f0       guideXOS_guideXOS_Kernel_Drivers_PCI__GetHeaderType 00000000100184f0     guideXOS.obj
 0003:00015584       guideXOS_guideXOS_Kernel_Drivers_PCI__GetAddressBase 0000000010018584     guideXOS.obj
 0003:000155a4       guideXOS_guideXOS_Kernel_Drivers_PCIExpress__Initialize 00000000100185a4     guideXOS.obj
 0003:0001563c       guideXOS_guideXOS_Kernel_Drivers_PCIExpress__CheckBus 000000001001863c     guideXOS.obj
 0003:00015910       guideXOS_guideXOS_Kernel_Drivers_PIC__Disable 0000000010018910     guideXOS.obj
 0003:00015afc       guideXOS_guideXOS_Kernel_Drivers_Power__Reboot 0000000010018afc     guideXOS.obj
 0003:00015b98       guideXOS_guideXOS_Kernel_Drivers_PS2Keyboard__Initialize 0000000010018b98     guideXOS.obj
 0003:00015c88       guideXOS_guideXOS_Kernel_Drivers_PS2Keyboard__OnInterrupt 0000000010018c88     guideXOS.obj
 0003:00015e60       guideXOS_guideXOS_Kernel_Drivers_PS2Keyboard__TranslateSet2ToSet1 0000000010018e60     guideXOS.obj
 0003:00016238       guideXOS_guideXOS_Kernel_Drivers_PS2Keyboard__UpdateModifiers 0000000010019238     guideXOS.obj
 0003:00016324       guideXOS_guideXOS_Kernel_Drivers_PS2Keyboard__ScancodeToKey 0000000010019324     guideXOS.obj
 0003:00016720       guideXOS_guideXOS_Kernel_Drivers_PS2Keyboard__GetChar 0000000010019720     guideXOS.obj
 0003:00016c80       guideXOS_guideXOS_Kernel_Drivers_PS2Mouse__Initialise 0000000010019c80     guideXOS.obj
 0003:000171a0       guideXOS_guideXOS_Kernel_Drivers_PS2Mouse__WriteRegister 000000001001a1a0     guideXOS.obj
 0003:000172c0       guideXOS_guideXOS_Kernel_Drivers_PS2Mouse__OnInterrupt 000000001001a2c0     guideXOS.obj
 0003:0001763c       guideXOS_guideXOS_Kernel_Drivers_Ramdisk__Read 000000001001a63c     guideXOS.obj
 0003:000176a8       guideXOS_guideXOS_Kernel_Drivers_Ramdisk__Write 000000001001a6a8     guideXOS.obj
 0003:00017718       guideXOS_guideXOS_Kernel_Drivers_RTC__get_Second 000000001001a718     guideXOS.obj
 0003:000177b4       guideXOS_guideXOS_Kernel_Drivers_RTC__get_Minute 000000001001a7b4     guideXOS.obj
 0003:00017854       guideXOS_guideXOS_Kernel_Drivers_RTC__get_Hour 000000001001a854     guideXOS.obj
 0003:0001790c       guideXOS_guideXOS_Kernel_Drivers_RTC__get_Century 000000001001a90c     guideXOS.obj
 0003:000179ac       guideXOS_guideXOS_Kernel_Drivers_RTC__get_Year 000000001001a9ac     guideXOS.obj
 0003:00017a4c       guideXOS_guideXOS_Kernel_Drivers_RTC__get_Month 000000001001aa4c     guideXOS.obj
 0003:00017aec       guideXOS_guideXOS_Kernel_Drivers_RTC__get_Day 000000001001aaec     guideXOS.obj
 0003:00017b8c       guideXOS_guideXOS_Kernel_Drivers_SATA__Initialize 000000001001ab8c     guideXOS.obj
 0003:00017f6c       guideXOS_guideXOS_Kernel_Drivers_SATA__CheckPortType 000000001001af6c     guideXOS.obj
 0003:00017fc8       guideXOS_guideXOS_Kernel_Drivers_Serial__Initialise 000000001001afc8     guideXOS.obj
 0003:00018128       guideXOS_guideXOS_Kernel_Drivers_Serial__Write_0 000000001001b128     guideXOS.obj
 0003:000181b0       guideXOS_guideXOS_Kernel_Drivers_SMBIOS__Initialise 000000001001b1b0     guideXOS.obj
 0003:00018298       guideXOS_guideXOS_Kernel_Drivers_SMBIOS__PrintIndex 000000001001b298     guideXOS.obj
 0003:000182f8       guideXOS_guideXOS_Kernel_Drivers_Timer__Initialize 000000001001b2f8     guideXOS.obj
 0003:000183d0       guideXOS_guideXOS_Kernel_Drivers_Timer__EstimateCPUSpeed 000000001001b3d0     guideXOS.obj
 0003:00018454       guideXOS_guideXOS_Kernel_Drivers_Timer__OnInterrupt 000000001001b454     guideXOS.obj
 0003:00018498       guideXOS_guideXOS_Kernel_Drivers_Timer__Sleep 000000001001b498     guideXOS.obj
 0003:00018500       guideXOS_guideXOS_Kernel_Drivers_USBMSCBot__TryCreateDisk 000000001001b500     guideXOS.obj
 0003:000185e8       guideXOS_guideXOS_Kernel_Drivers_VMWareSVGAII___ctor 000000001001b5e8     guideXOS.obj
 0003:00018784       guideXOS_guideXOS_Kernel_Drivers_VMWareSVGAII__InitializeFIFO 000000001001b784     guideXOS.obj
 0003:000188f4       guideXOS_guideXOS_Kernel_Drivers_VMWareSVGAII__SetMode 000000001001b8f4     guideXOS.obj
 0003:00018b1c       guideXOS_guideXOS_Kernel_Drivers_VMwareTools__Initialize 000000001001bb1c     guideXOS.obj
 0003:00018b64       guideXOS_guideXOS_Kernel_Drivers_VMwareTools__vmware_handle_mouse 000000001001bb64     guideXOS.obj
 0003:00018cb4       guideXOS_guideXOS_Kernel_Drivers_VMwareTools__mouse_absolute 000000001001bcb4     guideXOS.obj
 0003:00018dac       guideXOS_guideXOS_Kernel_Drivers_VMwareTools__is_vmware_backdoor 000000001001bdac     guideXOS.obj
 0003:00018e30       guideXOS_guideXOS_Kernel_Drivers_USBStorage__GetFirst 000000001001be30     guideXOS.obj
 0003:00018e64       guideXOS_guideXOS_Kernel_Drivers_USBStorage___cctor 000000001001be64     guideXOS.obj
 0003:00018eb0       guideXOS_guideXOS_OS_App__get__name 000000001001beb0     guideXOS.obj
 0003:00018eb8       guideXOS_guideXOS_OS_App__get__icon 000000001001beb8     guideXOS.obj
 0003:00018ec0       guideXOS_guideXOS_OS_App__get__appObject 000000001001bec0     guideXOS.obj
 0003:00018ec8       guideXOS_guideXOS_OS_App__set__appObject 000000001001bec8     guideXOS.obj
 0003:00018ed4       guideXOS_guideXOS_OS_App__get_Name 000000001001bed4     guideXOS.obj
 0003:00018edc       guideXOS_guideXOS_OS_App__get_Icon 000000001001bedc     guideXOS.obj
 0003:00018ee4       guideXOS_guideXOS_OS_App__get_AppObject 000000001001bee4     guideXOS.obj
 0003:00018eec       guideXOS_guideXOS_OS_App__set_AppObject 000000001001beec     guideXOS.obj
 0003:00018ef4       guideXOS_guideXOS_OS_AppCollection__Load 000000001001bef4     guideXOS.obj
 0003:00019a98       guideXOS_guideXOS_OS_AppCollection__LaunchGXMFromFile 000000001001ca98     guideXOS.obj
 0003:00019bac       guideXOS_guideXOS_OS_AppCollection__get_Length 000000001001cbac     guideXOS.obj
 0003:00019bb4       guideXOS_guideXOS_OS_AppCollection__Name 000000001001cbb4     guideXOS.obj
 0003:00019be0       guideXOS_guideXOS_OS_AppCollection__Icon 000000001001cbe0     guideXOS.obj
 0003:00019c0c       guideXOS_guideXOS_OS_AuthClient__JsonEscape 000000001001cc0c     guideXOS.obj
 0003:00019df0       guideXOS_guideXOS_OS_AuthClient__ParseGuidFromJson 000000001001cdf0     guideXOS.obj
 0003:00019ea4       guideXOS_guideXOS_OS_AuthClient__IndexOfIgnoreCase 000000001001cea4     guideXOS.obj
 0003:00019f30       guideXOS_guideXOS_OS_AuthClient__IndexOfFrom 000000001001cf30     guideXOS.obj
 0003:00019f64       guideXOS_guideXOS_OS_AuthClient__TryLogin 000000001001cf64     guideXOS.obj
 0003:0001a0a4       guideXOS_guideXOS_OS_AuthClient__TryRegister 000000001001d0a4     guideXOS.obj
 0003:0001a1e4       guideXOS_guideXOS_OS_Configuration__Initialize 000000001001d1e4     guideXOS.obj
 0003:0001a240       guideXOS_guideXOS_OS_Configuration__LoadConfiguration 000000001001d240     guideXOS.obj
 0003:0001a290       guideXOS_guideXOS_OS_Configuration__SaveConfiguration 000000001001d290     guideXOS.obj
 0003:0001a304       guideXOS_guideXOS_OS_Configuration__LoadUISettings 000000001001d304     guideXOS.obj
 0003:0001a4c0       guideXOS_guideXOS_OS_Configuration__SaveUISettings 000000001001d4c0     guideXOS.obj
 0003:0001a6f4       guideXOS_guideXOS_OS_Configuration__FindValue 000000001001d6f4     guideXOS.obj
 0003:0001a7bc       guideXOS_guideXOS_OS_Configuration__ParseInt 000000001001d7bc     guideXOS.obj
 0003:0001a824       guideXOS_guideXOS_OS_Configuration__ParseBool 000000001001d824     guideXOS.obj
 0003:0001a8e0       guideXOS_guideXOS_OS_Configuration__GetBytesFromString 000000001001d8e0     guideXOS.obj
 0003:0001a97c       guideXOS_guideXOS_OS_Configuration__GetStringFromBytes 000000001001d97c     guideXOS.obj
 0003:0001aa00       guideXOS_guideXOS_OS_Firewall__ListHas 000000001001da00     guideXOS.obj
 0003:0001aa58       guideXOS_guideXOS_OS_Firewall__get_Exceptions 000000001001da58     guideXOS.obj
 0003:0001aac0       guideXOS_guideXOS_OS_Firewall__AddException 000000001001dac0     guideXOS.obj
 0003:0001ab18       guideXOS_guideXOS_OS_Firewall__Check 000000001001db18     guideXOS.obj
 0003:0001ab8c       guideXOS_guideXOS_OS_Firewall__QueueAlert 000000001001db8c     guideXOS.obj
 0003:0001ac1c       guideXOS_guideXOS_OS_Firewall__ShowAlert 000000001001dc1c     guideXOS.obj
 0003:0001ac64       guideXOS_guideXOS_OS_Firewall__RemoveAlert 000000001001dc64     guideXOS.obj
 0003:0001ace0       guideXOS_guideXOS_OS_Firewall___cctor 000000001001dce0     guideXOS.obj
 0003:0001ad70       guideXOS_guideXOS_OS_SystemMode__get_IsLiveMode 000000001001dd70     guideXOS.obj
 0003:0001ad94       guideXOS_guideXOS_OS_SystemMode__DetectMode 000000001001dd94     guideXOS.obj
 0003:0001ae8c       guideXOS_guideXOS_OS_SystemMode__CanWriteSettings 000000001001de8c     guideXOS.obj
 0003:0001afdc       guideXOS_guideXOS_Modules_ModuleManager__Register 000000001001dfdc     guideXOS.obj
 0003:0001b08c       guideXOS_guideXOS_Modules_ModuleManager__InitializeBuiltins 000000001001e08c     guideXOS.obj
 0003:0001b0e4       guideXOS_guideXOS_Modules_ModuleManager___cctor 000000001001e0e4     guideXOS.obj
 0003:0001b130       guideXOS_guideXOS_Misc_TrueTypeFont___ctor 000000001001e130     guideXOS.obj
 0003:0001b244       guideXOS_guideXOS_Misc_TrueTypeFont__ParseFont 000000001001e244     guideXOS.obj
 0003:0001b524       guideXOS_guideXOS_Misc_TrueTypeFont__ParseHeadTable 000000001001e524     guideXOS.obj
 0003:0001b5b0       guideXOS_guideXOS_Misc_TrueTypeFont__ParseMaxpTable 000000001001e5b0     guideXOS.obj
 0003:0001b630       guideXOS_guideXOS_Misc_TrueTypeFont__ParseLocaTable 000000001001e630     guideXOS.obj
 0003:0001b7e8       guideXOS_guideXOS_Misc_TrueTypeFont__ParseHheaTable 000000001001e7e8     guideXOS.obj
 0003:0001b868       guideXOS_guideXOS_Misc_TrueTypeFont__ParseHmtxTable 000000001001e868     guideXOS.obj
 0003:0001ba8c       guideXOS_guideXOS_Misc_TrueTypeFont__ParseCmapTable 000000001001ea8c     guideXOS.obj
 0003:0001bcd4       guideXOS_guideXOS_Misc_TrueTypeFont__ParseCmapFormat4 000000001001ecd4     guideXOS.obj
 0003:0001bf48       guideXOS_guideXOS_Misc_TrueTypeFont__LoadGlyphOutline 000000001001ef48     guideXOS.obj
 0003:0001c6e0       guideXOS_guideXOS_Misc_TrueTypeFont__RenderChar 000000001001f6e0     guideXOS.obj
 0003:0001c894       guideXOS_guideXOS_Misc_TrueTypeFont__RasterizeOutline 000000001001f894     guideXOS.obj
 0003:0001caac       guideXOS_guideXOS_Misc_TrueTypeFont__FindNextOnCurve 000000001001faac     guideXOS.obj
 0003:0001caf0       guideXOS_guideXOS_Misc_TrueTypeFont__DrawLine 000000001001faf0     guideXOS.obj
 0003:0001cbc8       guideXOS_guideXOS_Misc_TrueTypeFont__DrawQuadraticBezier 000000001001fbc8     guideXOS.obj
 0003:0001cd0c       guideXOS_guideXOS_Misc_TrueTypeFont__FloodFill 000000001001fd0c     guideXOS.obj
 0003:0001cd8c       guideXOS_guideXOS_Misc_TrueTypeFont__DrawString 000000001001fd8c     guideXOS.obj
 0003:0001cf30       guideXOS_guideXOS_Misc_TrueTypeFont__ReadInt16 000000001001ff30     guideXOS.obj
 0003:0001cf6c       guideXOS_guideXOS_Misc_TrueTypeFont__ReadUInt16 000000001001ff6c     guideXOS.obj
 0003:0001cfac       guideXOS_guideXOS_Misc_TrueTypeFont__ReadUInt32 000000001001ffac     guideXOS.obj
 0003:0001cfdc       guideXOS_guideXOS_Misc_Audio__snd_write 000000001001ffdc     guideXOS.obj
 0003:0001cfdc       snd_write                  000000001001ffdc     guideXOS.obj
 0003:0001d0c4       guideXOS_guideXOS_Misc_Audio__snd_clear 00000000100200c4     guideXOS.obj
 0003:0001d0c4       snd_clear                  00000000100200c4     guideXOS.obj
 0003:0001d0d8       guideXOS_guideXOS_Misc_Bitmap___ctor 00000000100200d8     guideXOS.obj
 0003:0001d320       guideXOS_guideXOS_Misc_BootSplash__Initialize 0000000010020320     guideXOS.obj
 0003:0001d39c       guideXOS_guideXOS_Misc_BootSplash__Cleanup 000000001002039c     guideXOS.obj
 0003:0001d3d4       guideXOS_guideXOS_Misc_BootSplash__Tick 00000000100203d4     guideXOS.obj
 0003:0001d748       guideXOS_guideXOS_Misc_ClassID__GetName 0000000010020748     guideXOS.obj
 0003:0001d8b0       KMain                      00000000100208b0     guideXOS.obj
 0003:0001d8b0       guideXOS_guideXOS_Misc_EntryPoint__KMain 00000000100208b0     guideXOS.obj
 0003:0001d918       Entry                      0000000010020918     guideXOS.obj
 0003:0001d918       guideXOS_guideXOS_Misc_EntryPoint__Entry 0000000010020918     guideXOS.obj
 0003:0001ddb0       guideXOS_guideXOS_Misc_EntryPoint__DetectArchitecture 0000000010020db0     guideXOS.obj
 0003:0001de48       guideXOS_guideXOS_Misc_EntryPoint__TestPointerIntegrity 0000000010020e48     guideXOS.obj
 0003:0001de54       guideXOS_guideXOS_Misc_GXMLoader__TryExecute 0000000010020e54     guideXOS.obj
 0003:0001e2b4       guideXOS_guideXOS_Misc_GXMLoader__ApplyGuiLine 00000000100212b4     guideXOS.obj
 0003:0001f6a8       guideXOS_guideXOS_Misc_GXMLoader__NextField 00000000100226a8     guideXOS.obj
 0003:0001f71c       guideXOS_guideXOS_Misc_GXMLoader__IndexOf 000000001002271c     guideXOS.obj
 0003:0001f750       guideXOS_guideXOS_Misc_GXMLoader__StringEquals 0000000010022750     guideXOS.obj
 0003:0001f7c4       guideXOS_guideXOS_Misc_GXMLoader__ToInt 00000000100227c4     guideXOS.obj
 0003:0001f828       guideXOS_guideXOS_Misc_GXMLoader__ToBool 0000000010022828     guideXOS.obj
 0003:0001f994       guideXOS_guideXOS_Misc_GXMLoader__ExtractUtf8 0000000010022994     guideXOS.obj
 0003:0001fa84       guideXOS_guideXOS_Misc_GXMLoader__ReadU32 0000000010022a84     guideXOS.obj
 0003:0001faec       guideXOS_guideXOS_Misc_IFont__DrawChar 0000000010022aec     guideXOS.obj
 0003:0001fd80       guideXOS_guideXOS_Misc_IFont__DrawString 0000000010022d80     guideXOS.obj
 0003:0001fdf8       guideXOS_guideXOS_Misc_IFont__DrawString_0 0000000010022df8     guideXOS.obj
 0003:0001fe70       guideXOS_guideXOS_Misc_IFont__MeasureString 0000000010022e70     guideXOS.obj
 0003:0001fee0       guideXOS_guideXOS_Misc_IFont__DrawString_1 0000000010022ee0     guideXOS.obj
 0003:00020010       guideXOS_guideXOS_Misc_Interrupts__EnableInterrupt_0 0000000010023010     guideXOS.obj
 0003:00020078       guideXOS_guideXOS_Misc_Interrupts__HandleInterrupt 0000000010023078     guideXOS.obj
 0003:000200e0       guideXOS_guideXOS_Misc_Panic__Error 00000000100230e0     guideXOS.obj
 0003:00020188       guideXOS_guideXOS_Misc_Panic__ShowEnhancedCrashScreen 0000000010023188     guideXOS.obj
 0003:00020368       guideXOS_guideXOS_Misc_Panic__DrawPanicHeader 0000000010023368     guideXOS.obj
 0003:00020514       guideXOS_guideXOS_Misc_Panic__DrawExceptionInfo 0000000010023514     guideXOS.obj
 0003:000211cc       guideXOS_guideXOS_Misc_Panic__DrawRegisters 00000000100241cc     guideXOS.obj
 0003:000214d0       guideXOS_guideXOS_Misc_Panic__FormatRegister 00000000100244d0     guideXOS.obj
 0003:00021598       guideXOS_guideXOS_Misc_Panic__DrawStackTrace 0000000010024598     guideXOS.obj
 0003:00021894       guideXOS_guideXOS_Misc_Panic__DrawSystemInfo 0000000010024894     guideXOS.obj
 0003:00021c50       guideXOS_guideXOS_Misc_Panic__DrawTimingAnalysis 0000000010024c50     guideXOS.obj
 0003:00021f88       guideXOS_guideXOS_Misc_Panic__DrawControlRegisters 0000000010024f88     guideXOS.obj
 0003:00022534       guideXOS_guideXOS_Misc_Panic__DrawRFlagsBreakdown 0000000010025534     guideXOS.obj
 0003:0002289c       guideXOS_guideXOS_Misc_Panic__DrawSectionHeader 000000001002589c     guideXOS.obj
 0003:00022914       guideXOS_guideXOS_Misc_Panic__DrawFooter 0000000010025914     guideXOS.obj
 0003:000229f4       guideXOS_guideXOS_Misc_Panic__DrawText 00000000100259f4     guideXOS.obj
 0003:00022a48       guideXOS_guideXOS_Misc_Panic__DrawTextLarge 0000000010025a48     guideXOS.obj
 0003:00022ae0       guideXOS_guideXOS_Misc_Panic__GetExceptionName 0000000010025ae0     guideXOS.obj
 0003:00022c38       guideXOS_guideXOS_Misc_PNG__BuildFallback 0000000010025c38     guideXOS.obj
 0003:00022cd0       guideXOS_guideXOS_Misc_PNG__HasPngHeader 0000000010025cd0     guideXOS.obj
 0003:00022d54       guideXOS_guideXOS_Misc_PNG__TryGetIHDRDims 0000000010025d54     guideXOS.obj
 0003:00022e18       guideXOS_guideXOS_Misc_PNG___ctor 0000000010025e18     guideXOS.obj
 0003:000230ec       guideXOS_guideXOS_Misc_PNG__lodepng_decode_memory 00000000100260ec     guideXOS.obj
 0003:00023188       guideXOS_guideXOS_Misc_SchedulerExtensions__EnterUserMode 0000000010026188     guideXOS.obj
 0003:00023200       guideXOS_guideXOS_Misc_SVG__BuildFallback 0000000010026200     guideXOS.obj
 0003:00023298       guideXOS_guideXOS_Misc_SVG___ctor 0000000010026298     guideXOS.obj
 0003:00023484       guideXOS_guideXOS_Misc_SVG__RenderSVG 0000000010026484     guideXOS.obj
 0003:000238d8       guideXOS_guideXOS_Misc_SVG__GetMinIndex 00000000100268d8     guideXOS.obj
 0003:0002390c       guideXOS_guideXOS_Misc_SVG__FindString 000000001002690c     guideXOS.obj
 0003:00023980       guideXOS_guideXOS_Misc_SVG__FindChar 0000000010026980     guideXOS.obj
 0003:000239b4       guideXOS_guideXOS_Misc_SVG__RenderRectElement 00000000100269b4     guideXOS.obj
 0003:00023bdc       guideXOS_guideXOS_Misc_SVG__RenderCircleElement 0000000010026bdc     guideXOS.obj
 0003:00023dd8       guideXOS_guideXOS_Misc_SVG__RenderEllipseElement 0000000010026dd8     guideXOS.obj
 0003:00023fdc       guideXOS_guideXOS_Misc_SVG__RenderPathElement 0000000010026fdc     guideXOS.obj
 0003:00024438       guideXOS_guideXOS_Misc_SVG__RenderPolygonElement 0000000010027438     guideXOS.obj
 0003:0002476c       guideXOS_guideXOS_Misc_SVG__RenderPolylineElement 000000001002776c     guideXOS.obj
 0003:00024a20       guideXOS_guideXOS_Misc_SVG__ParseNextNumber 0000000010027a20     guideXOS.obj
[...]
 0005:0036fe80       __writableDataguideXOS_System_Collections_Generic_List_1<guideXOS_guideXOS_DefaultApps_IRCNetworks_Entry> 0000000010415e80     guideXOS.obj
 0005:0036fe88       __writableDataguideXOS_System_Collections_Generic_List_1<guideXOS_guideXOS_DefaultApps_PaintTool> 0000000010415e88     guideXOS.obj
 0005:0036fe90       __writableDataguideXOS_System_Collections_Generic_List_1<guideXOS_guideXOS_DefaultApps_WebBrowser_BrowserTab> 0000000010415e90     guideXOS.obj
 0005:0036fe98       __writableDataguideXOS_System_Collections_Generic_List_1<guideXOS_guideXOS_DefaultApps_WebBrowser_RenderElement> 0000000010415e98     guideXOS.obj
 0005:0036fea0       __writableDataguideXOS_System_Collections_Generic_List_1<guideXOS_guideXOS_FS_EXT2_DirEnt> 0000000010415ea0     guideXOS.obj
 0005:0036fea8       __writableDataguideXOS_System_Collections_Generic_List_1<guideXOS_guideXOS_FS_FileInfo> 0000000010415ea8     guideXOS.obj
 0005:0036feb0       __writableDataguideXOS_System_Collections_Generic_List_1<guideXOS_guideXOS_GUI_DockableWidget> 0000000010415eb0     guideXOS.obj
 0005:0036feb8       __writableDataguideXOS_System_Collections_Generic_List_1<guideXOS_guideXOS_GUI_GXMScriptWindow_Btn> 0000000010415eb8     guideXOS.obj
 0005:0036fec0       __writableDataguideXOS_System_Collections_Generic_List_1<guideXOS_guideXOS_GUI_GXMScriptWindow_Callback> 0000000010415ec0     guideXOS.obj
 0005:0036fec8       __writableDataguideXOS_System_Collections_Generic_List_1<guideXOS_guideXOS_GUI_GXMScriptWindow_DropdownDef> 0000000010415ec8     guideXOS.obj
 0005:0036fed0       __writableDataguideXOS_System_Collections_Generic_List_1<guideXOS_guideXOS_GUI_GXMScriptWindow_Label> 0000000010415ed0     guideXOS.obj
 0005:0036fed8       __writableDataguideXOS_System_Collections_Generic_List_1<guideXOS_guideXOS_GUI_GXMScriptWindow_ListViewDef> 0000000010415ed8     guideXOS.obj
 0005:0036fee0       __writableDataguideXOS_System_Collections_Generic_List_1<guideXOS_guideXOS_GUI_GXMScriptWindow_TextBoxDef> 0000000010415ee0     guideXOS.obj
 0005:0036fee8       __writableDataguideXOS_System_Collections_Generic_List_1<guideXOS_guideXOS_GUI_PinnedManager_Pinned> 0000000010415ee8     guideXOS.obj
 0005:0036fef0       __writableDataguideXOS_System_Collections_Generic_List_1<guideXOS_guideXOS_GUI_RecentDocumentEntry> 0000000010415ef0     guideXOS.obj
 0005:0036fef8       __writableDataguideXOS_System_Collections_Generic_List_1<guideXOS_guideXOS_GUI_RecentProgramEntry> 0000000010415ef8     guideXOS.obj
 0005:0036ff00       __writableDataguideXOS_System_Collections_Generic_List_1<guideXOS_guideXOS_GUI_Widgets_Button> 0000000010415f00     guideXOS.obj
 0005:0036ff08       __writableDataguideXOS_System_Collections_Generic_List_1<guideXOS_guideXOS_GUI_Window> 0000000010415f08     guideXOS.obj
 0005:0036ff10       __writableDataguideXOS_System_Collections_Generic_List_1<guideXOS_guideXOS_GUI_WorkspaceSwitcher_WindowSnapshot> 0000000010415f10     guideXOS.obj
 0005:0036ff18       __writableDataguideXOS_System_Collections_Generic_List_1<guideXOS_guideXOS_Kernel_Drivers_IDEDevice> 0000000010415f18     guideXOS.obj
 0005:0036ff20       __writableDataguideXOS_System_Collections_Generic_List_1<guideXOS_guideXOS_Kernel_Drivers_PCIDevice> 0000000010415f20     guideXOS.obj
 0005:0036ff28       __writableDataguideXOS_System_Collections_Generic_List_1<guideXOS_guideXOS_Kernel_Drivers_SATA_SATADevice> 0000000010415f28     guideXOS.obj
 0005:0036ff30       __writableDataguideXOS_System_Collections_Generic_List_1<guideXOS_guideXOS_Misc_Interrupts_INT> 0000000010415f30     guideXOS.obj
 0005:0036ff38       __writableDataguideXOS_System_Collections_Generic_List_1<guideXOS_guideXOS_Misc_Thread> 0000000010415f38     guideXOS.obj
 0005:0036ff40       __writableDataguideXOS_System_Collections_Generic_List_1<guideXOS_guideXOS_Misc_TrueTypeFont_Point> 0000000010415f40     guideXOS.obj
 0005:0036ff48       __writableDataguideXOS_System_Collections_Generic_List_1<guideXOS_guideXOS_Misc_TrueTypeFont_TableRecord> 0000000010415f48     guideXOS.obj
 0005:0036ff50       __writableDataguideXOS_System_Collections_Generic_List_1<guideXOS_guideXOS_Misc_USBDevice> 0000000010415f50     guideXOS.obj
 0005:0036ff58       __writableDataguideXOS_System_Collections_Generic_List_1<guideXOS_guideXOS_Modules_ModuleManager_ModuleEntry> 0000000010415f58     guideXOS.obj
 0005:0036ff60       __writableDataguideXOS_System_Collections_Generic_List_1<guideXOS_guideXOS_NETv4_ARPCache> 0000000010415f60     guideXOS.obj
 0005:0036ff68       __writableDataguideXOS_System_Collections_Generic_List_1<guideXOS_guideXOS_NETv4_TCPClient> 0000000010415f68     guideXOS.obj
 0005:0036ff70       __writableDataguideXOS_System_Collections_Generic_List_1<guideXOS_guideXOS_NETv4_UDPClient> 0000000010415f70     guideXOS.obj
 0005:0036ff78       __writableDataguideXOS_System_Collections_Generic_List_1<guideXOS_guideXOS_Network_Http_Header> 0000000010415f78     guideXOS.obj
 0005:0036ff80       __writableDataguideXOS_System_Collections_Generic_Queue_1 0000000010415f80     guideXOS.obj
 0005:0036ff88       __writableDataguideXOS_System_Collections_Generic_Queue_1<__Array<UInt8>> 0000000010415f88     guideXOS.obj
 0005:0036ff90       __writableDataguideXOS_System_ConsoleKeyInfo 0000000010415f90     guideXOS.obj
 0005:0036ff98       __writableDataguideXOS_System_Delegate 0000000010415f98     guideXOS.obj
 0005:0036ffa0       __writableDataguideXOS_System_Drawing_Image 0000000010415fa0     guideXOS.obj
 0005:0036ffa8       __writableDataguideXOS_System_Drawing_Point 0000000010415fa8     guideXOS.obj
 0005:0036ffb0       __writableDataguideXOS_System_Enum 0000000010415fb0     guideXOS.obj
 0005:0036ffb8       __writableDataguideXOS_System_EventHandler_1 0000000010415fb8     guideXOS.obj
 0005:0036ffc0       __writableDataguideXOS_System_EventHandler_1<guideXOS_System_ConsoleKeyInfo> 0000000010415fc0     guideXOS.obj
 0005:0036ffc8       __writableDataguideXOS_System_Func_2 0000000010415fc8     guideXOS.obj
 0005:0036ffd0       __writableDataguideXOS_System_Func_2<Int32__guideXOS_System_Drawing_Image> 0000000010415fd0     guideXOS.obj
 0005:0036ffd8       __writableDataguideXOS_System_Func_5 0000000010415fd8     guideXOS.obj
 0005:0036ffe0       __writableDataguideXOS_System_Func_5<String__Bool__UInt32__UInt32__Bool> 0000000010415fe0     guideXOS.obj
 0005:0036ffe8       __writableDataguideXOS_System_MulticastDelegate 0000000010415fe8     guideXOS.obj
 0005:0036fff0       __writableDataguideXOS_System_ValueType 0000000010415ff0     guideXOS.obj
 0005:0036fff8       __writableDataguideXOS__Module_ 0000000010415ff8     guideXOS.obj
 0005:00370000       __writableDataguideXOS_guideXOS_Animation 0000000010416000     guideXOS.obj
 0005:00370008       __writableDataguideXOS_guideXOS_Console 0000000010416008     guideXOS.obj
 0005:00370010       __writableDataguideXOS_guideXOS_Console_OnWriteHandler 0000000010416010     guideXOS.obj
 0005:00370018       __writableDataguideXOS_guideXOS_DefaultApps_Calculator 0000000010416018     guideXOS.obj
 0005:00370020       __writableDataguideXOS_guideXOS_DefaultApps_ComputerFiles 0000000010416020     guideXOS.obj
 0005:00370028       __writableDataguideXOS_guideXOS_DefaultApps_Devices 0000000010416028     guideXOS.obj
 0005:00370030       __writableDataguideXOS_guideXOS_DefaultApps_Devices_Row 0000000010416030     guideXOS.obj
 0005:00370038       __writableDataguideXOS_guideXOS_DefaultApps_DiskManager 0000000010416038     guideXOS.obj
 0005:00370040       __writableDataguideXOS_guideXOS_DefaultApps_DiskManager_DiskEntry 0000000010416040     guideXOS.obj
 0005:00370048       __writableDataguideXOS_guideXOS_DefaultApps_DiskManager_Part 0000000010416048     guideXOS.obj
 0005:00370050       __writableDataguideXOS_guideXOS_DefaultApps_DiskManager___c__DisplayClass38_0 0000000010416050     guideXOS.obj
 0005:00370058       __writableDataguideXOS_guideXOS_DefaultApps_DiskManager___c__DisplayClass54_0 0000000010416058     guideXOS.obj
 0005:00370060       __writableDataguideXOS_guideXOS_DefaultApps_DriveInfo 0000000010416060     guideXOS.obj
 0005:00370068       __writableDataguideXOS_guideXOS_DefaultApps_FConsole 0000000010416068     guideXOS.obj
 0005:00370070       __writableDataguideXOS_guideXOS_DefaultApps_FirewallAlert 0000000010416070     guideXOS.obj
 0005:00370078       __writableDataguideXOS_guideXOS_DefaultApps_FirewallWindow 0000000010416078     guideXOS.obj
 0005:00370080       __writableDataguideXOS_guideXOS_DefaultApps_GUISamples 0000000010416080     guideXOS.obj
 0005:00370088       __writableDataguideXOS_guideXOS_DefaultApps_HDInstaller 0000000010416088     guideXOS.obj
 0005:00370090       __writableDataguideXOS_guideXOS_DefaultApps_HDInstaller_DiskInfo 0000000010416090     guideXOS.obj
 0005:00370098       __writableDataguideXOS_guideXOS_DefaultApps_IRCNetworks 0000000010416098     guideXOS.obj
 0005:003700a0       __writableDataguideXOS_guideXOS_DefaultApps_IRCNetworks_Entry 00000000104160a0     guideXOS.obj
 0005:003700a8       __writableDataguideXOS_guideXOS_DefaultApps_Notepad 00000000104160a8     guideXOS.obj
 0005:003700b0       __writableDataguideXOS_guideXOS_DefaultApps_Notepad___c__DisplayClass24_0 00000000104160b0     guideXOS.obj
 0005:003700b8       __writableDataguideXOS_guideXOS_DefaultApps_Paint 00000000104160b8     guideXOS.obj
 0005:003700c0       __writableDataguideXOS_guideXOS_DefaultApps_PaintTool 00000000104160c0     guideXOS.obj
 0005:003700c8       __writableDataguideXOS_guideXOS_DefaultApps_TTFFontDemo 00000000104160c8     guideXOS.obj
 0005:003700d0       __writableDataguideXOS_guideXOS_DefaultApps_TaskManager 00000000104160d0     guideXOS.obj
 0005:003700d8       __writableDataguideXOS_guideXOS_DefaultApps_TaskManager_Chart 00000000104160d8     guideXOS.obj
 0005:003700e0       __writableDataguideXOS_guideXOS_DefaultApps_USBDrives 00000000104160e0     guideXOS.obj
 0005:003700e8       __writableDataguideXOS_guideXOS_DefaultApps_WebBrowser 00000000104160e8     guideXOS.obj
 0005:003700f0       __writableDataguideXOS_guideXOS_DefaultApps_WebBrowser_BrowserTab 00000000104160f0     guideXOS.obj
 0005:003700f8       __writableDataguideXOS_guideXOS_DefaultApps_WebBrowser_RenderElement 00000000104160f8     guideXOS.obj
 0005:00370100       __writableDataguideXOS_guideXOS_DefaultApps_Welcome 0000000010416100     guideXOS.obj
 0005:00370108       __writableDataguideXOS_guideXOS_DefaultApps_nexIRC 0000000010416108     guideXOS.obj
 0005:00370110       __writableDataguideXOS_guideXOS_DockableWidgets_Clock 0000000010416110     guideXOS.obj
 0005:00370118       __writableDataguideXOS_guideXOS_DockableWidgets_Monitor 0000000010416118     guideXOS.obj
 0005:00370120       __writableDataguideXOS_guideXOS_DockableWidgets_Monitor_Chart 0000000010416120     guideXOS.obj
 0005:00370128       __writableDataguideXOS_guideXOS_DockableWidgets_PerformanceWidget 0000000010416128     guideXOS.obj
 0005:00370130       __writableDataguideXOS_guideXOS_DockableWidgets_Uptime 0000000010416130     guideXOS.obj
 0005:00370138       __writableDataguideXOS_guideXOS_FS_AutoFS 0000000010416138     guideXOS.obj
 0005:00370140       __writableDataguideXOS_guideXOS_FS_CloudFS 0000000010416140     guideXOS.obj
 0005:00370148       __writableDataguideXOS_guideXOS_FS_Disk 0000000010416148     guideXOS.obj
 0005:00370150       __writableDataguideXOS_guideXOS_FS_EXT2 0000000010416150     guideXOS.obj
 0005:00370158       __writableDataguideXOS_guideXOS_FS_EXT2_DirEnt 0000000010416158     guideXOS.obj
 0005:00370160       __writableDataguideXOS_guideXOS_FS_FAT 0000000010416160     guideXOS.obj
 0005:00370168       __writableDataguideXOS_guideXOS_FS_FAT___c__DisplayClass50_0 0000000010416168     guideXOS.obj
 0005:00370170       __writableDataguideXOS_guideXOS_FS_FAT___c__DisplayClass50_1 0000000010416170     guideXOS.obj
 0005:00370178       __writableDataguideXOS_guideXOS_FS_FAT___c__DisplayClass60_0 0000000010416178     guideXOS.obj
 0005:00370180       __writableDataguideXOS_guideXOS_FS_FileInfo 0000000010416180     guideXOS.obj
 0005:00370188       __writableDataguideXOS_guideXOS_FS_FileSystem 0000000010416188     guideXOS.obj
 0005:00370190       __writableDataguideXOS_guideXOS_FS_TarFS 0000000010416190     guideXOS.obj
 0005:00370198       __writableDataguideXOS_guideXOS_GUI_Base_WindowBase 0000000010416198     guideXOS.obj
 0005:003701a0       __writableDataguideXOS_guideXOS_GUI_ColorPicker 00000000104161a0     guideXOS.obj
 0005:003701a8       __writableDataguideXOS_guideXOS_GUI_DisplayOptions 00000000104161a8     guideXOS.obj
 0005:003701b0       __writableDataguideXOS_guideXOS_GUI_DisplayOptions___c 00000000104161b0     guideXOS.obj
 0005:003701b8       __writableDataguideXOS_guideXOS_GUI_DockableWidget 00000000104161b8     guideXOS.obj
 0005:003701c0       __writableDataguideXOS_guideXOS_GUI_GXMScriptWindow 00000000104161c0     guideXOS.obj
 0005:003701c8       __writableDataguideXOS_guideXOS_GUI_GXMScriptWindow_Btn 00000000104161c8     guideXOS.obj
 0005:003701d0       __writableDataguideXOS_guideXOS_GUI_GXMScriptWindow_Callback 00000000104161d0     guideXOS.obj
 0005:003701d8       __writableDataguideXOS_guideXOS_GUI_GXMScriptWindow_DropdownDef 00000000104161d8     guideXOS.obj
 0005:003701e0       __writableDataguideXOS_guideXOS_GUI_GXMScriptWindow_Label 00000000104161e0     guideXOS.obj
 0005:003701e8       __writableDataguideXOS_guideXOS_GUI_GXMScriptWindow_ListViewDef 00000000104161e8     guideXOS.obj
 0005:003701f0       __writableDataguideXOS_guideXOS_GUI_GXMScriptWindow_TextBoxDef 00000000104161f0     guideXOS.obj
 0005:003701f8       __writableDataguideXOS_guideXOS_GUI_IconsPrivate 00000000104161f8     guideXOS.obj
 0005:00370200       __writableDataguideXOS_guideXOS_GUI_NetworkConfigurationDialog 0000000010416200     guideXOS.obj
 0005:00370208       __writableDataguideXOS_guideXOS_GUI_Notify 0000000010416208     guideXOS.obj
 0005:00370210       __writableDataguideXOS_guideXOS_GUI_OnScreenKeyboard 0000000010416210     guideXOS.obj
 0005:00370218       __writableDataguideXOS_guideXOS_GUI_OpenDialog 0000000010416218     guideXOS.obj
 0005:00370220       __writableDataguideXOS_guideXOS_GUI_PinnedManager_Pinned 0000000010416220     guideXOS.obj
 0005:00370228       __writableDataguideXOS_guideXOS_GUI_RecentDocumentEntry 0000000010416228     guideXOS.obj
 0005:00370230       __writableDataguideXOS_guideXOS_GUI_RecentProgramEntry 0000000010416230     guideXOS.obj
 0005:00370238       __writableDataguideXOS_guideXOS_GUI_RightMenu 0000000010416238     guideXOS.obj
 0005:00370240       __writableDataguideXOS_guideXOS_GUI_SaveChangesDialog 0000000010416240     guideXOS.obj
 0005:00370248       __writableDataguideXOS_guideXOS_GUI_SaveDialog 0000000010416248     guideXOS.obj
 0005:00370250       __writableDataguideXOS_guideXOS_GUI_ShutdownDialog 0000000010416250     guideXOS.obj
 0005:00370258       __writableDataguideXOS_guideXOS_GUI_StartMenu 0000000010416258     guideXOS.obj
 0005:00370260       __writableDataguideXOS_guideXOS_GUI_StartMenu_AppEntry 0000000010416260     guideXOS.obj
 0005:00370268       __writableDataguideXOS_guideXOS_GUI_TaskbarMenu 0000000010416268     guideXOS.obj
 0005:00370270       __writableDataguideXOS_guideXOS_GUI_USBDrives 0000000010416270     guideXOS.obj
 0005:00370278       __writableDataguideXOS_guideXOS_GUI_USBDrives_Entry 0000000010416278     guideXOS.obj
 0005:00370280       __writableDataguideXOS_guideXOS_GUI_USBFiles 0000000010416280     guideXOS.obj
 0005:00370288       __writableDataguideXOS_guideXOS_GUI_VisualEffectsSettings 0000000010416288     guideXOS.obj
 0005:00370290       __writableDataguideXOS_guideXOS_GUI_WidgetContainer 0000000010416290     guideXOS.obj
 0005:00370298       __writableDataguideXOS_guideXOS_GUI_WidgetContextMenu 0000000010416298     guideXOS.obj
 0005:003702a0       __writableDataguideXOS_guideXOS_GUI_WidgetToggleButton 00000000104162a0     guideXOS.obj
 0005:003702a8       __writableDataguideXOS_guideXOS_GUI_Widgets_Base_Widget 00000000104162a8     guideXOS.obj
 0005:003702b0       __writableDataguideXOS_guideXOS_GUI_Widgets_Button 00000000104162b0     guideXOS.obj
 0005:003702b8       __writableDataguideXOS_guideXOS_GUI_Window 00000000104162b8     guideXOS.obj
 0005:003702c0       __writableDataguideXOS_guideXOS_GUI_WindowEffectType 00000000104162c0     guideXOS.obj
 0005:003702c8       __writableDataguideXOS_guideXOS_GUI_WorkspaceSwitcher 00000000104162c8     guideXOS.obj
 0005:003702d0       __writableDataguideXOS_guideXOS_GUI_WorkspaceSwitcher_WindowSnapshot 00000000104162d0     guideXOS.obj
 0005:003702d8       __writableDataguideXOS_guideXOS_Graph_Graphics 00000000104162d8     guideXOS.obj
 0005:003702e0       __writableDataguideXOS_guideXOS_Kernel_Drivers_IDEDevice 00000000104162e0     guideXOS.obj
 0005:003702e8       __writableDataguideXOS_guideXOS_Kernel_Drivers_PCIDevice 00000000104162e8     guideXOS.obj
 0005:003702f0       __writableDataguideXOS_guideXOS_Kernel_Drivers_Ramdisk 00000000104162f0     guideXOS.obj
 0005:003702f8       __writableDataguideXOS_guideXOS_Kernel_Drivers_Resolution 00000000104162f8     guideXOS.obj
 0005:00370300       __writableDataguideXOS_guideXOS_Kernel_Drivers_SATA_SATADevice 0000000010416300     guideXOS.obj
 0005:00370308       __writableDataguideXOS_guideXOS_Kernel_Drivers_USBMSCBot_USBDisk 0000000010416308     guideXOS.obj
 0005:00370310       __writableDataguideXOS_guideXOS_Kernel_Drivers_VMWareSVGAII 0000000010416310     guideXOS.obj
 0005:00370318       __writableDataguideXOS_guideXOS_Misc_Bitmap 0000000010416318     guideXOS.obj
 0005:00370320       __writableDataguideXOS_guideXOS_Misc_IFont 0000000010416320     guideXOS.obj
 0005:00370328       __writableDataguideXOS_guideXOS_Misc_Interrupts_INT 0000000010416328     guideXOS.obj
 0005:00370330       __writableDataguideXOS_guideXOS_Misc_PNG 0000000010416330     guideXOS.obj
 0005:00370338       __writableDataguideXOS_guideXOS_Misc_SVG 0000000010416338     guideXOS.obj
 0005:00370340       __writableDataguideXOS_guideXOS_Misc_Thread 0000000010416340     guideXOS.obj
 0005:00370348       __writableDataguideXOS_guideXOS_Misc_TrueTypeFont 0000000010416348     guideXOS.obj
 0005:00370350       __writableDataguideXOS_guideXOS_Misc_TrueTypeFont_GlyphOutline 0000000010416350     guideXOS.obj
 0005:00370358       __writableDataguideXOS_guideXOS_Misc_TrueTypeFont_Point 0000000010416358     guideXOS.obj
 0005:00370360       __writableDataguideXOS_guideXOS_Misc_TrueTypeFont_TableRecord 0000000010416360     guideXOS.obj
 0005:00370368       __writableDataguideXOS_guideXOS_Misc_USBDevice 0000000010416368     guideXOS.obj
 0005:00370370       __writableDataguideXOS_guideXOS_Modules_ModuleManager_ModuleEntry 0000000010416370     guideXOS.obj
 0005:00370378       __writableDataguideXOS_guideXOS_Modules_ModuleManager___c 0000000010416378     guideXOS.obj
 0005:00370380       __writableDataguideXOS_guideXOS_NETv4_ARPCache 0000000010416380     guideXOS.obj
 0005:00370388       __writableDataguideXOS_guideXOS_NETv4_TCPClient 0000000010416388     guideXOS.obj
 0005:00370390       __writableDataguideXOS_guideXOS_NETv4_UDPClient 0000000010416390     guideXOS.obj
 0005:00370398       __writableDataguideXOS_guideXOS_Network_Http_Header 0000000010416398     guideXOS.obj
 0005:003703a0       __writableDataguideXOS_guideXOS_Network_Http_Request 00000000104163a0     guideXOS.obj
 0005:003703a8       __writableDataguideXOS_guideXOS_Network_Http_Response 00000000104163a8     guideXOS.obj
 0005:003703b0       __writableDataguideXOS_guideXOS_OS_FirewallMode 00000000104163b0     guideXOS.obj
 0007:00000000       __Module                   000000001041c000     guideXOS.obj

 entry point at        0003:0001d918

 Static symbols

 0008:000000a0       $R000000                   000000001041d0a0     guideXOS.res
 0008:000002f0       $R000250                   000000001041d2f0     guideXOS.res
