 guideXOS

 Timestamp is 69477c1f (Sat Dec 20 20:48:31 2025)

 Preferred load address is 0000000010000000

 Start         Length     Name                   Class
 0001:00000000 00000732H .text                   CODE
 0002:00000000 00000039H .unbox$M                CODE
 0003:00000000 00078e0cH .managedcode$I          CODE
 0004:00000000 00014274H .rdata                  DATA
 0004:00014274 00000018H .rdata$voltmd           DATA
 0004:0001428c 00000174H .rdata$zzzdbg           DATA
 0004:00014400 00014f8aH .xdata                  DATA
 0004:0002938a 00000000H .edata                  DATA
 0005:00000000 0036faa0H .data                   DATA
 0005:0036faa0 00000bc8H .bss                    DATA
 0006:00000000 000043d4H .pdata                  DATA
 0007:00000000 00000008H .modules$I              DATA
 0008:00000000 000000a0H .rsrc$01                DATA
 0008:000000a0 00000440H .rsrc$02                DATA

  Address         Publics by Value              Rva+Base               Lib:Object

 0000:00000000       __AbsoluteZero             0000000000000000     <absolute>
 0000:00000000       ___safe_se_handler_count   0000000000000000     <absolute>
 0000:00000000       ___safe_se_handler_table   0000000000000000     <absolute>
 0000:00000000       __arm64x_extra_rfe_table   0000000000000000     <absolute>
 0000:00000000       __arm64x_extra_rfe_table_size 0000000000000000     <absolute>
 0000:00000000       __arm64x_native_entrypoint 0000000000000000     <absolute>
 0000:00000000       __arm64x_redirection_metadata 0000000000000000     <absolute>
 0000:00000000       __arm64x_redirection_metadata_count 0000000000000000     <absolute>
 0000:00000000       __dynamic_value_reloc_table 0000000000000000     <absolute>
 0000:00000000       __enclave_config           0000000000000000     <absolute>
 0000:00000000       __guard_check_icall_a64n_fptr 0000000000000000     <absolute>
 0000:00000000       __guard_eh_cont_count      0000000000000000     <absolute>
 0000:00000000       __guard_eh_cont_table      0000000000000000     <absolute>
 0000:00000000       __guard_fids_count         0000000000000000     <absolute>
 0000:00000000       __guard_fids_table         0000000000000000     <absolute>
 0000:00000000       __guard_flags              0000000000000000     <absolute>
 0000:00000000       __guard_iat_count          0000000000000000     <absolute>
 0000:00000000       __guard_iat_table          0000000000000000     <absolute>
 0000:00000000       __guard_longjmp_count      0000000000000000     <absolute>
 0000:00000000       __guard_longjmp_table      0000000000000000     <absolute>
 0000:00000000       __hybrid_auxiliary_delayload_iat 0000000000000000     <absolute>
 0000:00000000       __hybrid_auxiliary_delayload_iat_copy 0000000000000000     <absolute>
 0000:00000000       __hybrid_auxiliary_iat     0000000000000000     <absolute>
 0000:00000000       __hybrid_auxiliary_iat_copy 0000000000000000     <absolute>
 0000:00000000       __hybrid_code_map          0000000000000000     <absolute>
 0000:00000000       __hybrid_code_map_count    0000000000000000     <absolute>
 0000:00000000       __hybrid_image_info_bitfield 0000000000000000     <absolute>
 0000:00000000       __x64_code_ranges_to_entry_points 0000000000000000     <absolute>
 0000:00000000       __x64_code_ranges_to_entry_points_count 0000000000000000     <absolute>
 0001:00000000       __GetNonGCStaticBase_guideXOS_Program 0000000010001000     guideXOS.obj
 0001:00000008       __GetNonGCStaticBase_guideXOS_Allocator 0000000010001008     guideXOS.obj
 0001:00000010       __GetNonGCStaticBase_guideXOS_GDT 0000000010001010     guideXOS.obj
 0001:00000018       __GetNonGCStaticBase_guideXOS_IDT 0000000010001018     guideXOS.obj
 0001:00000020       __GetNonGCStaticBase_guideXOS_System_StringPool 0000000010001020     guideXOS.obj
 0001:0000003d       __GetNonGCStaticBase_guideXOS_System_Windows_Forms_Control 000000001000103d     guideXOS.obj
 0001:00000045       __GetNonGCStaticBase_guideXOS_guideXOS_Kbd2Mouse 0000000010001045     guideXOS.obj
 0001:0000004d       __GetNonGCStaticBase_guideXOS_guideXOS_Console 000000001000104d     guideXOS.obj
 0001:00000055       __GetNonGCStaticBase_guideXOS_guideXOS_PageTable 0000000010001055     guideXOS.obj
 0001:0000005d       __GetNonGCStaticBase_guideXOS_guideXOS_Intel825xx 000000001000105d     guideXOS.obj
 0001:00000065       __GetNonGCStaticBase_guideXOS_guideXOS_NETv4 0000000010001065     guideXOS.obj
 0001:0000006d       __GetNonGCStaticBase_guideXOS_guideXOS_RTL8111 000000001000106d     guideXOS.obj
 0001:00000075       __GetNonGCStaticBase_guideXOS_guideXOS_SMP 0000000010001075     guideXOS.obj
 0001:0000007d       __GetNonGCStaticBase_guideXOS_guideXOS_Network_Http 000000001000107d     guideXOS.obj
 0001:00000085       __GetNonGCStaticBase_guideXOS_guideXOS_Kernel_Drivers_AC97 0000000010001085     guideXOS.obj
 0001:0000008d       __GetNonGCStaticBase_guideXOS_guideXOS_Kernel_Drivers_ACPI 000000001000108d     guideXOS.obj
 0001:00000095       __GetNonGCStaticBase_guideXOS_guideXOS_Kernel_Drivers_DisplayManager 0000000010001095     guideXOS.obj
 0001:0000009d       __GetNonGCStaticBase_guideXOS_guideXOS_Kernel_Drivers_EHCI 000000001000109d     guideXOS.obj
 0001:000000a5       __GetNonGCStaticBase_guideXOS_guideXOS_Kernel_Drivers_Framebuffer 00000000100010a5     guideXOS.obj
 0001:000000ad       __GetNonGCStaticBase_guideXOS_guideXOS_Kernel_Drivers_HPET 00000000100010ad     guideXOS.obj
 0001:000000b5       __GetNonGCStaticBase_guideXOS_guideXOS_Kernel_Drivers_Keyboard 00000000100010b5     guideXOS.obj
 0001:000000bd       __GetNonGCStaticBase_guideXOS_guideXOS_Kernel_Drivers_PS2Keyboard 00000000100010bd     guideXOS.obj
 0001:000000c5       __GetNonGCStaticBase_guideXOS_guideXOS_Kernel_Drivers_PS2Mouse 00000000100010c5     guideXOS.obj
 0001:000000cd       __GetNonGCStaticBase_guideXOS_guideXOS_Kernel_Drivers_RTC 00000000100010cd     guideXOS.obj
 0001:000000d5       __GetNonGCStaticBase_guideXOS_guideXOS_Kernel_Drivers_SATA 00000000100010d5     guideXOS.obj
 0001:000000dd       __GetNonGCStaticBase_guideXOS_guideXOS_Kernel_Drivers_Timer 00000000100010dd     guideXOS.obj
 0001:000000e5       __GetNonGCStaticBase_guideXOS_guideXOS_Kernel_Drivers_VMwareTools 00000000100010e5     guideXOS.obj
 0001:000000ed       __GetNonGCStaticBase_guideXOS_guideXOS_Kernel_Drivers_USBStorage 00000000100010ed     guideXOS.obj
 0001:0000010a       __GetNonGCStaticBase_guideXOS_guideXOS_OS_Configuration 000000001000110a     guideXOS.obj
 0001:00000112       __GetNonGCStaticBase_guideXOS_guideXOS_OS_Firewall 0000000010001112     guideXOS.obj
 0001:0000012f       __GetNonGCStaticBase_guideXOS_guideXOS_OS_SystemMode 000000001000112f     guideXOS.obj
 0001:00000137       __GetNonGCStaticBase_guideXOS_guideXOS_Misc_Audio 0000000010001137     guideXOS.obj
 0001:0000013f       __GetNonGCStaticBase_guideXOS_guideXOS_Misc_BootSplash 000000001000113f     guideXOS.obj
 0001:00000147       __GetNonGCStaticBase_guideXOS_guideXOS_Misc_Panic 0000000010001147     guideXOS.obj
 0001:0000014f       __GetNonGCStaticBase_guideXOS_guideXOS_Misc_ThreadPool 000000001000114f     guideXOS.obj
 0001:00000157       __GetNonGCStaticBase_guideXOS_guideXOS_GUI_BackgroundRotationManager 0000000010001157     guideXOS.obj
 0001:0000015f       __GetNonGCStaticBase_guideXOS_guideXOS_GUI_Busy 000000001000115f     guideXOS.obj
 0001:00000167       __GetNonGCStaticBase_guideXOS_guideXOS_GUI_Desktop 0000000010001167     guideXOS.obj
 0001:0000016f       __GetNonGCStaticBase_guideXOS_guideXOS_GUI_Icons 000000001000116f     guideXOS.obj
 0001:0000018c       __GetNonGCStaticBase_guideXOS_guideXOS_GUI_SpecialEffects 000000001000118c     guideXOS.obj
 0001:00000194       __GetNonGCStaticBase_guideXOS_guideXOS_GUI_StartMenu 0000000010001194     guideXOS.obj
 0001:0000019c       __GetNonGCStaticBase_guideXOS_guideXOS_GUI_UISettings 000000001000119c     guideXOS.obj
 0001:000001a4       __GetNonGCStaticBase_guideXOS_guideXOS_GUI_WindowManager 00000000100011a4     guideXOS.obj
 0001:000001ac       __GetNonGCStaticBase_guideXOS_guideXOS_GUI_WorkspaceManager 00000000100011ac     guideXOS.obj
 0001:000001c9       __GetNonGCStaticBase_guideXOS_guideXOS_DockableWidgets_Clock 00000000100011c9     guideXOS.obj
 0001:000001d1       __GetNonGCStaticBase_guideXOS_guideXOS_DockableWidgets_Uptime 00000000100011d1     guideXOS.obj
 0001:000001d9       __GetNonGCStaticBase_guideXOS_guideXOS_DefaultApps_nexIRC 00000000100011d9     guideXOS.obj
 0001:000001e1       __GetNonGCStaticBase_guideXOS_guideXOS_DefaultApps_WAVPlayer 00000000100011e1     guideXOS.obj
 0001:000001e9       __GetNonGCStaticBase_guideXOS_guideXOS_DefaultApps_WebBrowser 00000000100011e9     guideXOS.obj
 0001:000001f1       __GetGCStaticBase_guideXOS_Program 00000000100011f1     guideXOS.obj
 0001:000001fc       __GetGCStaticBase_guideXOS_Allocator 00000000100011fc     guideXOS.obj
 0001:00000207       __GetGCStaticBase_guideXOS_IDT 0000000010001207     guideXOS.obj
 0001:00000212       __GetGCStaticBase_guideXOS_System_DateTime 0000000010001212     guideXOS.obj
 0001:0000021d       __GetGCStaticBase_guideXOS_System_StringPool 000000001000121d     guideXOS.obj
 0001:0000023d       __GetGCStaticBase_guideXOS_guideXOS_Animator 000000001000123d     guideXOS.obj
 0001:00000248       __GetGCStaticBase_guideXOS_guideXOS_ASC16 0000000010001248     guideXOS.obj
 0001:00000253       __GetGCStaticBase_guideXOS_guideXOS_Console 0000000010001253     guideXOS.obj
 0001:0000025e       __GetGCStaticBase_guideXOS_guideXOS_NETv4 000000001000125e     guideXOS.obj
 0001:00000269       __GetGCStaticBase_guideXOS_guideXOS_FS_Disk 0000000010001269     guideXOS.obj
 0001:00000274       __GetGCStaticBase_guideXOS_guideXOS_FS_File 0000000010001274     guideXOS.obj
 0001:0000027f       __GetGCStaticBase_guideXOS_guideXOS_Kernel_Drivers_AC97 000000001000127f     guideXOS.obj
 0001:0000028a       __GetGCStaticBase_guideXOS_guideXOS_Kernel_Drivers_ACPI 000000001000128a     guideXOS.obj
 0001:00000295       __GetGCStaticBase_guideXOS_guideXOS_Kernel_Drivers_DisplayManager 0000000010001295     guideXOS.obj
 0001:000002a0       __GetGCStaticBase_guideXOS_guideXOS_Kernel_Drivers_Framebuffer 00000000100012a0     guideXOS.obj
 0001:000002ab       __GetGCStaticBase_guideXOS_guideXOS_Kernel_Drivers_IDE 00000000100012ab     guideXOS.obj
 0001:000002b6       __GetGCStaticBase_guideXOS_guideXOS_Kernel_Drivers_Keyboard 00000000100012b6     guideXOS.obj
 0001:000002c1       __GetGCStaticBase_guideXOS_guideXOS_Kernel_Drivers_PCI 00000000100012c1     guideXOS.obj
 0001:000002cc       __GetGCStaticBase_guideXOS_guideXOS_Kernel_Drivers_PS2Mouse 00000000100012cc     guideXOS.obj
 0001:000002d7       __GetGCStaticBase_guideXOS_guideXOS_Kernel_Drivers_SATA 00000000100012d7     guideXOS.obj
 0001:000002e2       __GetGCStaticBase_guideXOS_guideXOS_Kernel_Drivers_USBStorage 00000000100012e2     guideXOS.obj
 0001:00000302       __GetGCStaticBase_guideXOS_guideXOS_OS_Firewall 0000000010001302     guideXOS.obj
 0001:00000322       __GetGCStaticBase_guideXOS_guideXOS_OS_Session 0000000010001322     guideXOS.obj
 0001:0000032d       __GetGCStaticBase_guideXOS_guideXOS_OS_SystemMode 000000001000132d     guideXOS.obj
 0001:00000338       __GetGCStaticBase_guideXOS_guideXOS_Modules_ModuleManager 0000000010001338     guideXOS.obj
 0001:00000358       __GetGCStaticBase_guideXOS_guideXOS_Misc_BootSplash 0000000010001358     guideXOS.obj
 0001:00000363       __GetGCStaticBase_guideXOS_guideXOS_Misc_Interrupts 0000000010001363     guideXOS.obj
 0001:0000036e       __GetGCStaticBase_guideXOS_guideXOS_Misc_ThreadPool 000000001000136e     guideXOS.obj
 0001:00000379       __GetGCStaticBase_guideXOS_guideXOS_GUI_BackgroundRotationManager 0000000010001379     guideXOS.obj
 0001:00000384       __GetGCStaticBase_guideXOS_guideXOS_GUI_Desktop 0000000010001384     guideXOS.obj
 0001:0000038f       __GetGCStaticBase_guideXOS_guideXOS_GUI_Icons 000000001000138f     guideXOS.obj
 0001:000003af       __GetGCStaticBase_guideXOS_guideXOS_GUI_Lockscreen 00000000100013af     guideXOS.obj
 0001:000003ba       __GetGCStaticBase_guideXOS_guideXOS_GUI_NotificationManager 00000000100013ba     guideXOS.obj
 0001:000003c5       __GetGCStaticBase_guideXOS_guideXOS_GUI_OnScreenKeyboard 00000000100013c5     guideXOS.obj
 0001:000003e5       __GetGCStaticBase_guideXOS_guideXOS_GUI_PinnedManager 00000000100013e5     guideXOS.obj
 0001:00000405       __GetGCStaticBase_guideXOS_guideXOS_GUI_RecentManager 0000000010001405     guideXOS.obj
 0001:00000425       __GetGCStaticBase_guideXOS_guideXOS_GUI_SpecialEffects 0000000010001425     guideXOS.obj
 0001:00000430       __GetGCStaticBase_guideXOS_guideXOS_GUI_WindowManager 0000000010001430     guideXOS.obj
 0001:0000043b       __GetGCStaticBase_guideXOS_guideXOS_GUI_WorkspaceManager 000000001000143b     guideXOS.obj
 0001:0000045b       __GetGCStaticBase_guideXOS_guideXOS_DockableWidgets_Clock 000000001000145b     guideXOS.obj
 0001:00000466       __GetGCStaticBase_guideXOS_guideXOS_DockableWidgets_Uptime 0000000010001466     guideXOS.obj
 0001:00000471       __GetGCStaticBase_guideXOS_guideXOS_DefaultApps_WAVPlayer 0000000010001471     guideXOS.obj
 0001:0000047c       __GetGCStaticBase_guideXOS_Program___c 000000001000147c     guideXOS.obj
 0001:00000487       __GetGCStaticBase_guideXOS_guideXOS_Modules_ModuleManager___c 0000000010001487     guideXOS.obj
 0001:00000492       __GetGCStaticBase_guideXOS_guideXOS_GUI_DisplayOptions___c 0000000010001492     guideXOS.obj
 0001:0000049d       __GetGCStaticBase_guideXOS_guideXOS_GUI_SaveDialog___O 000000001000149d     guideXOS.obj
 0001:000004a8       __GetGCStaticBase_guideXOS_System_Array_EmptyArray_1<String> 00000000100014a8     guideXOS.obj
 0001:000004c8       __DelegateCtor_guideXOS_System_Delegate__InitializeClosedInstance__guideXOS_guideXOS_GUI_GXMScriptWindow__Keyboard_OnKeyChanged 00000000100014c8     guideXOS.obj
 0001:000004d4       __DelegateCtor_guideXOS_System_Delegate__InitializeClosedInstance__guideXOS_guideXOS_GUI_GXMScriptWindow___OpenSaveDialogForTextBox_b__40_0 00000000100014d4     guideXOS.obj
 0001:000004e0       __DelegateCtor_guideXOS_System_Delegate__InitializeClosedInstance__guideXOS_guideXOS_GUI_GXMScriptWindow___OpenOpenDialogForTextBox_b__41_0 00000000100014e0     guideXOS.obj
 0001:000004ec       __DelegateCtor_guideXOS_System_Delegate__InitializeClosedInstance__guideXOS_guideXOS_GUI_NetworkConfigurationDialog__Keyboard_OnKeyChanged 00000000100014ec     guideXOS.obj
 0001:000004f8       __DelegateCtor_guideXOS_System_Delegate__InitializeClosedInstance__guideXOS_guideXOS_GUI_OpenDialog__Keyboard_OnKeyChanged 00000000100014f8     guideXOS.obj
 0001:00000504       __DelegateCtor_guideXOS_System_Delegate__InitializeClosedInstance__guideXOS_guideXOS_GUI_SaveDialog__Keyboard_OnKeyChanged 0000000010001504     guideXOS.obj
 0001:00000510       __DelegateCtor_guideXOS_System_Delegate__InitializeClosedInstance__guideXOS_guideXOS_DefaultApps_ComputerFiles__Keyboard_OnKeyChanged 0000000010001510     guideXOS.obj
 0001:0000051c       __DelegateCtor_guideXOS_System_Delegate__InitializeClosedInstance__guideXOS_guideXOS_DefaultApps_FConsole__Keyboard_OnKeyChanged 000000001000151c     guideXOS.obj
 0001:00000528       __DelegateCtor_guideXOS_System_Delegate__InitializeClosedInstance__guideXOS_guideXOS_DefaultApps_FConsole__Console_OnWrite 0000000010001528     guideXOS.obj
 0001:00000534       __DelegateCtor_guideXOS_System_Delegate__InitializeClosedInstance__guideXOS_guideXOS_DefaultApps_nexIRC__Keyboard_OnKeyChanged 0000000010001534     guideXOS.obj
 0001:00000540       __DelegateCtor_guideXOS_System_Delegate__InitializeClosedInstance__guideXOS_guideXOS_DefaultApps_Notepad__Keyboard_OnKeyChanged 0000000010001540     guideXOS.obj
 0001:0000054c       __DelegateCtor_guideXOS_System_Delegate__InitializeClosedInstance__guideXOS_guideXOS_DefaultApps_Notepad___OnSetVisible_b__19_0 000000001000154c     guideXOS.obj
 0001:00000558       __DelegateCtor_guideXOS_System_Delegate__InitializeClosedInstance__guideXOS_guideXOS_DefaultApps_Notepad___OnSetVisible_b__19_3 0000000010001558     guideXOS.obj
 0001:00000564       __DelegateCtor_guideXOS_System_Delegate__InitializeClosedInstance__guideXOS_guideXOS_DefaultApps_Notepad___OnSetVisible_b__19_1 0000000010001564     guideXOS.obj
 0001:00000570       __DelegateCtor_guideXOS_System_Delegate__InitializeClosedInstance__guideXOS_guideXOS_DefaultApps_Notepad___OnSetVisible_b__19_2 0000000010001570     guideXOS.obj
 0001:0000057c       __DelegateCtor_guideXOS_System_Delegate__InitializeClosedInstance__guideXOS_guideXOS_DefaultApps_WebBrowser__OnKey 000000001000157c     guideXOS.obj
 0001:00000588       __DelegateCtor_guideXOS_System_Delegate__InitializeClosedInstance__guideXOS_Program___c___SMain_b__22_0 0000000010001588     guideXOS.obj
 0001:00000594       __DelegateCtor_guideXOS_System_Delegate__InitializeClosedInstance__guideXOS_guideXOS_FS_FAT___c__DisplayClass50_0___FindPath_b__0 0000000010001594     guideXOS.obj
 0001:000005a0       __DelegateCtor_guideXOS_System_Delegate__InitializeClosedInstance__guideXOS_guideXOS_FS_FAT___c__DisplayClass50_1___FindPath_b__1 00000000100015a0     guideXOS.obj
 0001:000005ac       __DelegateCtor_guideXOS_System_Delegate__InitializeClosedInstance__guideXOS_guideXOS_FS_FAT___c__DisplayClass60_0___GetFiles_b__0 00000000100015ac     guideXOS.obj
 0001:000005b8       __DelegateCtor_guideXOS_System_Delegate__InitializeClosedInstance__guideXOS_guideXOS_Modules_ModuleManager___c___InitializeBuiltins_b__7_0 00000000100015b8     guideXOS.obj
 0001:000005c4       __DelegateCtor_guideXOS_System_Delegate__InitializeClosedInstance__guideXOS_guideXOS_GUI_DisplayOptions___c___OnInput_b__40_0 00000000100015c4     guideXOS.obj
 0001:000005d0       __DelegateCtor_guideXOS_System_Delegate__InitializeClosedInstance__guideXOS_guideXOS_GUI_DisplayOptions___c___OnInput_b__40_1 00000000100015d0     guideXOS.obj
 0001:000005dc       __DelegateCtor_guideXOS_System_Delegate__InitializeClosedInstance__guideXOS_guideXOS_DefaultApps_DiskManager___c__DisplayClass38_0___ReadMBRForEntry_b__0 00000000100015dc     guideXOS.obj
 0001:000005e8       __DelegateCtor_guideXOS_System_Delegate__InitializeClosedInstance__guideXOS_guideXOS_DefaultApps_DiskManager___c__DisplayClass54_0___TryCreatePartitionLargestFree_b__0 00000000100015e8     guideXOS.obj
 0001:000005f4       __DelegateCtor_guideXOS_System_Delegate__InitializeClosedInstance__guideXOS_guideXOS_DefaultApps_DiskManager___c__DisplayClass54_0___TryCreatePartitionLargestFree_b__1 00000000100015f4     guideXOS.obj
 0001:00000600       __DelegateCtor_guideXOS_System_Delegate__InitializeClosedInstance__guideXOS_guideXOS_DefaultApps_Notepad___c__DisplayClass24_0___OpenSaveAs_b__0 0000000010001600     guideXOS.obj
 0001:0000060c       __DelegateCtor_guideXOS_System_Delegate__InitializeOpenStaticThunk__guideXOS_guideXOS_GUI_Icons__DocumentIcon__guideXOS_System_Func_2<Int32__System___Canon>__InvokeOpenStaticThunk 000000001000160c     guideXOS.obj
 0001:0000061f       __GenericLookupFromType_guideXOS_System_Array_EmptyArray_1<System___Canon>_GCStaticBase_guideXOS_System_Array_EmptyArray_1<T_System___Canon> 000000001000161f     guideXOS.obj
 0001:00000650       cpuid_supported            0000000010001650     cpuid_safe.obj
 0001:00000656       cpuid_safe                 0000000010001656     cpuid_safe.obj
 0001:00000670       Hlt                        0000000010001670     native_stubs.obj
 0001:00000672       Cli                        0000000010001672     native_stubs.obj
 0001:00000674       Sti                        0000000010001674     native_stubs.obj
 0001:00000676       Nop                        0000000010001676     native_stubs.obj
 0001:00000678       Rdtsc                      0000000010001678     native_stubs.obj
 0001:00000682       ReadCR2                    0000000010001682     native_stubs.obj
 0001:00000686       WriteCR3                   0000000010001686     native_stubs.obj
 0001:0000068a       Invlpg                     000000001000168a     native_stubs.obj
 0001:0000068e       Out8                       000000001000168e     native_stubs.obj
 0001:00000695       In8                        0000000010001695     native_stubs.obj
 0001:0000069c       Out16                      000000001000169c     native_stubs.obj
 0001:000006a5       In16                       00000000100016a5     native_stubs.obj
 0001:000006ad       Out32                      00000000100016ad     native_stubs.obj
 0001:000006b4       In32                       00000000100016b4     native_stubs.obj
 0001:000006b9       Stosb                      00000000100016b9     native_stubs.obj
 0001:000006c4       Stosd                      00000000100016c4     native_stubs.obj
 0001:000006cf       Movsb                      00000000100016cf     native_stubs.obj
 0001:000006db       Movsd                      00000000100016db     native_stubs.obj
 0001:000006e7       Load_GDT                   00000000100016e7     native_stubs.obj
 0001:000006eb       Load_IDT                   00000000100016eb     native_stubs.obj
 0001:000006ef       set_idt_entries            00000000100016ef     native_stubs.obj
 0001:000006f0       enable_sse                 00000000100016f0     native_stubs.obj
 0001:0000070b       vmware_send                000000001000170b     native_stubs.obj
 0001:0000070e       Insw                       000000001000170e     native_stubs.obj
 0001:0000071b       Outsw                      000000001000171b     native_stubs.obj
 0001:00000728       mystrtoul                  0000000010001728     native_stubs.obj
 0001:0000072b       lodepng_decode_memory      000000001000172b     native_stubs.obj
 0001:00000731       Schedule_Next              0000000010001731     native_stubs.obj
 0002:00000000       unbox_UInt8__ToString      0000000010002000     guideXOS.obj
 0002:0000000c       unbox_Int32__ToString      000000001000200c     guideXOS.obj
 0002:00000018       unbox_UInt16__ToString     0000000010002018     guideXOS.obj
 0002:00000024       unbox_UInt32__ToString     0000000010002024     guideXOS.obj
 0002:00000030       unbox_UInt64__ToString     0000000010002030     guideXOS.obj
 0003:00000000       guideXOS_Program__SMain    0000000010003000     guideXOS.obj
 0003:00000c60       guideXOS_Program__RefreshCachedIcons 0000000010003c60     guideXOS.obj
 0003:00000d84       guideXOS_Allocator__FindOrAddOwner 0000000010003d84     guideXOS.obj
 0003:00000e94       guideXOS_Allocator__Initialize 0000000010003e94     guideXOS.obj
 0003:00000f88       guideXOS_Allocator__get_MemoryInUse 0000000010003f88     guideXOS.obj
 0003:00000fa0       guideXOS_Allocator__GetPageIndexStart 0000000010003fa0     guideXOS.obj
 0003:00000ff4       guideXOS_Allocator__Free   0000000010003ff4     guideXOS.obj
 0003:00001248       guideXOS_Allocator__SuspiciousSize 0000000010004248     guideXOS.obj
 0003:00001268       guideXOS_Allocator__Allocate_0 0000000010004268     guideXOS.obj
 0003:000015d8       guideXOS_Allocator__Reallocate 00000000100045d8     guideXOS.obj
 0003:00001700       guideXOS_Allocator__ClearAllocate_0 0000000010004700     guideXOS.obj
 0003:000017a8       guideXOS_Allocator__GetTagBytes 00000000100047a8     guideXOS.obj
 0003:000017d0       guideXOS_Allocator__GetOwnerBytes 00000000100047d0     guideXOS.obj
 0003:00001908       guideXOS_Allocator__GetOwnerListSnapshot 0000000010004908     guideXOS.obj
 0003:00001a50       guideXOS_GDT__FillEntry    0000000010004a50     guideXOS.obj
 0003:00001a90       guideXOS_GDT__Initialise   0000000010004a90     guideXOS.obj
 0003:00001be0       guideXOS_GDT__SetKernelStack 0000000010004be0     guideXOS.obj
 0003:00001c04       guideXOS_IDT__Initialize   0000000010004c04     guideXOS.obj
 0003:00001cf8       guideXOS_IDT__AllowUserSoftwareInterrupt 0000000010004cf8     guideXOS.obj
 0003:00001d90       guideXOS_IDT__intr_handler 0000000010004d90     guideXOS.obj
 0003:00001d90       intr_handler               0000000010004d90     guideXOS.obj
 0003:00001f44       guideXOS_Native__Load_GDT  0000000010004f44     guideXOS.obj
 0003:00001f98       guideXOS_Native__Load_IDT  0000000010004f98     guideXOS.obj
 0003:00001fec       guideXOS_Internal_Runtime_EEType__get_IsArray 0000000010004fec     guideXOS.obj
 0003:00002010       guideXOS_Internal_Runtime_EEType__get_ArrayRank 0000000010005010     guideXOS.obj
 0003:00002030       __imp_GetCurrentThreadId   0000000010005030     guideXOS.obj
 0003:00002030       guideXOS_Internal_Runtime_CompilerHelpers_StartupCodeHelpers____imp_GetCurrentThreadId 0000000010005030     guideXOS.obj
 0003:00002034       __CheckForDebuggerJustMyCode 0000000010005034     guideXOS.obj
 0003:00002034       guideXOS_Internal_Runtime_CompilerHelpers_StartupCodeHelpers____CheckForDebuggerJustMyCode 0000000010005034     guideXOS.obj
 0003:00002038       __fail_fast                0000000010005038     guideXOS.obj
 0003:00002038       guideXOS_Internal_Runtime_CompilerHelpers_StartupCodeHelpers__FailFast 0000000010005038     guideXOS.obj
 0003:0000203c       guideXOS_Internal_Runtime_CompilerHelpers_StartupCodeHelpers__MemSet 000000001000503c     guideXOS.obj
 0003:0000203c       memset                     000000001000503c     guideXOS.obj
 0003:00002058       guideXOS_Internal_Runtime_CompilerHelpers_StartupCodeHelpers__MemCpy 0000000010005058     guideXOS.obj
 0003:00002058       memcpy                     0000000010005058     guideXOS.obj
 0003:00002074       RhpFallbackFailFast        0000000010005074     guideXOS.obj
 0003:00002074       guideXOS_Internal_Runtime_CompilerHelpers_StartupCodeHelpers__RhpFallbackFailFast 0000000010005074     guideXOS.obj
 0003:00002078       RhpReversePInvoke2         0000000010005078     guideXOS.obj
 0003:00002078       guideXOS_Internal_Runtime_CompilerHelpers_StartupCodeHelpers__RhpReversePInvoke2 0000000010005078     guideXOS.obj
 0003:0000207c       RhpReversePInvokeReturn2   000000001000507c     guideXOS.obj
 0003:0000207c       guideXOS_Internal_Runtime_CompilerHelpers_StartupCodeHelpers__RhpReversePInvokeReturn2 000000001000507c     guideXOS.obj
 0003:00002080       RhpReversePInvoke          0000000010005080     guideXOS.obj
 0003:00002080       guideXOS_Internal_Runtime_CompilerHelpers_StartupCodeHelpers__RhpReversePInvoke 0000000010005080     guideXOS.obj
 0003:00002084       RhpReversePInvokeReturn    0000000010005084     guideXOS.obj
 0003:00002084       guideXOS_Internal_Runtime_CompilerHelpers_StartupCodeHelpers__RhpReversePInvokeReturn 0000000010005084     guideXOS.obj
 0003:00002088       RhpPInvoke                 0000000010005088     guideXOS.obj
 0003:00002088       guideXOS_Internal_Runtime_CompilerHelpers_StartupCodeHelpers__RhpPinvoke 0000000010005088     guideXOS.obj
 0003:0000208c       RhpPInvokeReturn           000000001000508c     guideXOS.obj
 0003:0000208c       guideXOS_Internal_Runtime_CompilerHelpers_StartupCodeHelpers__RhpPinvokeReturn 000000001000508c     guideXOS.obj
 0003:00002090       RhpNewFast                 0000000010005090     guideXOS.obj
 0003:00002090       guideXOS_Internal_Runtime_CompilerHelpers_StartupCodeHelpers__RhpNewFast 0000000010005090     guideXOS.obj
 0003:0000211c       RhpNewArray                000000001000511c     guideXOS.obj
 0003:0000211c       guideXOS_Internal_Runtime_CompilerHelpers_StartupCodeHelpers__RhpNewArray 000000001000511c     guideXOS.obj
 0003:000021e0       RhpAssignRef               00000000100051e0     guideXOS.obj
 0003:000021e0       guideXOS_Internal_Runtime_CompilerHelpers_StartupCodeHelpers__RhpAssignRef 00000000100051e0     guideXOS.obj
 0003:000021e4       RhpByRefAssignRef          00000000100051e4     guideXOS.obj
 0003:000021e4       guideXOS_Internal_Runtime_CompilerHelpers_StartupCodeHelpers__RhpByRefAssignRef 00000000100051e4     guideXOS.obj
 0003:000021e8       RhpCheckedAssignRef        00000000100051e8     guideXOS.obj
 0003:000021e8       guideXOS_Internal_Runtime_CompilerHelpers_StartupCodeHelpers__RhpCheckedAssignRef 00000000100051e8     guideXOS.obj
 0003:000021ec       RhpStelemRef               00000000100051ec     guideXOS.obj
 0003:000021ec       guideXOS_Internal_Runtime_CompilerHelpers_StartupCodeHelpers__RhpStelemRef 00000000100051ec     guideXOS.obj
 0003:00002224       RhTypeCast_IsInstanceOfClass 0000000010005224     guideXOS.obj
 0003:00002224       guideXOS_Internal_Runtime_CompilerHelpers_StartupCodeHelpers__RhTypeCast_IsInstanceOfClass 0000000010005224     guideXOS.obj
 0003:00002250       guideXOS_Internal_Runtime_CompilerHelpers_StartupCodeHelpers__InitializeModules 0000000010005250     guideXOS.obj
 0003:00002408       guideXOS_Internal_Runtime_CompilerHelpers_StartupCodeHelpers__InitializeStatics 0000000010005408     guideXOS.obj
 0003:000024f4       guideXOS_Internal_Runtime_CompilerHelpers_SynchronizedMethodHelpers__MonitorEnterStatic 00000000100054f4     guideXOS.obj
 0003:000024f8       guideXOS_Internal_Runtime_CompilerHelpers_SynchronizedMethodHelpers__MonitorExitStatic 00000000100054f8     guideXOS.obj
 0003:000024fc       guideXOS_Internal_Runtime_CompilerHelpers_ThrowHelpers__Error 00000000100054fc     guideXOS.obj
 0003:000025ac       guideXOS_Internal_Runtime_CompilerHelpers_ThrowHelpers__ThrowOverflowException 00000000100055ac     guideXOS.obj
 0003:000025c4       guideXOS_Internal_Runtime_CompilerHelpers_ThrowHelpers__ThrowIndexOutOfRangeException 00000000100055c4     guideXOS.obj
 0003:000025dc       UInt8__ToString            00000000100055dc     guideXOS.obj
 0003:000025f8       guideXOS_System_Delegate__InitializeOpenStaticThunk 00000000100055f8     guideXOS.obj
 0003:0000261c       guideXOS_System_Delegate__InitializeClosedInstance 000000001000561c     guideXOS.obj
 0003:00002648       Int32__ToString            0000000010005648     guideXOS.obj
 0003:00002668       Int32__op_Implicit         0000000010005668     guideXOS.obj
 0003:0000266c       Int64__ToString            000000001000566c     guideXOS.obj
 0003:0000275c       guideXOS_System_Math__Sqrt 000000001000575c     guideXOS.obj
 0003:000027c0       guideXOS_System_Math__Ceiling 00000000100057c0     guideXOS.obj
 0003:000027e0       guideXOS_System_MathF__Floor 00000000100057e0     guideXOS.obj
 0003:00002840       Object___ctor              0000000010005840     guideXOS.obj
 0003:00002844       Object__ToString           0000000010005844     guideXOS.obj
 0003:0000284c       Object__Dispose            000000001000584c     guideXOS.obj
 0003:0000289c       String__FromASCII          000000001000589c     guideXOS.obj
 0003:00002934       String__Ctor               0000000010005934     guideXOS.obj
 0003:00002954       String__Ctor_1             0000000010005954     guideXOS.obj
 0003:000029a0       String__Ctor_2             00000000100059a0     guideXOS.obj
 0003:00002a5c       String__LastIndexOf        0000000010005a5c     guideXOS.obj
 0003:00002a88       String__Ctor_3             0000000010005a88     guideXOS.obj
 0003:00002acc       String__ToString           0000000010005acc     guideXOS.obj
 0003:00002ad0       String__Equals_0           0000000010005ad0     guideXOS.obj
 0003:00002b18       String__Concat             0000000010005b18     guideXOS.obj
 0003:00002c04       String__IndexOf            0000000010005c04     guideXOS.obj
 0003:00002c34       String__Concat_0           0000000010005c34     guideXOS.obj
 0003:00002ca8       String__Concat_1           0000000010005ca8     guideXOS.obj
 0003:00002d6c       String__Concat_2           0000000010005d6c     guideXOS.obj
 0003:00002e54       String__Format             0000000010005e54     guideXOS.obj
 0003:00003060       String__Split              0000000010006060     guideXOS.obj
 0003:00003174       String__Substring          0000000010006174     guideXOS.obj
 0003:000031b4       String__Substring_0        00000000100061b4     guideXOS.obj
 0003:000031f0       String__EndsWith_0         00000000100061f0     guideXOS.obj
 0003:0000327c       String__ToUpper            000000001000627c     guideXOS.obj
 0003:00003310       String__ToLower            0000000010006310     guideXOS.obj
 0003:000033a4       guideXOS_System_StringPool___cctor 00000000100063a4     guideXOS.obj
 0003:00003524       guideXOS_System_StringPool__GetPercentage 0000000010006524     guideXOS.obj
 0003:000035f8       guideXOS_System_StringPool__GetNumber 00000000100065f8     guideXOS.obj
 0003:000036c0       guideXOS_System_StringPool__GetNumber_0 00000000100066c0     guideXOS.obj
 0003:00003768       guideXOS_System_StringPool__GetMemorySize 0000000010006768     guideXOS.obj
 0003:000039f0       guideXOS_System_StringPool__GetTransferRate 00000000100069f0     guideXOS.obj
 0003:00003adc       guideXOS_System_StringPool__FormatUptime 0000000010006adc     guideXOS.obj
 0003:00003d80       UInt16__ToString           0000000010006d80     guideXOS.obj
 0003:00003d9c       UInt32__ToString           0000000010006d9c     guideXOS.obj
 0003:00003db8       UInt64__ToString           0000000010006db8     guideXOS.obj
 0003:00003e80       UInt64__ToStringHex        0000000010006e80     guideXOS.obj
 0003:00003f28       guideXOS_System_Threading_Monitor__Unlock 0000000010006f28     guideXOS.obj
 0003:00003f6c       RhTypeCast_CheckCastClass  0000000010006f6c     guideXOS.obj
 0003:00003f6c       guideXOS_System_Runtime_TypeCast__CheckCastClass 0000000010006f6c     guideXOS.obj
 0003:00003f94       RhTypeCast_CheckCastArray  0000000010006f94     guideXOS.obj
 0003:00003f94       guideXOS_System_Runtime_TypeCast__CheckCastArray 0000000010006f94     guideXOS.obj
 0003:00003fbc       RhTypeCast_IsInstanceOfArray 0000000010006fbc     guideXOS.obj
 0003:00003fbc       guideXOS_System_Runtime_TypeCast__IsInstanceOfArray 0000000010006fbc     guideXOS.obj
 0003:00004018       guideXOS_System_Runtime_CompilerServices_ClassConstructorRunner__CheckStaticClassConstructionReturnNonGCStaticBase 0000000010007018     guideXOS.obj
 0003:00004030       guideXOS_System_Runtime_CompilerServices_ClassConstructorRunner__CheckStaticClassConstructionReturnGCStaticBase 0000000010007030     guideXOS.obj
 0003:00004048       guideXOS_System_Runtime_CompilerServices_ClassConstructorRunner__CheckStaticClassConstruction 0000000010007048     guideXOS.obj
 0003:0000407c       guideXOS_System_Drawing_Image___ctor 000000001000707c     guideXOS.obj
 0003:000040b8       guideXOS_System_Drawing_Image___ctor_0 00000000100070b8     guideXOS.obj
 0003:000040bc       guideXOS_System_Drawing_Image__Resample 00000000100070bc     guideXOS.obj
 0003:00004460       guideXOS_System_Drawing_Image__ResizeImage 0000000010007460     guideXOS.obj
 0003:000045d4       guideXOS_System_Drawing_Image__Dispose 00000000100075d4     guideXOS.obj
 0003:0000465c       guideXOS_guideXOS_Animation___ctor 000000001000765c     guideXOS.obj
 0003:0000466c       guideXOS_guideXOS_API__HandleSystemCall 000000001000766c     guideXOS.obj
 0003:00004a08       guideXOS_guideXOS_API__API_SndWrite 0000000010007a08     guideXOS.obj
 0003:00004a10       guideXOS_guideXOS_API__API_Calloc 0000000010007a10     guideXOS.obj
 0003:00004a18       guideXOS_guideXOS_API__API_StartThread 0000000010007a18     guideXOS.obj
 0003:00004a54       guideXOS_guideXOS_API__API_Error 0000000010007a54     guideXOS.obj
 0003:00004a5c       guideXOS_guideXOS_API__API_GetTime 0000000010007a5c     guideXOS.obj
 0003:00004adc       guideXOS_guideXOS_API__API_DrawImage 0000000010007adc     guideXOS.obj
 0003:00004b10       guideXOS_guideXOS_API__API_WriteString 0000000010007b10     guideXOS.obj
 0003:00004b70       guideXOS_guideXOS_API__API_Width 0000000010007b70     guideXOS.obj
 0003:00004b84       guideXOS_guideXOS_API__API_Height 0000000010007b84     guideXOS.obj
 0003:00004b98       guideXOS_guideXOS_API__API_Update 0000000010007b98     guideXOS.obj
 0003:00004ba0       guideXOS_guideXOS_API__API_Clear 0000000010007ba0     guideXOS.obj
 0003:00004bc0       DebugWrite                 0000000010007bc0     guideXOS.obj
 0003:00004bc0       guideXOS_guideXOS_API__API_DebugWrite 0000000010007bc0     guideXOS.obj
 0003:00004bc8       DebugWriteLine             0000000010007bc8     guideXOS.obj
 0003:00004bc8       guideXOS_guideXOS_API__API_DebugWriteLine 0000000010007bc8     guideXOS.obj
 0003:00004be4       Lock                       0000000010007be4     guideXOS.obj
 0003:00004be4       guideXOS_guideXOS_API__API_Lock 0000000010007be4     guideXOS.obj
 0003:00004c0c       Unlock                     0000000010007c0c     guideXOS.obj
 0003:00004c0c       guideXOS_guideXOS_API__API_Unlock 0000000010007c0c     guideXOS.obj
 0003:00004c4c       guideXOS_guideXOS_API__API_DrawPoint 0000000010007c4c     guideXOS.obj
 0003:00004c80       guideXOS_guideXOS_API__API_SwitchToConsoleMode 0000000010007c80     guideXOS.obj
 0003:00004c88       guideXOS_guideXOS_API__API_ReadAllBytes 0000000010007c88     guideXOS.obj
 0003:00004d90       guideXOS_guideXOS_API__API_Sleep 0000000010007d90     guideXOS.obj
 0003:00004d98       guideXOS_guideXOS_API__API_GetTick 0000000010007d98     guideXOS.obj
 0003:00004dac       guideXOS_guideXOS_API__API_Write 0000000010007dac     guideXOS.obj
 0003:00004db8       guideXOS_guideXOS_API__API_WriteLine 0000000010007db8     guideXOS.obj
 0003:00004dc0       guideXOS_guideXOS_API__API_Allocate 0000000010007dc0     guideXOS.obj
 0003:00004dc8       guideXOS_guideXOS_API__API_Free 0000000010007dc8     guideXOS.obj
 0003:00004dd0       guideXOS_guideXOS_API__API_Reallocate 0000000010007dd0     guideXOS.obj
 0003:00004dd8       guideXOS_guideXOS_API__SayHello 0000000010007dd8     guideXOS.obj
 0003:00004de4       guideXOS_guideXOS_Kbd2Mouse__OnKeyChanged 0000000010007de4     guideXOS.obj
 0003:00004f68       guideXOS_guideXOS_ASC16__DrawChar 0000000010007f68     guideXOS.obj
 0003:00004ffc       guideXOS_guideXOS_Console__add_OnWrite 0000000010007ffc     guideXOS.obj
 0003:00005084       guideXOS_guideXOS_Console__Setup 0000000010008084     guideXOS.obj
 0003:0000513c       guideXOS_guideXOS_Console__Write 000000001000813c     guideXOS.obj
 0003:000051ec       guideXOS_guideXOS_Console__Write_0 00000000100081ec     guideXOS.obj
 0003:00005270       guideXOS_guideXOS_Console__WriteFramebuffer 0000000010008270     guideXOS.obj
 0003:0000537c       guideXOS_guideXOS_Console__MoveUp 000000001000837c     guideXOS.obj
 0003:000053b0       guideXOS_guideXOS_Console__MoveUpFramebuffer 00000000100083b0     guideXOS.obj
 0003:0000545c       guideXOS_guideXOS_Console__UpdateCursorFramebuffer 000000001000845c     guideXOS.obj
 0003:0000550c       guideXOS_guideXOS_Console__WriteLine 000000001000850c     guideXOS.obj
 0003:000055a4       guideXOS_guideXOS_Console__WriteLine_0 00000000100085a4     guideXOS.obj
 0003:000055e8       guideXOS_guideXOS_Console__Clear 00000000100085e8     guideXOS.obj
 0003:00005604       guideXOS_guideXOS_Console__ClearFramebuffer 0000000010008604     guideXOS.obj
 0003:000056c0       guideXOS_guideXOS_PageTable__Initialise 00000000100086c0     guideXOS.obj
 0003:00005794       guideXOS_guideXOS_PageTable__GetPageInternal 0000000010008794     guideXOS.obj
 0003:00005850       guideXOS_guideXOS_PageTable__MapOnRoot 0000000010008850     guideXOS.obj
 0003:000058e0       guideXOS_guideXOS_PageTable__Next_0 00000000100088e0     guideXOS.obj
 0003:000059b0       guideXOS_guideXOS_Intel825xx__Initialize 00000000100089b0     guideXOS.obj
 0003:000063bc       guideXOS_guideXOS_Intel825xx__Reset 00000000100093bc     guideXOS.obj
 0003:000063f0       guideXOS_guideXOS_Intel825xx__TXsetup 00000000100093f0     guideXOS.obj
 0003:00006460       guideXOS_guideXOS_Intel825xx__RXsetup 0000000010009460     guideXOS.obj
 0003:000064f8       guideXOS_guideXOS_Intel825xx__ReadROM 00000000100094f8     guideXOS.obj
 0003:0000652c       guideXOS_guideXOS_Intel825xx__OnInterrupt 000000001000952c     guideXOS.obj
 0003:000065b0       guideXOS_guideXOS_Intel825xx__Linkup 00000000100095b0     guideXOS.obj
 0003:000065ec       guideXOS_guideXOS_Intel825xx__Send 00000000100095ec     guideXOS.obj
 0003:0000664c       guideXOS_guideXOS_NETv4__Initialize 000000001000964c     guideXOS.obj
 0003:00006734       guideXOS_guideXOS_NETv4__SwapLeftRight 0000000010009734     guideXOS.obj
 0003:00006750       guideXOS_guideXOS_NETv4__SwapLeftRight_0 0000000010009750     guideXOS.obj
 0003:00006780       guideXOS_guideXOS_NETv4__SwapLeftRight_1 0000000010009780     guideXOS.obj
 0003:0000679c       guideXOS_guideXOS_NETv4__SwapLeftRight_2 000000001000979c     guideXOS.obj
 0003:000067d8       guideXOS_guideXOS_NETv4__OnData_0 00000000100097d8     guideXOS.obj
 0003:0000684c       guideXOS_guideXOS_NETv4__DNSQuery 000000001000984c     guideXOS.obj
 0003:00006d40       guideXOS_guideXOS_NETv4__DHCPDiscover 0000000010009d40     guideXOS.obj
 0003:00007260       guideXOS_guideXOS_NETv4__MakeDHCPRequestPacket 000000001000a260     guideXOS.obj
 0003:00007330       guideXOS_guideXOS_NETv4__UDPBind 000000001000a330     guideXOS.obj
 0003:0000738c       guideXOS_guideXOS_NETv4__UDPSend 000000001000a38c     guideXOS.obj
 0003:000074f0       guideXOS_guideXOS_NETv4__MakeUDPPacket 000000001000a4f0     guideXOS.obj
 0003:000075fc       guideXOS_guideXOS_NETv4__UDPOnData_0 000000001000a5fc     guideXOS.obj
 0003:0000775c       guideXOS_guideXOS_NETv4__TCPOnData 000000001000a75c     guideXOS.obj
 0003:00007d78       guideXOS_guideXOS_NETv4__TCPConnect 000000001000ad78     guideXOS.obj
 0003:00007e18       guideXOS_guideXOS_NETv4__TCPClose 000000001000ae18     guideXOS.obj
 0003:00007e50       guideXOS_guideXOS_NETv4__TCPSendData 000000001000ae50     guideXOS.obj
 0003:00007ee0       guideXOS_guideXOS_NETv4__TCPSend 000000001000aee0     guideXOS.obj
 0003:00008038       guideXOS_guideXOS_NETv4__MakeTCPPacket 000000001000b038     guideXOS.obj
 0003:000081fc       guideXOS_guideXOS_NETv4__IPOnData 000000001000b1fc     guideXOS.obj
 0003:00008328       guideXOS_guideXOS_NETv4__MakeIPPacket 000000001000b328     guideXOS.obj
 0003:00008390       guideXOS_guideXOS_NETv4__IPChecksum 000000001000b390     guideXOS.obj
 0003:000083e0       guideXOS_guideXOS_NETv4__ICMPOnData 000000001000b3e0     guideXOS.obj
 0003:00008554       guideXOS_guideXOS_NETv4__ICMPPing 000000001000b554     guideXOS.obj
 0003:000086c0       guideXOS_guideXOS_NETv4__ARPLookup 000000001000b6c0     guideXOS.obj
 0003:0000884c       guideXOS_guideXOS_NETv4__ARPOnData 000000001000b84c     guideXOS.obj
 0003:00008a68       guideXOS_guideXOS_NETv4__MakeARPPacket 000000001000ba68     guideXOS.obj
 0003:00008ae0       guideXOS_guideXOS_NETv4__ARPRequire 000000001000bae0     guideXOS.obj
 0003:00008be4       guideXOS_guideXOS_NETv4__MakeEthernetPacket 000000001000bbe4     guideXOS.obj
 0003:00008c20       guideXOS_guideXOS_RTL8111__Initialize 000000001000bc20     guideXOS.obj
 0003:000096d4       guideXOS_guideXOS_RTL8111__ResetRXDesc 000000001000c6d4     guideXOS.obj
 0003:0000970c       guideXOS_guideXOS_RTL8111__Send 000000001000c70c     guideXOS.obj
 0003:000097cc       guideXOS_guideXOS_RTL8111__OnInterrupt 000000001000c7cc     guideXOS.obj
 0003:000098b8       guideXOS_guideXOS_SMP__ApplicationProcessorMain 000000001000c8b8     guideXOS.obj
 0003:00009940       guideXOS_guideXOS_SMP__Initialize 000000001000c940     guideXOS.obj
 0003:00009b30       guideXOS_guideXOS_Network_Http__NextEphemeralPort 000000001000cb30     guideXOS.obj
 0003:00009b64       guideXOS_guideXOS_Network_Http__PostJson 000000001000cb64     guideXOS.obj
 0003:00009bf4       guideXOS_guideXOS_Network_Http__BuildPost 000000001000cbf4     guideXOS.obj
 0003:00009ddc       guideXOS_guideXOS_Network_Http__Send 000000001000cddc     guideXOS.obj
 0003:0000a360       guideXOS_guideXOS_Network_Http__Resolve 000000001000d360     guideXOS.obj
 0003:0000a494       guideXOS_guideXOS_Network_Http__IsZero 000000001000d494     guideXOS.obj
 0003:0000a4b4       guideXOS_guideXOS_Network_Http__EqualsIp 000000001000d4b4     guideXOS.obj
 0003:0000a4f4       guideXOS_guideXOS_Network_Http__ReceiveAll 000000001000d4f4     guideXOS.obj
 0003:0000a634       guideXOS_guideXOS_Network_Http__IsHttpComplete 000000001000d634     guideXOS.obj
 0003:0000a7a8       guideXOS_guideXOS_Network_Http__HeaderContentLengthBytes 000000001000d7a8     guideXOS.obj
 0003:0000a854       guideXOS_guideXOS_Network_Http__HeaderChunkedBytes 000000001000d854     guideXOS.obj
 0003:0000a89c       guideXOS_guideXOS_Network_Http__ParseHttp 000000001000d89c     guideXOS.obj
 0003:0000acc4       guideXOS_guideXOS_Network_Http__DecodeChunked 000000001000dcc4     guideXOS.obj
 0003:0000ae20       guideXOS_guideXOS_Network_Http__IndexOf 000000001000de20     guideXOS.obj
 0003:0000ae88       guideXOS_guideXOS_Network_Http__Match 000000001000de88     guideXOS.obj
 0003:0000af3c       guideXOS_guideXOS_Network_Http__ToAsciiBytes 000000001000df3c     guideXOS.obj
 0003:0000afd0       guideXOS_guideXOS_Network_Http__BytesToAscii_0 000000001000dfd0     guideXOS.obj
 0003:0000b084       guideXOS_guideXOS_Network_Http__SetHeader 000000001000e084     guideXOS.obj
 0003:0000b148       guideXOS_guideXOS_Network_Http__GetHeader 000000001000e148     guideXOS.obj
 0003:0000b1b0       guideXOS_guideXOS_Network_Http__EqualsIgnoreCase 000000001000e1b0     guideXOS.obj
 0003:0000b224       guideXOS_guideXOS_Network_Http__IndexOfIgnoreCase 000000001000e224     guideXOS.obj
 0003:0000b2b8       guideXOS_guideXOS_Network_Http__IndexOf_0 000000001000e2b8     guideXOS.obj
 0003:0000b2e8       guideXOS_guideXOS_Network_Http__HasPrefix 000000001000e2e8     guideXOS.obj
 0003:0000b330       guideXOS_guideXOS_Network_Http__TrimSpaces 000000001000e330     guideXOS.obj
 0003:0000b394       guideXOS_guideXOS_Network_Http__ParseInt 000000001000e394     guideXOS.obj
 0003:0000b3cc       guideXOS_guideXOS_Network_Http__ParseIntToString 000000001000e3cc     guideXOS.obj
 0003:0000b4fc       guideXOS_guideXOS_Network_Http__ParseHex 000000001000e4fc     guideXOS.obj
 0003:0000b55c       guideXOS_guideXOS_Graph_Graphics__FromImage 000000001000e55c     guideXOS.obj
 0003:0000b5c0       guideXOS_guideXOS_Graph_Graphics__Update 000000001000e5c0     guideXOS.obj
 0003:0000b5c4       guideXOS_guideXOS_Graph_Graphics__Clear 000000001000e5c4     guideXOS.obj
 0003:0000b62c       guideXOS_guideXOS_Graph_Graphics__Copy 000000001000e62c     guideXOS.obj
 0003:0000b6c8       guideXOS_guideXOS_Graph_Graphics__FillRectangle 000000001000e6c8     guideXOS.obj
 0003:0000b740       guideXOS_guideXOS_Graph_Graphics__AFillRectangle 000000001000e740     guideXOS.obj
 0003:0000b8ac       guideXOS_guideXOS_Graph_Graphics__GetPoint 000000001000e8ac     guideXOS.obj
 0003:0000b8d8       guideXOS_guideXOS_Graph_Graphics__DrawPoint 000000001000e8d8     guideXOS.obj
 0003:0000b9c8       guideXOS_guideXOS_Graph_Graphics__DrawRectangle 000000001000e9c8     guideXOS.obj
 0003:0000ba84       guideXOS_guideXOS_Graph_Graphics__Save 000000001000ea84     guideXOS.obj
 0003:0000bb60       guideXOS_guideXOS_Graph_Graphics__ADrawImage 000000001000eb60     guideXOS.obj
 0003:0000bc10       guideXOS_guideXOS_Graph_Graphics__DrawImage 000000001000ec10     guideXOS.obj
 0003:0000be68       guideXOS_guideXOS_Graph_Graphics__FPartOfNumber 000000001000ee68     guideXOS.obj
 0003:0000be98       guideXOS_guideXOS_Graph_Graphics__DrawPoint_0 000000001000ee98     guideXOS.obj
 0003:0000bf00       guideXOS_guideXOS_Graph_Graphics__DrawLine 000000001000ef00     guideXOS.obj
 0003:0000c0d8       guideXOS_guideXOS_Graph_Graphics__BlurRectangle 000000001000f0d8     guideXOS.obj
 0003:0000c658       guideXOS_guideXOS_Graph_Graphics__ResetBlurBuffers 000000001000f658     guideXOS.obj
 0003:0000c750       guideXOS_guideXOS_FS_AutoFS___ctor 000000001000f750     guideXOS.obj
 0003:0000c8d8       guideXOS_guideXOS_FS_AutoFS___ctor_0 000000001000f8d8     guideXOS.obj
 0003:0000ca60       guideXOS_guideXOS_FS_AutoFS__LooksLikeTar 000000001000fa60     guideXOS.obj
 0003:0000caa4       guideXOS_guideXOS_FS_AutoFS__LooksLikeFat 000000001000faa4     guideXOS.obj
 0003:0000cb34       guideXOS_guideXOS_FS_AutoFS__LooksLikeExt 000000001000fb34     guideXOS.obj
 0003:0000cbb0       guideXOS_guideXOS_FS_AutoFS__LooksLikeExt_0 000000001000fbb0     guideXOS.obj
 0003:0000cbd8       guideXOS_guideXOS_FS_AutoFS__GetFiles 000000001000fbd8     guideXOS.obj
 0003:0000cbe4       guideXOS_guideXOS_FS_AutoFS__ReadAllBytes 000000001000fbe4     guideXOS.obj
 0003:0000cbf0       guideXOS_guideXOS_FS_AutoFS__WriteAllBytes 000000001000fbf0     guideXOS.obj
 0003:0000cbfc       guideXOS_guideXOS_FS_AutoFS__Format 000000001000fbfc     guideXOS.obj
 0003:0000cc08       guideXOS_guideXOS_FS_EXT2___ctor 000000001000fc08     guideXOS.obj
 0003:0000cdc8       guideXOS_guideXOS_FS_EXT2___ctor_0 000000001000fdc8     guideXOS.obj
 0003:0000cf7c       guideXOS_guideXOS_FS_EXT2__ReadBytes 000000001000ff7c     guideXOS.obj
 0003:0000d0a8       guideXOS_guideXOS_FS_EXT2__WriteBytes 00000000100100a8     guideXOS.obj
 0003:0000d1e8       guideXOS_guideXOS_FS_EXT2__ReadBlock 00000000100101e8     guideXOS.obj
 0003:0000d288       guideXOS_guideXOS_FS_EXT2__WriteBlock 0000000010010288     guideXOS.obj
 0003:0000d3c0       guideXOS_guideXOS_FS_EXT2__ReadBlockRange 00000000100103c0     guideXOS.obj
 0003:0000d46c       guideXOS_guideXOS_FS_EXT2__ReadU32 000000001001046c     guideXOS.obj
 0003:0000d4d4       guideXOS_guideXOS_FS_EXT2__WriteU16 00000000100104d4     guideXOS.obj
 0003:0000d508       guideXOS_guideXOS_FS_EXT2__WriteU32 0000000010010508     guideXOS.obj
 0003:0000d568       guideXOS_guideXOS_FS_EXT2__ReadInode 0000000010010568     guideXOS.obj
 0003:0000d67c       guideXOS_guideXOS_FS_EXT2__WriteInode 000000001001067c     guideXOS.obj
 0003:0000d754       guideXOS_guideXOS_FS_EXT2__EnumDirectory 0000000010010754     guideXOS.obj
 0003:0000dba0       guideXOS_guideXOS_FS_EXT2__ResolvePathToInode 0000000010010ba0     guideXOS.obj
 0003:0000dd18       guideXOS_guideXOS_FS_EXT2__StrEq 0000000010010d18     guideXOS.obj
 0003:0000dd60       guideXOS_guideXOS_FS_EXT2__GetFiles 0000000010010d60     guideXOS.obj
 0003:0000def8       guideXOS_guideXOS_FS_EXT2__ReadAllBytes 0000000010010ef8     guideXOS.obj
 0003:0000e190       guideXOS_guideXOS_FS_EXT2__WriteAllBytes 0000000010011190     guideXOS.obj
 0003:0000e4f4       guideXOS_guideXOS_FS_EXT2__Format 00000000100114f4     guideXOS.obj
 0003:0000e504       guideXOS_guideXOS_FS_FAT___ctor 0000000010011504     guideXOS.obj
 0003:0000e698       guideXOS_guideXOS_FS_FAT___ctor_0 0000000010011698     guideXOS.obj
 0003:0000e81c       guideXOS_guideXOS_FS_FAT__InvalidateSector 000000001001181c     guideXOS.obj
 0003:0000e86c       guideXOS_guideXOS_FS_FAT__ReadSectorsCached 000000001001186c     guideXOS.obj
 0003:0000ea50       guideXOS_guideXOS_FS_FAT__WriteSector 0000000010011a50     guideXOS.obj
 0003:0000ead0       guideXOS_guideXOS_FS_FAT__ReadFatEntry 0000000010011ad0     guideXOS.obj
 0003:0000ecb0       guideXOS_guideXOS_FS_FAT__WriteFatEntry 0000000010011cb0     guideXOS.obj
 0003:0000f160       guideXOS_guideXOS_FS_FAT__IsEOC 0000000010012160     guideXOS.obj
 0003:0000f198       guideXOS_guideXOS_FS_FAT__EOC 0000000010012198     guideXOS.obj
 0003:0000f1b8       guideXOS_guideXOS_FS_FAT__GetClusterChain 00000000100121b8     guideXOS.obj
 0003:0000f264       guideXOS_guideXOS_FS_FAT__ReadCluster 0000000010012264     guideXOS.obj
 0003:0000f3a8       guideXOS_guideXOS_FS_FAT__ZeroCluster 00000000100123a8     guideXOS.obj
 0003:0000f480       guideXOS_guideXOS_FS_FAT__ReadAllClusterChain 0000000010012480     guideXOS.obj
 0003:0000f630       guideXOS_guideXOS_FS_FAT__ComposeShortName 0000000010012630     guideXOS.obj
 0003:0000f6e0       guideXOS_guideXOS_FS_FAT__AssembleLfn 00000000100126e0     guideXOS.obj
 0003:0000f7cc       guideXOS_guideXOS_FS_FAT__IterateDirectory 00000000100127cc     guideXOS.obj
 0003:0000f8dc       guideXOS_guideXOS_FS_FAT__IterateDirSectorRangeCluster 00000000100128dc     guideXOS.obj
 0003:0000f98c       guideXOS_guideXOS_FS_FAT__IterateDirEntries 000000001001298c     guideXOS.obj
 0003:0000fb20       guideXOS_guideXOS_FS_FAT__EqualsIgnoreCase 0000000010012b20     guideXOS.obj
 0003:0000fb8c       guideXOS_guideXOS_FS_FAT__FindPath 0000000010012b8c     guideXOS.obj
 0003:0000ffa8       guideXOS_guideXOS_FS_FAT__FindEntryLoc 0000000010012fa8     guideXOS.obj
 0003:00010724       guideXOS_guideXOS_FS_FAT__NextFreeCluster 0000000010013724     guideXOS.obj
 0003:00010784       guideXOS_guideXOS_FS_FAT__AllocateClustersForSize 0000000010013784     guideXOS.obj
 0003:000108e0       guideXOS_guideXOS_FS_FAT__FreeClusterChain 00000000100138e0     guideXOS.obj
 0003:00010948       guideXOS_guideXOS_FS_FAT__WriteDataToChain 0000000010013948     guideXOS.obj
 0003:00010c60       guideXOS_guideXOS_FS_FAT__WriteDirEntry 0000000010013c60     guideXOS.obj
 0003:00010df4       guideXOS_guideXOS_FS_FAT__GenerateShortName 0000000010013df4     guideXOS.obj
 0003:0001103c       guideXOS_guideXOS_FS_FAT__EnsureDirHasFreeSlot 000000001001403c     guideXOS.obj
 0003:00011124       guideXOS_guideXOS_FS_FAT__GetFiles 0000000010014124     guideXOS.obj
 0003:00011258       guideXOS_guideXOS_FS_FAT__ReadAllBytes 0000000010014258     guideXOS.obj
 0003:000112fc       guideXOS_guideXOS_FS_FAT__WriteAllBytes 00000000100142fc     guideXOS.obj
 0003:000115c8       guideXOS_guideXOS_FS_FAT__Format 00000000100145c8     guideXOS.obj
 0003:00011f98       guideXOS_guideXOS_FS_FileInfo__Dispose 0000000010014f98     guideXOS.obj
 0003:00012020       guideXOS_guideXOS_FS_FileInfo___ctor 0000000010015020     guideXOS.obj
 0003:00012024       guideXOS_guideXOS_FS_File__Exists 0000000010015024     guideXOS.obj
 0003:000120d4       guideXOS_guideXOS_FS_FileSystem__SizeToSec 00000000100150d4     guideXOS.obj
 0003:000120f4       guideXOS_guideXOS_FS_FileSystem__IsInDirectory 00000000100150f4     guideXOS.obj
 0003:00012158       guideXOS_guideXOS_FS_TarFS___ctor_0 0000000010015158     guideXOS.obj
 0003:0001218c       guideXOS_guideXOS_FS_TarFS__GetFiles 000000001001518c     guideXOS.obj
 0003:00012418       guideXOS_guideXOS_FS_TarFS__ReadAllBytes 0000000010015418     guideXOS.obj
 0003:00012738       guideXOS_guideXOS_FS_TarFS__WriteAllBytes 0000000010015738     guideXOS.obj
 0003:0001273c       guideXOS_guideXOS_FS_TarFS__Format 000000001001573c     guideXOS.obj
 0003:00012740       _putchar                   0000000010015740     guideXOS.obj
 0003:00012740       guideXOS_guideXOS_Kernel_Libraries_stdio___putchar 0000000010015740     guideXOS.obj
 0003:00012754       fopen                      0000000010015754     guideXOS.obj
 0003:00012754       guideXOS_guideXOS_Kernel_Libraries_stdio__fopen 0000000010015754     guideXOS.obj
 0003:000128f4       fseek                      00000000100158f4     guideXOS.obj
 0003:000128f4       guideXOS_guideXOS_Kernel_Libraries_stdio__fseek 00000000100158f4     guideXOS.obj
 0003:0001290c       fread                      000000001001590c     guideXOS.obj
 0003:0001290c       guideXOS_guideXOS_Kernel_Libraries_stdio__fread 000000001001590c     guideXOS.obj
 0003:00012970       guideXOS_guideXOS_Kernel_Libraries_stdlib__malloc 0000000010015970     guideXOS.obj
 0003:00012970       malloc                     0000000010015970     guideXOS.obj
 0003:00012984       free                       0000000010015984     guideXOS.obj
 0003:00012984       guideXOS_guideXOS_Kernel_Libraries_stdlib__free 0000000010015984     guideXOS.obj
 0003:00012994       guideXOS_guideXOS_Kernel_Libraries_stdlib__realloc 0000000010015994     guideXOS.obj
 0003:00012994       realloc                    0000000010015994     guideXOS.obj
 0003:000129a4       calloc                     00000000100159a4     guideXOS.obj
 0003:000129a4       guideXOS_guideXOS_Kernel_Libraries_stdlib__calloc 00000000100159a4     guideXOS.obj
 0003:00012a1c       guideXOS_guideXOS_Kernel_Libraries_stdlib__kmalloc 0000000010015a1c     guideXOS.obj
 0003:00012a1c       kmalloc                    0000000010015a1c     guideXOS.obj
 0003:00012a30       guideXOS_guideXOS_Kernel_Libraries_stdlib__kfree 0000000010015a30     guideXOS.obj
 0003:00012a30       kfree                      0000000010015a30     guideXOS.obj
 0003:00012a40       guideXOS_guideXOS_Kernel_Libraries_stdlib__krealloc 0000000010015a40     guideXOS.obj
 0003:00012a40       krealloc                   0000000010015a40     guideXOS.obj
 0003:00012a50       guideXOS_guideXOS_Kernel_Libraries_stdlib__kcalloc 0000000010015a50     guideXOS.obj
 0003:00012a50       kcalloc                    0000000010015a50     guideXOS.obj
 0003:00012ac8       guideXOS_guideXOS_Kernel_Drivers_ACPI__GetRSDP 0000000010015ac8     guideXOS.obj
 0003:00012af0       guideXOS_guideXOS_Kernel_Drivers_ACPI__Shutdown 0000000010015af0     guideXOS.obj
 0003:00012bac       guideXOS_guideXOS_Kernel_Drivers_ACPI__Initialize 0000000010015bac     guideXOS.obj
 0003:00012c70       guideXOS_guideXOS_Kernel_Drivers_ACPI__ParseDT 0000000010015c70     guideXOS.obj
 0003:00012e40       guideXOS_guideXOS_Kernel_Drivers_ACPI__RemapIRQ 0000000010015e40     guideXOS.obj
 0003:00012e98       guideXOS_guideXOS_Kernel_Drivers_ACPITimer__Sleep 0000000010015e98     guideXOS.obj
 0003:00012f7c       guideXOS_guideXOS_Kernel_Drivers_ACPITimer__SleepMicroseconds 0000000010015f7c     guideXOS.obj
 0003:000130a0       guideXOS_guideXOS_Kernel_Drivers_Resolution__ToString 00000000100160a0     guideXOS.obj
 0003:00013114       guideXOS_guideXOS_Kernel_Drivers_DisplayManager__EnsureSvga 0000000010016114     guideXOS.obj
 0003:000131f0       guideXOS_guideXOS_Kernel_Drivers_DisplayManager__TrySetResolution 00000000100161f0     guideXOS.obj
 0003:000132e0       guideXOS_guideXOS_Kernel_Drivers_DisplayManager__ToASCII 00000000100162e0     guideXOS.obj
 0003:00013324       guideXOS_guideXOS_Kernel_Drivers_DisplayManager__SaveResolution 0000000010016324     guideXOS.obj
 0003:000133d4       guideXOS_guideXOS_Kernel_Drivers_EHCI__SendAndReceive 00000000100163d4     guideXOS.obj
 0003:000136c4       guideXOS_guideXOS_Kernel_Drivers_EHCI__WaitForComplete 00000000100166c4     guideXOS.obj
 0003:0001376c       guideXOS_guideXOS_Kernel_Drivers_EHCI__BulkTransfer 000000001001676c     guideXOS.obj
 0003:000139fc       guideXOS_guideXOS_Kernel_Drivers_Framebuffer__set_TripleBuffered 00000000100169fc     guideXOS.obj
 0003:00013a80       guideXOS_guideXOS_Kernel_Drivers_Framebuffer__Update 0000000010016a80     guideXOS.obj
 0003:00013b50       guideXOS_guideXOS_Kernel_Drivers_Framebuffer__Initialize 0000000010016b50     guideXOS.obj
 0003:00013c8c       guideXOS_guideXOS_Kernel_Drivers_HPET__Initialize 0000000010016c8c     guideXOS.obj
 0003:00013cfc       guideXOS_guideXOS_Kernel_Drivers_HPET__WriteRegister 0000000010016cfc     guideXOS.obj
 0003:00013d20       guideXOS_guideXOS_Kernel_Drivers_HPET__ReadRegister 0000000010016d20     guideXOS.obj
 0003:00013d40       guideXOS_guideXOS_Kernel_Drivers_IDE__Initialize 0000000010016d40     guideXOS.obj
 0003:00013da4       guideXOS_guideXOS_Kernel_Drivers_IDE__ScanPorts 0000000010016da4     guideXOS.obj
 0003:000143d0       guideXOS_guideXOS_Kernel_Drivers_IDE___ScanPorts_g__WaitForIdentifyData_3_2 00000000100173d0     guideXOS.obj
 0003:0001443c       guideXOS_guideXOS_Kernel_Drivers_IDEDevice__ReadOrWrite 000000001001743c     guideXOS.obj
 0003:00014700       guideXOS_guideXOS_Kernel_Drivers_IDEDevice__WaitForReadyStatus 0000000010017700     guideXOS.obj
 0003:00014764       guideXOS_guideXOS_Kernel_Drivers_IDEDevice__Read 0000000010017764     guideXOS.obj
 0003:000147c4       guideXOS_guideXOS_Kernel_Drivers_IDEDevice__Write 00000000100177c4     guideXOS.obj
 0003:00014828       guideXOS_guideXOS_Kernel_Drivers_IDEDevice___ctor 0000000010017828     guideXOS.obj
 0003:00014848       guideXOS_guideXOS_Kernel_Drivers_IOAPIC__Initialize 0000000010017848     guideXOS.obj
 0003:000148a4       guideXOS_guideXOS_Kernel_Drivers_IOAPIC__In 00000000100178a4     guideXOS.obj
 0003:000148d0       guideXOS_guideXOS_Kernel_Drivers_IOAPIC__Out 00000000100178d0     guideXOS.obj
 0003:00014900       guideXOS_guideXOS_Kernel_Drivers_IOAPIC__SetEntry 0000000010017900     guideXOS.obj
 0003:00014934       guideXOS_guideXOS_Kernel_Drivers_IOAPIC__SetEntry_0 0000000010017934     guideXOS.obj
 0003:00014954       guideXOS_guideXOS_Kernel_Drivers_Keyboard__InvokeOnKeyChanged 0000000010017954     guideXOS.obj
 0003:00014984       guideXOS_guideXOS_Kernel_Drivers_Keyboard__SimulateKey 0000000010017984     guideXOS.obj
 0003:00014a2c       guideXOS_guideXOS_Kernel_Drivers_Keyboard__CleanKeyInfo 0000000010017a2c     guideXOS.obj
 0003:00014a58       guideXOS_guideXOS_Kernel_Drivers_LocalAPIC__ReadRegister 0000000010017a58     guideXOS.obj
 0003:00014a78       guideXOS_guideXOS_Kernel_Drivers_LocalAPIC__Initialize 0000000010017a78     guideXOS.obj
 0003:00014aa4       guideXOS_guideXOS_Kernel_Drivers_LocalAPIC__SendIPI 0000000010017aa4     guideXOS.obj
 0003:00014af4       guideXOS_guideXOS_Kernel_Drivers_LocalAPICTimer__StartTimer 0000000010017af4     guideXOS.obj
 0003:00014b60       guideXOS_guideXOS_Kernel_Drivers_LocalAPICTimer__EstimateBusSpeed 0000000010017b60     guideXOS.obj
 0003:00014c14       guideXOS_guideXOS_Kernel_Drivers_PCIDevice__WriteRegister 0000000010017c14     guideXOS.obj
 0003:00014c80       guideXOS_guideXOS_Kernel_Drivers_PCIDevice___ctor 0000000010017c80     guideXOS.obj
 0003:00014c84       guideXOS_guideXOS_Kernel_Drivers_PCI__GetDevice 0000000010017c84     guideXOS.obj
 0003:00014cf4       guideXOS_guideXOS_Kernel_Drivers_PCI__Initialise 0000000010017cf4     guideXOS.obj
 0003:00014d8c       guideXOS_guideXOS_Kernel_Drivers_PCI__CheckBus 0000000010017d8c     guideXOS.obj
 0003:000152c8       guideXOS_guideXOS_Kernel_Drivers_PCI__ReadRegister16 00000000100182c8     guideXOS.obj
 0003:00015370       guideXOS_guideXOS_Kernel_Drivers_PCI__ReadRegister8 0000000010018370     guideXOS.obj
 0003:00015418       guideXOS_guideXOS_Kernel_Drivers_PCI__WriteRegister16 0000000010018418     guideXOS.obj
 0003:000154b8       guideXOS_guideXOS_Kernel_Drivers_PCI__GetVendorID 00000000100184b8     guideXOS.obj
 0003:00015544       guideXOS_guideXOS_Kernel_Drivers_PCI__GetHeaderType 0000000010018544     guideXOS.obj
 0003:000155d8       guideXOS_guideXOS_Kernel_Drivers_PCI__GetAddressBase 00000000100185d8     guideXOS.obj
 0003:000155f8       guideXOS_guideXOS_Kernel_Drivers_PCIExpress__Initialize 00000000100185f8     guideXOS.obj
 0003:00015690       guideXOS_guideXOS_Kernel_Drivers_PCIExpress__CheckBus 0000000010018690     guideXOS.obj
 0003:00015964       guideXOS_guideXOS_Kernel_Drivers_PIC__Disable 0000000010018964     guideXOS.obj
 0003:00015b50       guideXOS_guideXOS_Kernel_Drivers_Power__Reboot 0000000010018b50     guideXOS.obj
 0003:00015bec       guideXOS_guideXOS_Kernel_Drivers_PS2Keyboard__Initialize 0000000010018bec     guideXOS.obj
 0003:00015cdc       guideXOS_guideXOS_Kernel_Drivers_PS2Keyboard__OnInterrupt 0000000010018cdc     guideXOS.obj
 0003:00015eb4       guideXOS_guideXOS_Kernel_Drivers_PS2Keyboard__TranslateSet2ToSet1 0000000010018eb4     guideXOS.obj
 0003:0001628c       guideXOS_guideXOS_Kernel_Drivers_PS2Keyboard__UpdateModifiers 000000001001928c     guideXOS.obj
 0003:00016378       guideXOS_guideXOS_Kernel_Drivers_PS2Keyboard__ScancodeToKey 0000000010019378     guideXOS.obj
 0003:00016774       guideXOS_guideXOS_Kernel_Drivers_PS2Keyboard__GetChar 0000000010019774     guideXOS.obj
 0003:00016cd4       guideXOS_guideXOS_Kernel_Drivers_PS2Mouse__Initialise 0000000010019cd4     guideXOS.obj
 0003:000171f4       guideXOS_guideXOS_Kernel_Drivers_PS2Mouse__WriteRegister 000000001001a1f4     guideXOS.obj
 0003:00017314       guideXOS_guideXOS_Kernel_Drivers_PS2Mouse__OnInterrupt 000000001001a314     guideXOS.obj
 0003:00017690       guideXOS_guideXOS_Kernel_Drivers_Ramdisk__Read 000000001001a690     guideXOS.obj
 0003:000176fc       guideXOS_guideXOS_Kernel_Drivers_Ramdisk__Write 000000001001a6fc     guideXOS.obj
 0003:0001776c       guideXOS_guideXOS_Kernel_Drivers_RTC__get_Second 000000001001a76c     guideXOS.obj
 0003:00017804       guideXOS_guideXOS_Kernel_Drivers_RTC__get_Minute 000000001001a804     guideXOS.obj
 0003:000178a0       guideXOS_guideXOS_Kernel_Drivers_RTC__get_Hour 000000001001a8a0     guideXOS.obj
 0003:00017954       guideXOS_guideXOS_Kernel_Drivers_RTC__get_Century 000000001001a954     guideXOS.obj
 0003:000179f0       guideXOS_guideXOS_Kernel_Drivers_RTC__get_Year 000000001001a9f0     guideXOS.obj
 0003:00017a8c       guideXOS_guideXOS_Kernel_Drivers_RTC__get_Month 000000001001aa8c     guideXOS.obj
 0003:00017b28       guideXOS_guideXOS_Kernel_Drivers_RTC__get_Day 000000001001ab28     guideXOS.obj
 0003:00017bc4       guideXOS_guideXOS_Kernel_Drivers_SATA__Initialize 000000001001abc4     guideXOS.obj
 0003:00017fa4       guideXOS_guideXOS_Kernel_Drivers_SATA__CheckPortType 000000001001afa4     guideXOS.obj
 0003:00018000       guideXOS_guideXOS_Kernel_Drivers_Serial__Initialise 000000001001b000     guideXOS.obj
 0003:00018160       guideXOS_guideXOS_Kernel_Drivers_Serial__Write_0 000000001001b160     guideXOS.obj
 0003:000181e8       guideXOS_guideXOS_Kernel_Drivers_SMBIOS__Initialise 000000001001b1e8     guideXOS.obj
 0003:000182d4       guideXOS_guideXOS_Kernel_Drivers_SMBIOS__PrintIndex 000000001001b2d4     guideXOS.obj
 0003:00018334       guideXOS_guideXOS_Kernel_Drivers_Timer__Initialize 000000001001b334     guideXOS.obj
 0003:0001840c       guideXOS_guideXOS_Kernel_Drivers_Timer__EstimateCPUSpeed 000000001001b40c     guideXOS.obj
 0003:00018490       guideXOS_guideXOS_Kernel_Drivers_Timer__OnInterrupt 000000001001b490     guideXOS.obj
 0003:000184d4       guideXOS_guideXOS_Kernel_Drivers_Timer__Sleep 000000001001b4d4     guideXOS.obj
 0003:0001853c       guideXOS_guideXOS_Kernel_Drivers_USBMSCBot__TryCreateDisk 000000001001b53c     guideXOS.obj
 0003:00018624       guideXOS_guideXOS_Kernel_Drivers_VMWareSVGAII___ctor 000000001001b624     guideXOS.obj
 0003:000187c0       guideXOS_guideXOS_Kernel_Drivers_VMWareSVGAII__InitializeFIFO 000000001001b7c0     guideXOS.obj
 0003:00018930       guideXOS_guideXOS_Kernel_Drivers_VMWareSVGAII__SetMode 000000001001b930     guideXOS.obj
 0003:00018b58       guideXOS_guideXOS_Kernel_Drivers_VMwareTools__Initialize 000000001001bb58     guideXOS.obj
 0003:00018ba0       guideXOS_guideXOS_Kernel_Drivers_VMwareTools__vmware_handle_mouse 000000001001bba0     guideXOS.obj
 0003:00018cfc       guideXOS_guideXOS_Kernel_Drivers_VMwareTools__mouse_absolute 000000001001bcfc     guideXOS.obj
 0003:00018df4       guideXOS_guideXOS_Kernel_Drivers_VMwareTools__is_vmware_backdoor 000000001001bdf4     guideXOS.obj
 0003:00018e78       guideXOS_guideXOS_Kernel_Drivers_USBStorage__GetFirst 000000001001be78     guideXOS.obj
 0003:00018eac       guideXOS_guideXOS_Kernel_Drivers_USBStorage___cctor 000000001001beac     guideXOS.obj
 0003:00018ef8       guideXOS_guideXOS_OS_App__get__name 000000001001bef8     guideXOS.obj
 0003:00018f00       guideXOS_guideXOS_OS_App__get__icon 000000001001bf00     guideXOS.obj
 0003:00018f08       guideXOS_guideXOS_OS_App__get__appObject 000000001001bf08     guideXOS.obj
 0003:00018f10       guideXOS_guideXOS_OS_App__set__appObject 000000001001bf10     guideXOS.obj
 0003:00018f1c       guideXOS_guideXOS_OS_App__get_Name 000000001001bf1c     guideXOS.obj
 0003:00018f24       guideXOS_guideXOS_OS_App__get_Icon 000000001001bf24     guideXOS.obj
 0003:00018f2c       guideXOS_guideXOS_OS_App__get_AppObject 000000001001bf2c     guideXOS.obj
 0003:00018f34       guideXOS_guideXOS_OS_App__set_AppObject 000000001001bf34     guideXOS.obj
 0003:00018f3c       guideXOS_guideXOS_OS_AppCollection__Load 000000001001bf3c     guideXOS.obj
 0003:00019ae0       guideXOS_guideXOS_OS_AppCollection__LaunchGXMFromFile 000000001001cae0     guideXOS.obj
 0003:00019bf0       guideXOS_guideXOS_OS_AppCollection__get_Length 000000001001cbf0     guideXOS.obj
 0003:00019bf8       guideXOS_guideXOS_OS_AppCollection__Name 000000001001cbf8     guideXOS.obj
 0003:00019c24       guideXOS_guideXOS_OS_AppCollection__Icon 000000001001cc24     guideXOS.obj
 0003:00019c50       guideXOS_guideXOS_OS_AuthClient__JsonEscape 000000001001cc50     guideXOS.obj
 0003:00019e34       guideXOS_guideXOS_OS_AuthClient__ParseGuidFromJson 000000001001ce34     guideXOS.obj
 0003:00019ee8       guideXOS_guideXOS_OS_AuthClient__IndexOfIgnoreCase 000000001001cee8     guideXOS.obj
 0003:00019f74       guideXOS_guideXOS_OS_AuthClient__IndexOfFrom 000000001001cf74     guideXOS.obj
 0003:00019fa8       guideXOS_guideXOS_OS_AuthClient__TryLogin 000000001001cfa8     guideXOS.obj
 0003:0001a0e8       guideXOS_guideXOS_OS_AuthClient__TryRegister 000000001001d0e8     guideXOS.obj
 0003:0001a238       guideXOS_guideXOS_OS_Configuration__Initialize 000000001001d238     guideXOS.obj
 0003:0001a294       guideXOS_guideXOS_OS_Configuration__LoadConfiguration 000000001001d294     guideXOS.obj
 0003:0001a2e4       guideXOS_guideXOS_OS_Configuration__SaveConfiguration 000000001001d2e4     guideXOS.obj
 0003:0001a358       guideXOS_guideXOS_OS_Configuration__LoadUISettings 000000001001d358     guideXOS.obj
 0003:0001a514       guideXOS_guideXOS_OS_Configuration__SaveUISettings 000000001001d514     guideXOS.obj
 0003:0001a754       guideXOS_guideXOS_OS_Configuration__FindValue 000000001001d754     guideXOS.obj
 0003:0001a81c       guideXOS_guideXOS_OS_Configuration__ParseInt 000000001001d81c     guideXOS.obj
 0003:0001a884       guideXOS_guideXOS_OS_Configuration__ParseBool 000000001001d884     guideXOS.obj
 0003:0001a940       guideXOS_guideXOS_OS_Configuration__GetBytesFromString 000000001001d940     guideXOS.obj
 0003:0001a9dc       guideXOS_guideXOS_OS_Configuration__GetStringFromBytes 000000001001d9dc     guideXOS.obj
 0003:0001aa60       guideXOS_guideXOS_OS_Firewall__ListHas 000000001001da60     guideXOS.obj
 0003:0001aab8       guideXOS_guideXOS_OS_Firewall__get_Exceptions 000000001001dab8     guideXOS.obj
 0003:0001ab20       guideXOS_guideXOS_OS_Firewall__AddException 000000001001db20     guideXOS.obj
 0003:0001ab78       guideXOS_guideXOS_OS_Firewall__Check 000000001001db78     guideXOS.obj
 0003:0001abec       guideXOS_guideXOS_OS_Firewall__QueueAlert 000000001001dbec     guideXOS.obj
 0003:0001ac7c       guideXOS_guideXOS_OS_Firewall__ShowAlert 000000001001dc7c     guideXOS.obj
 0003:0001acc4       guideXOS_guideXOS_OS_Firewall__RemoveAlert 000000001001dcc4     guideXOS.obj
 0003:0001ad40       guideXOS_guideXOS_OS_Firewall___cctor 000000001001dd40     guideXOS.obj
 0003:0001add0       guideXOS_guideXOS_OS_SystemMode__get_IsLiveMode 000000001001ddd0     guideXOS.obj
 0003:0001adf4       guideXOS_guideXOS_OS_SystemMode__DetectMode 000000001001ddf4     guideXOS.obj
 0003:0001aeec       guideXOS_guideXOS_OS_SystemMode__CanWriteSettings 000000001001deec     guideXOS.obj
 0003:0001b038       guideXOS_guideXOS_Modules_ModuleManager__Register 000000001001e038     guideXOS.obj
 0003:0001b0e8       guideXOS_guideXOS_Modules_ModuleManager__InitializeBuiltins 000000001001e0e8     guideXOS.obj
 0003:0001b140       guideXOS_guideXOS_Modules_ModuleManager___cctor 000000001001e140     guideXOS.obj
 0003:0001b18c       guideXOS_guideXOS_Misc_TrueTypeFont___ctor 000000001001e18c     guideXOS.obj
 0003:0001b2a0       guideXOS_guideXOS_Misc_TrueTypeFont__ParseFont 000000001001e2a0     guideXOS.obj
 0003:0001b580       guideXOS_guideXOS_Misc_TrueTypeFont__ParseHeadTable 000000001001e580     guideXOS.obj
 0003:0001b60c       guideXOS_guideXOS_Misc_TrueTypeFont__ParseMaxpTable 000000001001e60c     guideXOS.obj
 0003:0001b68c       guideXOS_guideXOS_Misc_TrueTypeFont__ParseLocaTable 000000001001e68c     guideXOS.obj
 0003:0001b844       guideXOS_guideXOS_Misc_TrueTypeFont__ParseHheaTable 000000001001e844     guideXOS.obj
 0003:0001b8c4       guideXOS_guideXOS_Misc_TrueTypeFont__ParseHmtxTable 000000001001e8c4     guideXOS.obj
 0003:0001bae8       guideXOS_guideXOS_Misc_TrueTypeFont__ParseCmapTable 000000001001eae8     guideXOS.obj
 0003:0001bd30       guideXOS_guideXOS_Misc_TrueTypeFont__ParseCmapFormat4 000000001001ed30     guideXOS.obj
 0003:0001bfa4       guideXOS_guideXOS_Misc_TrueTypeFont__LoadGlyphOutline 000000001001efa4     guideXOS.obj
 0003:0001c73c       guideXOS_guideXOS_Misc_TrueTypeFont__RenderChar 000000001001f73c     guideXOS.obj
 0003:0001c8f0       guideXOS_guideXOS_Misc_TrueTypeFont__RasterizeOutline 000000001001f8f0     guideXOS.obj
 0003:0001cb08       guideXOS_guideXOS_Misc_TrueTypeFont__FindNextOnCurve 000000001001fb08     guideXOS.obj
 0003:0001cb4c       guideXOS_guideXOS_Misc_TrueTypeFont__DrawLine 000000001001fb4c     guideXOS.obj
 0003:0001cc24       guideXOS_guideXOS_Misc_TrueTypeFont__DrawQuadraticBezier 000000001001fc24     guideXOS.obj
 0003:0001cd68       guideXOS_guideXOS_Misc_TrueTypeFont__FloodFill 000000001001fd68     guideXOS.obj
 0003:0001cde8       guideXOS_guideXOS_Misc_TrueTypeFont__DrawString 000000001001fde8     guideXOS.obj
 0003:0001cf8c       guideXOS_guideXOS_Misc_TrueTypeFont__ReadInt16 000000001001ff8c     guideXOS.obj
 0003:0001cfc8       guideXOS_guideXOS_Misc_TrueTypeFont__ReadUInt16 000000001001ffc8     guideXOS.obj
 0003:0001d008       guideXOS_guideXOS_Misc_TrueTypeFont__ReadUInt32 0000000010020008     guideXOS.obj
 0003:0001d038       guideXOS_guideXOS_Misc_Audio__snd_write 0000000010020038     guideXOS.obj
 0003:0001d038       snd_write                  0000000010020038     guideXOS.obj
 0003:0001d120       guideXOS_guideXOS_Misc_Audio__snd_clear 0000000010020120     guideXOS.obj
 0003:0001d120       snd_clear                  0000000010020120     guideXOS.obj
 0003:0001d134       guideXOS_guideXOS_Misc_Bitmap___ctor 0000000010020134     guideXOS.obj
 0003:0001d37c       guideXOS_guideXOS_Misc_BootSplash__Initialize 000000001002037c     guideXOS.obj
 0003:0001d3f8       guideXOS_guideXOS_Misc_BootSplash__Cleanup 00000000100203f8     guideXOS.obj
 0003:0001d430       guideXOS_guideXOS_Misc_BootSplash__Tick 0000000010020430     guideXOS.obj
 0003:0001d7a4       guideXOS_guideXOS_Misc_ClassID__GetName 00000000100207a4     guideXOS.obj
 0003:0001d90c       KMain                      000000001002090c     guideXOS.obj
 0003:0001d90c       guideXOS_guideXOS_Misc_EntryPoint__KMain 000000001002090c     guideXOS.obj
 0003:0001ddd4       Entry                      0000000010020dd4     guideXOS.obj
 0003:0001ddd4       guideXOS_guideXOS_Misc_EntryPoint__Entry 0000000010020dd4     guideXOS.obj
 0003:0001e26c       guideXOS_guideXOS_Misc_EntryPoint__DetectArchitecture 000000001002126c     guideXOS.obj
 0003:0001e304       guideXOS_guideXOS_Misc_EntryPoint__TestPointerIntegrity 0000000010021304     guideXOS.obj
 0003:0001e310       guideXOS_guideXOS_Misc_GXMLoader__TryExecute 0000000010021310     guideXOS.obj
 0003:0001e768       guideXOS_guideXOS_Misc_GXMLoader__ApplyGuiLine 0000000010021768     guideXOS.obj
 0003:0001fb8c       guideXOS_guideXOS_Misc_GXMLoader__NextField 0000000010022b8c     guideXOS.obj
 0003:0001fc00       guideXOS_guideXOS_Misc_GXMLoader__IndexOf 0000000010022c00     guideXOS.obj
 0003:0001fc34       guideXOS_guideXOS_Misc_GXMLoader__StringEquals 0000000010022c34     guideXOS.obj
 0003:0001fca8       guideXOS_guideXOS_Misc_GXMLoader__ToInt 0000000010022ca8     guideXOS.obj
 0003:0001fd0c       guideXOS_guideXOS_Misc_GXMLoader__ToBool 0000000010022d0c     guideXOS.obj
 0003:0001fe7c       guideXOS_guideXOS_Misc_GXMLoader__ExtractUtf8 0000000010022e7c     guideXOS.obj
 0003:0001ff6c       guideXOS_guideXOS_Misc_GXMLoader__ReadU32 0000000010022f6c     guideXOS.obj
 0003:0001ffd4       guideXOS_guideXOS_Misc_IFont__DrawChar 0000000010022fd4     guideXOS.obj
 0003:00020268       guideXOS_guideXOS_Misc_IFont__DrawString 0000000010023268     guideXOS.obj
 0003:000202e0       guideXOS_guideXOS_Misc_IFont__DrawString_0 00000000100232e0     guideXOS.obj
 0003:00020358       guideXOS_guideXOS_Misc_IFont__MeasureString 0000000010023358     guideXOS.obj
 0003:000203c8       guideXOS_guideXOS_Misc_IFont__DrawString_1 00000000100233c8     guideXOS.obj
 0003:000204f8       guideXOS_guideXOS_Misc_Interrupts__EnableInterrupt_0 00000000100234f8     guideXOS.obj
 0003:00020560       guideXOS_guideXOS_Misc_Interrupts__HandleInterrupt 0000000010023560     guideXOS.obj
 0003:000205c8       guideXOS_guideXOS_Misc_Panic__Error 00000000100235c8     guideXOS.obj
 0003:00020670       guideXOS_guideXOS_Misc_Panic__ShowEnhancedCrashScreen 0000000010023670     guideXOS.obj
 0003:00020850       guideXOS_guideXOS_Misc_Panic__DrawPanicHeader 0000000010023850     guideXOS.obj
 0003:000209fc       guideXOS_guideXOS_Misc_Panic__DrawExceptionInfo 00000000100239fc     guideXOS.obj
 0003:000216b0       guideXOS_guideXOS_Misc_Panic__DrawRegisters 00000000100246b0     guideXOS.obj
 0003:000219b4       guideXOS_guideXOS_Misc_Panic__FormatRegister 00000000100249b4     guideXOS.obj
 0003:00021a7c       guideXOS_guideXOS_Misc_Panic__DrawStackTrace 0000000010024a7c     guideXOS.obj
 0003:00021d78       guideXOS_guideXOS_Misc_Panic__DrawSystemInfo 0000000010024d78     guideXOS.obj
 0003:00022134       guideXOS_guideXOS_Misc_Panic__DrawTimingAnalysis 0000000010025134     guideXOS.obj
 0003:0002246c       guideXOS_guideXOS_Misc_Panic__DrawControlRegisters 000000001002546c     guideXOS.obj
 0003:00022a18       guideXOS_guideXOS_Misc_Panic__DrawRFlagsBreakdown 0000000010025a18     guideXOS.obj
 0003:00022d80       guideXOS_guideXOS_Misc_Panic__DrawSectionHeader 0000000010025d80     guideXOS.obj
 0003:00022df8       guideXOS_guideXOS_Misc_Panic__DrawFooter 0000000010025df8     guideXOS.obj
 0003:00022ed8       guideXOS_guideXOS_Misc_Panic__DrawText 0000000010025ed8     guideXOS.obj
 0003:00022f2c       guideXOS_guideXOS_Misc_Panic__DrawTextLarge 0000000010025f2c     guideXOS.obj
 0003:00022fc4       guideXOS_guideXOS_Misc_Panic__GetExceptionName 0000000010025fc4     guideXOS.obj
 0003:0002311c       guideXOS_guideXOS_Misc_PNG__BuildFallback 000000001002611c     guideXOS.obj
 0003:000231b4       guideXOS_guideXOS_Misc_PNG__HasPngHeader 00000000100261b4     guideXOS.obj
 0003:00023238       guideXOS_guideXOS_Misc_PNG__TryGetIHDRDims 0000000010026238     guideXOS.obj
 0003:000232fc       guideXOS_guideXOS_Misc_PNG___ctor 00000000100262fc     guideXOS.obj
 0003:000235d0       guideXOS_guideXOS_Misc_PNG__lodepng_decode_memory 00000000100265d0     guideXOS.obj
 0003:0002366c       guideXOS_guideXOS_Misc_SchedulerExtensions__EnterUserMode 000000001002666c     guideXOS.obj
 0003:000236e4       guideXOS_guideXOS_Misc_SVG__BuildFallback 00000000100266e4     guideXOS.obj
 0003:0002377c       guideXOS_guideXOS_Misc_SVG___ctor 000000001002677c     guideXOS.obj
 0003:00023968       guideXOS_guideXOS_Misc_SVG__RenderSVG 0000000010026968     guideXOS.obj
 0003:00023dbc       guideXOS_guideXOS_Misc_SVG__GetMinIndex 0000000010026dbc     guideXOS.obj
 0003:00023df0       guideXOS_guideXOS_Misc_SVG__FindString 0000000010026df0     guideXOS.obj
 0003:00023e64       guideXOS_guideXOS_Misc_SVG__FindChar 0000000010026e64     guideXOS.obj
 0003:00023e98       guideXOS_guideXOS_Misc_SVG__RenderRectElement 0000000010026e98     guideXOS.obj
 0003:000240c0       guideXOS_guideXOS_Misc_SVG__RenderCircleElement 00000000100270c0     guideXOS.obj
 0003:000242b8       guideXOS_guideXOS_Misc_SVG__RenderEllipseElement 00000000100272b8     guideXOS.obj
 0003:000244b8       guideXOS_guideXOS_Misc_SVG__RenderPathElement 00000000100274b8     guideXOS.obj
 0003:00024914       guideXOS_guideXOS_Misc_SVG__RenderPolygonElement 0000000010027914     guideXOS.obj
 0003:00024c48       guideXOS_guideXOS_Misc_SVG__RenderPolylineElement 0000000010027c48     guideXOS.obj
 0003:00024efc       guideXOS_guideXOS_Misc_SVG__ParseNextNumber 0000000010027efc     guideXOS.obj
[...]
 0005:00370130       __writableDataguideXOS_System_Collections_Generic_List_1<guideXOS_guideXOS_DefaultApps_IRCNetworks_Entry> 0000000010416130     guideXOS.obj
 0005:00370138       __writableDataguideXOS_System_Collections_Generic_List_1<guideXOS_guideXOS_DefaultApps_PaintTool> 0000000010416138     guideXOS.obj
 0005:00370140       __writableDataguideXOS_System_Collections_Generic_List_1<guideXOS_guideXOS_DefaultApps_WebBrowser_BrowserTab> 0000000010416140     guideXOS.obj
 0005:00370148       __writableDataguideXOS_System_Collections_Generic_List_1<guideXOS_guideXOS_DefaultApps_WebBrowser_RenderElement> 0000000010416148     guideXOS.obj
 0005:00370150       __writableDataguideXOS_System_Collections_Generic_List_1<guideXOS_guideXOS_FS_EXT2_DirEnt> 0000000010416150     guideXOS.obj
 0005:00370158       __writableDataguideXOS_System_Collections_Generic_List_1<guideXOS_guideXOS_FS_FileInfo> 0000000010416158     guideXOS.obj
 0005:00370160       __writableDataguideXOS_System_Collections_Generic_List_1<guideXOS_guideXOS_GUI_DockableWidget> 0000000010416160     guideXOS.obj
 0005:00370168       __writableDataguideXOS_System_Collections_Generic_List_1<guideXOS_guideXOS_GUI_GXMScriptWindow_Btn> 0000000010416168     guideXOS.obj
 0005:00370170       __writableDataguideXOS_System_Collections_Generic_List_1<guideXOS_guideXOS_GUI_GXMScriptWindow_Callback> 0000000010416170     guideXOS.obj
 0005:00370178       __writableDataguideXOS_System_Collections_Generic_List_1<guideXOS_guideXOS_GUI_GXMScriptWindow_DropdownDef> 0000000010416178     guideXOS.obj
 0005:00370180       __writableDataguideXOS_System_Collections_Generic_List_1<guideXOS_guideXOS_GUI_GXMScriptWindow_Label> 0000000010416180     guideXOS.obj
 0005:00370188       __writableDataguideXOS_System_Collections_Generic_List_1<guideXOS_guideXOS_GUI_GXMScriptWindow_ListViewDef> 0000000010416188     guideXOS.obj
 0005:00370190       __writableDataguideXOS_System_Collections_Generic_List_1<guideXOS_guideXOS_GUI_GXMScriptWindow_TextBoxDef> 0000000010416190     guideXOS.obj
 0005:00370198       __writableDataguideXOS_System_Collections_Generic_List_1<guideXOS_guideXOS_GUI_PinnedManager_Pinned> 0000000010416198     guideXOS.obj
 0005:003701a0       __writableDataguideXOS_System_Collections_Generic_List_1<guideXOS_guideXOS_GUI_RecentDocumentEntry> 00000000104161a0     guideXOS.obj
 0005:003701a8       __writableDataguideXOS_System_Collections_Generic_List_1<guideXOS_guideXOS_GUI_RecentProgramEntry> 00000000104161a8     guideXOS.obj
 0005:003701b0       __writableDataguideXOS_System_Collections_Generic_List_1<guideXOS_guideXOS_GUI_Widgets_Button> 00000000104161b0     guideXOS.obj
 0005:003701b8       __writableDataguideXOS_System_Collections_Generic_List_1<guideXOS_guideXOS_GUI_Window> 00000000104161b8     guideXOS.obj
 0005:003701c0       __writableDataguideXOS_System_Collections_Generic_List_1<guideXOS_guideXOS_GUI_WorkspaceSwitcher_WindowSnapshot> 00000000104161c0     guideXOS.obj
 0005:003701c8       __writableDataguideXOS_System_Collections_Generic_List_1<guideXOS_guideXOS_Kernel_Drivers_IDEDevice> 00000000104161c8     guideXOS.obj
 0005:003701d0       __writableDataguideXOS_System_Collections_Generic_List_1<guideXOS_guideXOS_Kernel_Drivers_PCIDevice> 00000000104161d0     guideXOS.obj
 0005:003701d8       __writableDataguideXOS_System_Collections_Generic_List_1<guideXOS_guideXOS_Kernel_Drivers_SATA_SATADevice> 00000000104161d8     guideXOS.obj
 0005:003701e0       __writableDataguideXOS_System_Collections_Generic_List_1<guideXOS_guideXOS_Misc_Interrupts_INT> 00000000104161e0     guideXOS.obj
 0005:003701e8       __writableDataguideXOS_System_Collections_Generic_List_1<guideXOS_guideXOS_Misc_Thread> 00000000104161e8     guideXOS.obj
 0005:003701f0       __writableDataguideXOS_System_Collections_Generic_List_1<guideXOS_guideXOS_Misc_TrueTypeFont_Point> 00000000104161f0     guideXOS.obj
 0005:003701f8       __writableDataguideXOS_System_Collections_Generic_List_1<guideXOS_guideXOS_Misc_TrueTypeFont_TableRecord> 00000000104161f8     guideXOS.obj
 0005:00370200       __writableDataguideXOS_System_Collections_Generic_List_1<guideXOS_guideXOS_Misc_USBDevice> 0000000010416200     guideXOS.obj
 0005:00370208       __writableDataguideXOS_System_Collections_Generic_List_1<guideXOS_guideXOS_Modules_ModuleManager_ModuleEntry> 0000000010416208     guideXOS.obj
 0005:00370210       __writableDataguideXOS_System_Collections_Generic_List_1<guideXOS_guideXOS_NETv4_ARPCache> 0000000010416210     guideXOS.obj
 0005:00370218       __writableDataguideXOS_System_Collections_Generic_List_1<guideXOS_guideXOS_NETv4_TCPClient> 0000000010416218     guideXOS.obj
 0005:00370220       __writableDataguideXOS_System_Collections_Generic_List_1<guideXOS_guideXOS_NETv4_UDPClient> 0000000010416220     guideXOS.obj
 0005:00370228       __writableDataguideXOS_System_Collections_Generic_List_1<guideXOS_guideXOS_Network_Http_Header> 0000000010416228     guideXOS.obj
 0005:00370230       __writableDataguideXOS_System_Collections_Generic_Queue_1 0000000010416230     guideXOS.obj
 0005:00370238       __writableDataguideXOS_System_Collections_Generic_Queue_1<__Array<UInt8>> 0000000010416238     guideXOS.obj
 0005:00370240       __writableDataguideXOS_System_ConsoleKeyInfo 0000000010416240     guideXOS.obj
 0005:00370248       __writableDataguideXOS_System_Delegate 0000000010416248     guideXOS.obj
 0005:00370250       __writableDataguideXOS_System_Drawing_Image 0000000010416250     guideXOS.obj
 0005:00370258       __writableDataguideXOS_System_Drawing_Point 0000000010416258     guideXOS.obj
 0005:00370260       __writableDataguideXOS_System_Enum 0000000010416260     guideXOS.obj
 0005:00370268       __writableDataguideXOS_System_EventHandler_1 0000000010416268     guideXOS.obj
 0005:00370270       __writableDataguideXOS_System_EventHandler_1<guideXOS_System_ConsoleKeyInfo> 0000000010416270     guideXOS.obj
 0005:00370278       __writableDataguideXOS_System_Func_2 0000000010416278     guideXOS.obj
 0005:00370280       __writableDataguideXOS_System_Func_2<Int32__guideXOS_System_Drawing_Image> 0000000010416280     guideXOS.obj
 0005:00370288       __writableDataguideXOS_System_Func_5 0000000010416288     guideXOS.obj
 0005:00370290       __writableDataguideXOS_System_Func_5<String__Bool__UInt32__UInt32__Bool> 0000000010416290     guideXOS.obj
 0005:00370298       __writableDataguideXOS_System_MulticastDelegate 0000000010416298     guideXOS.obj
 0005:003702a0       __writableDataguideXOS_System_ValueType 00000000104162a0     guideXOS.obj
 0005:003702a8       __writableDataguideXOS__Module_ 00000000104162a8     guideXOS.obj
 0005:003702b0       __writableDataguideXOS_guideXOS_Animation 00000000104162b0     guideXOS.obj
 0005:003702b8       __writableDataguideXOS_guideXOS_Console 00000000104162b8     guideXOS.obj
 0005:003702c0       __writableDataguideXOS_guideXOS_Console_OnWriteHandler 00000000104162c0     guideXOS.obj
 0005:003702c8       __writableDataguideXOS_guideXOS_DefaultApps_Calculator 00000000104162c8     guideXOS.obj
 0005:003702d0       __writableDataguideXOS_guideXOS_DefaultApps_ComputerFiles 00000000104162d0     guideXOS.obj
 0005:003702d8       __writableDataguideXOS_guideXOS_DefaultApps_Devices 00000000104162d8     guideXOS.obj
 0005:003702e0       __writableDataguideXOS_guideXOS_DefaultApps_Devices_Row 00000000104162e0     guideXOS.obj
 0005:003702e8       __writableDataguideXOS_guideXOS_DefaultApps_DiskManager 00000000104162e8     guideXOS.obj
 0005:003702f0       __writableDataguideXOS_guideXOS_DefaultApps_DiskManager_DiskEntry 00000000104162f0     guideXOS.obj
 0005:003702f8       __writableDataguideXOS_guideXOS_DefaultApps_DiskManager_Part 00000000104162f8     guideXOS.obj
 0005:00370300       __writableDataguideXOS_guideXOS_DefaultApps_DiskManager___c__DisplayClass38_0 0000000010416300     guideXOS.obj
 0005:00370308       __writableDataguideXOS_guideXOS_DefaultApps_DiskManager___c__DisplayClass54_0 0000000010416308     guideXOS.obj
 0005:00370310       __writableDataguideXOS_guideXOS_DefaultApps_DriveInfo 0000000010416310     guideXOS.obj
 0005:00370318       __writableDataguideXOS_guideXOS_DefaultApps_FConsole 0000000010416318     guideXOS.obj
 0005:00370320       __writableDataguideXOS_guideXOS_DefaultApps_FirewallAlert 0000000010416320     guideXOS.obj
 0005:00370328       __writableDataguideXOS_guideXOS_DefaultApps_FirewallWindow 0000000010416328     guideXOS.obj
 0005:00370330       __writableDataguideXOS_guideXOS_DefaultApps_GUISamples 0000000010416330     guideXOS.obj
 0005:00370338       __writableDataguideXOS_guideXOS_DefaultApps_HDInstaller 0000000010416338     guideXOS.obj
 0005:00370340       __writableDataguideXOS_guideXOS_DefaultApps_HDInstaller_DiskInfo 0000000010416340     guideXOS.obj
 0005:00370348       __writableDataguideXOS_guideXOS_DefaultApps_IRCNetworks 0000000010416348     guideXOS.obj
 0005:00370350       __writableDataguideXOS_guideXOS_DefaultApps_IRCNetworks_Entry 0000000010416350     guideXOS.obj
 0005:00370358       __writableDataguideXOS_guideXOS_DefaultApps_Notepad 0000000010416358     guideXOS.obj
 0005:00370360       __writableDataguideXOS_guideXOS_DefaultApps_Notepad___c__DisplayClass24_0 0000000010416360     guideXOS.obj
 0005:00370368       __writableDataguideXOS_guideXOS_DefaultApps_Paint 0000000010416368     guideXOS.obj
 0005:00370370       __writableDataguideXOS_guideXOS_DefaultApps_PaintTool 0000000010416370     guideXOS.obj
 0005:00370378       __writableDataguideXOS_guideXOS_DefaultApps_TTFFontDemo 0000000010416378     guideXOS.obj
 0005:00370380       __writableDataguideXOS_guideXOS_DefaultApps_TaskManager 0000000010416380     guideXOS.obj
 0005:00370388       __writableDataguideXOS_guideXOS_DefaultApps_TaskManager_Chart 0000000010416388     guideXOS.obj
 0005:00370390       __writableDataguideXOS_guideXOS_DefaultApps_USBDrives 0000000010416390     guideXOS.obj
 0005:00370398       __writableDataguideXOS_guideXOS_DefaultApps_WebBrowser 0000000010416398     guideXOS.obj
 0005:003703a0       __writableDataguideXOS_guideXOS_DefaultApps_WebBrowser_BrowserTab 00000000104163a0     guideXOS.obj
 0005:003703a8       __writableDataguideXOS_guideXOS_DefaultApps_WebBrowser_RenderElement 00000000104163a8     guideXOS.obj
 0005:003703b0       __writableDataguideXOS_guideXOS_DefaultApps_Welcome 00000000104163b0     guideXOS.obj
 0005:003703b8       __writableDataguideXOS_guideXOS_DefaultApps_nexIRC 00000000104163b8     guideXOS.obj
 0005:003703c0       __writableDataguideXOS_guideXOS_DockableWidgets_Clock 00000000104163c0     guideXOS.obj
 0005:003703c8       __writableDataguideXOS_guideXOS_DockableWidgets_Monitor 00000000104163c8     guideXOS.obj
 0005:003703d0       __writableDataguideXOS_guideXOS_DockableWidgets_Monitor_Chart 00000000104163d0     guideXOS.obj
 0005:003703d8       __writableDataguideXOS_guideXOS_DockableWidgets_PerformanceWidget 00000000104163d8     guideXOS.obj
 0005:003703e0       __writableDataguideXOS_guideXOS_DockableWidgets_Uptime 00000000104163e0     guideXOS.obj
 0005:003703e8       __writableDataguideXOS_guideXOS_FS_AutoFS 00000000104163e8     guideXOS.obj
 0005:003703f0       __writableDataguideXOS_guideXOS_FS_CloudFS 00000000104163f0     guideXOS.obj
 0005:003703f8       __writableDataguideXOS_guideXOS_FS_Disk 00000000104163f8     guideXOS.obj
 0005:00370400       __writableDataguideXOS_guideXOS_FS_EXT2 0000000010416400     guideXOS.obj
 0005:00370408       __writableDataguideXOS_guideXOS_FS_EXT2_DirEnt 0000000010416408     guideXOS.obj
 0005:00370410       __writableDataguideXOS_guideXOS_FS_FAT 0000000010416410     guideXOS.obj
 0005:00370418       __writableDataguideXOS_guideXOS_FS_FAT___c__DisplayClass50_0 0000000010416418     guideXOS.obj
 0005:00370420       __writableDataguideXOS_guideXOS_FS_FAT___c__DisplayClass50_1 0000000010416420     guideXOS.obj
 0005:00370428       __writableDataguideXOS_guideXOS_FS_FAT___c__DisplayClass60_0 0000000010416428     guideXOS.obj
 0005:00370430       __writableDataguideXOS_guideXOS_FS_FileInfo 0000000010416430     guideXOS.obj
 0005:00370438       __writableDataguideXOS_guideXOS_FS_FileSystem 0000000010416438     guideXOS.obj
 0005:00370440       __writableDataguideXOS_guideXOS_FS_TarFS 0000000010416440     guideXOS.obj
 0005:00370448       __writableDataguideXOS_guideXOS_GUI_Base_WindowBase 0000000010416448     guideXOS.obj
 0005:00370450       __writableDataguideXOS_guideXOS_GUI_ColorPicker 0000000010416450     guideXOS.obj
 0005:00370458       __writableDataguideXOS_guideXOS_GUI_DisplayOptions 0000000010416458     guideXOS.obj
 0005:00370460       __writableDataguideXOS_guideXOS_GUI_DisplayOptions___c 0000000010416460     guideXOS.obj
 0005:00370468       __writableDataguideXOS_guideXOS_GUI_DockableWidget 0000000010416468     guideXOS.obj
 0005:00370470       __writableDataguideXOS_guideXOS_GUI_GXMScriptWindow 0000000010416470     guideXOS.obj
 0005:00370478       __writableDataguideXOS_guideXOS_GUI_GXMScriptWindow_Btn 0000000010416478     guideXOS.obj
 0005:00370480       __writableDataguideXOS_guideXOS_GUI_GXMScriptWindow_Callback 0000000010416480     guideXOS.obj
 0005:00370488       __writableDataguideXOS_guideXOS_GUI_GXMScriptWindow_DropdownDef 0000000010416488     guideXOS.obj
 0005:00370490       __writableDataguideXOS_guideXOS_GUI_GXMScriptWindow_Label 0000000010416490     guideXOS.obj
 0005:00370498       __writableDataguideXOS_guideXOS_GUI_GXMScriptWindow_ListViewDef 0000000010416498     guideXOS.obj
 0005:003704a0       __writableDataguideXOS_guideXOS_GUI_GXMScriptWindow_TextBoxDef 00000000104164a0     guideXOS.obj
 0005:003704a8       __writableDataguideXOS_guideXOS_GUI_IconsPrivate 00000000104164a8     guideXOS.obj
 0005:003704b0       __writableDataguideXOS_guideXOS_GUI_NetworkConfigurationDialog 00000000104164b0     guideXOS.obj
 0005:003704b8       __writableDataguideXOS_guideXOS_GUI_Notify 00000000104164b8     guideXOS.obj
 0005:003704c0       __writableDataguideXOS_guideXOS_GUI_OnScreenKeyboard 00000000104164c0     guideXOS.obj
 0005:003704c8       __writableDataguideXOS_guideXOS_GUI_OpenDialog 00000000104164c8     guideXOS.obj
 0005:003704d0       __writableDataguideXOS_guideXOS_GUI_PinnedManager_Pinned 00000000104164d0     guideXOS.obj
 0005:003704d8       __writableDataguideXOS_guideXOS_GUI_RecentDocumentEntry 00000000104164d8     guideXOS.obj
 0005:003704e0       __writableDataguideXOS_guideXOS_GUI_RecentProgramEntry 00000000104164e0     guideXOS.obj
 0005:003704e8       __writableDataguideXOS_guideXOS_GUI_RightMenu 00000000104164e8     guideXOS.obj
 0005:003704f0       __writableDataguideXOS_guideXOS_GUI_SaveChangesDialog 00000000104164f0     guideXOS.obj
 0005:003704f8       __writableDataguideXOS_guideXOS_GUI_SaveDialog 00000000104164f8     guideXOS.obj
 0005:00370500       __writableDataguideXOS_guideXOS_GUI_ShutdownDialog 0000000010416500     guideXOS.obj
 0005:00370508       __writableDataguideXOS_guideXOS_GUI_StartMenu 0000000010416508     guideXOS.obj
 0005:00370510       __writableDataguideXOS_guideXOS_GUI_StartMenu_AppEntry 0000000010416510     guideXOS.obj
 0005:00370518       __writableDataguideXOS_guideXOS_GUI_TaskbarMenu 0000000010416518     guideXOS.obj
 0005:00370520       __writableDataguideXOS_guideXOS_GUI_USBDrives 0000000010416520     guideXOS.obj
 0005:00370528       __writableDataguideXOS_guideXOS_GUI_USBDrives_Entry 0000000010416528     guideXOS.obj
 0005:00370530       __writableDataguideXOS_guideXOS_GUI_USBFiles 0000000010416530     guideXOS.obj
 0005:00370538       __writableDataguideXOS_guideXOS_GUI_VisualEffectsSettings 0000000010416538     guideXOS.obj
 0005:00370540       __writableDataguideXOS_guideXOS_GUI_WidgetContainer 0000000010416540     guideXOS.obj
 0005:00370548       __writableDataguideXOS_guideXOS_GUI_WidgetContextMenu 0000000010416548     guideXOS.obj
 0005:00370550       __writableDataguideXOS_guideXOS_GUI_WidgetToggleButton 0000000010416550     guideXOS.obj
 0005:00370558       __writableDataguideXOS_guideXOS_GUI_Widgets_Base_Widget 0000000010416558     guideXOS.obj
 0005:00370560       __writableDataguideXOS_guideXOS_GUI_Widgets_Button 0000000010416560     guideXOS.obj
 0005:00370568       __writableDataguideXOS_guideXOS_GUI_Window 0000000010416568     guideXOS.obj
 0005:00370570       __writableDataguideXOS_guideXOS_GUI_WindowEffectType 0000000010416570     guideXOS.obj
 0005:00370578       __writableDataguideXOS_guideXOS_GUI_WorkspaceSwitcher 0000000010416578     guideXOS.obj
 0005:00370580       __writableDataguideXOS_guideXOS_GUI_WorkspaceSwitcher_WindowSnapshot 0000000010416580     guideXOS.obj
 0005:00370588       __writableDataguideXOS_guideXOS_Graph_Graphics 0000000010416588     guideXOS.obj
 0005:00370590       __writableDataguideXOS_guideXOS_Kernel_Drivers_IDEDevice 0000000010416590     guideXOS.obj
 0005:00370598       __writableDataguideXOS_guideXOS_Kernel_Drivers_PCIDevice 0000000010416598     guideXOS.obj
 0005:003705a0       __writableDataguideXOS_guideXOS_Kernel_Drivers_Ramdisk 00000000104165a0     guideXOS.obj
 0005:003705a8       __writableDataguideXOS_guideXOS_Kernel_Drivers_Resolution 00000000104165a8     guideXOS.obj
 0005:003705b0       __writableDataguideXOS_guideXOS_Kernel_Drivers_SATA_SATADevice 00000000104165b0     guideXOS.obj
 0005:003705b8       __writableDataguideXOS_guideXOS_Kernel_Drivers_USBMSCBot_USBDisk 00000000104165b8     guideXOS.obj
 0005:003705c0       __writableDataguideXOS_guideXOS_Kernel_Drivers_VMWareSVGAII 00000000104165c0     guideXOS.obj
 0005:003705c8       __writableDataguideXOS_guideXOS_Misc_Bitmap 00000000104165c8     guideXOS.obj
 0005:003705d0       __writableDataguideXOS_guideXOS_Misc_IFont 00000000104165d0     guideXOS.obj
 0005:003705d8       __writableDataguideXOS_guideXOS_Misc_Interrupts_INT 00000000104165d8     guideXOS.obj
 0005:003705e0       __writableDataguideXOS_guideXOS_Misc_PNG 00000000104165e0     guideXOS.obj
 0005:003705e8       __writableDataguideXOS_guideXOS_Misc_SVG 00000000104165e8     guideXOS.obj
 0005:003705f0       __writableDataguideXOS_guideXOS_Misc_Thread 00000000104165f0     guideXOS.obj
 0005:003705f8       __writableDataguideXOS_guideXOS_Misc_TrueTypeFont 00000000104165f8     guideXOS.obj
 0005:00370600       __writableDataguideXOS_guideXOS_Misc_TrueTypeFont_GlyphOutline 0000000010416600     guideXOS.obj
 0005:00370608       __writableDataguideXOS_guideXOS_Misc_TrueTypeFont_Point 0000000010416608     guideXOS.obj
 0005:00370610       __writableDataguideXOS_guideXOS_Misc_TrueTypeFont_TableRecord 0000000010416610     guideXOS.obj
 0005:00370618       __writableDataguideXOS_guideXOS_Misc_USBDevice 0000000010416618     guideXOS.obj
 0005:00370620       __writableDataguideXOS_guideXOS_Modules_ModuleManager_ModuleEntry 0000000010416620     guideXOS.obj
 0005:00370628       __writableDataguideXOS_guideXOS_Modules_ModuleManager___c 0000000010416628     guideXOS.obj
 0005:00370630       __writableDataguideXOS_guideXOS_NETv4_ARPCache 0000000010416630     guideXOS.obj
 0005:00370638       __writableDataguideXOS_guideXOS_NETv4_TCPClient 0000000010416638     guideXOS.obj
 0005:00370640       __writableDataguideXOS_guideXOS_NETv4_UDPClient 0000000010416640     guideXOS.obj
 0005:00370648       __writableDataguideXOS_guideXOS_Network_Http_Header 0000000010416648     guideXOS.obj
 0005:00370650       __writableDataguideXOS_guideXOS_Network_Http_Request 0000000010416650     guideXOS.obj
 0005:00370658       __writableDataguideXOS_guideXOS_Network_Http_Response 0000000010416658     guideXOS.obj
 0005:00370660       __writableDataguideXOS_guideXOS_OS_FirewallMode 0000000010416660     guideXOS.obj
 0007:00000000       __Module                   000000001041c000     guideXOS.obj

 entry point at        0003:0001ddd4

 Static symbols

 0008:000000a0       $R000000                   000000001041d0a0     guideXOS.res
 0008:000002f0       $R000250                   000000001041d2f0     guideXOS.res
